  **** HLS Build v2024.2 5238294
INFO: [HLS 200-2005] Using work_dir D:/cse_462/fgpa_convolution_acceleration/filter/filter 
INFO: [HLS 200-1505] Using default flow_target 'vivado'
Resolution: For help on HLS 200-1505 see docs.xilinx.com/access/sources/dita/topic?Doc_Version=2024.2%20English&url=ug1448-hls-guidance&resourceid=200-1505.html
INFO: [HLS 200-1465] Applying ini 'syn.file=filter.cpp' from D:/cse_462/fgpa_convolution_acceleration/filter/hls_config.cfg(8)
INFO: [HLS 200-10] Adding design file 'D:/cse_462/fgpa_convolution_acceleration/filter/filter.cpp' to the project
INFO: [HLS 200-1465] Applying ini 'syn.top=filter_kernel' from D:/cse_462/fgpa_convolution_acceleration/filter/hls_config.cfg(7)
INFO: [HLS 200-1465] Applying ini 'flow_target=vivado' from D:/cse_462/fgpa_convolution_acceleration/filter/hls_config.cfg(4)
INFO: [HLS 200-1505] Using flow_target 'vivado'
Resolution: For help on HLS 200-1505 see docs.xilinx.com/access/sources/dita/topic?Doc_Version=2024.2%20English&url=ug1448-hls-guidance&resourceid=200-1505.html
INFO: [HLS 200-1465] Applying ini 'part=xc7z020clg400-1' from D:/cse_462/fgpa_convolution_acceleration/filter/hls_config.cfg(1)
INFO: [HLS 200-1611] Setting target device to 'xc7z020-clg400-1'
INFO: [HLS 200-1465] Applying ini 'package.output.format=ip_catalog' from D:/cse_462/fgpa_convolution_acceleration/filter/hls_config.cfg(5)
INFO: [HLS 200-111] Finished File checks and directory preparation: CPU user time: 1 seconds. CPU system time: 0 seconds. Elapsed time: 2.032 seconds; current allocated memory: 162.262 MB.
INFO: [HLS 200-10] Analyzing design file 'filter.cpp' ... 
INFO: [HLS 200-111] Finished Source Code Analysis and Preprocessing: CPU user time: 0 seconds. CPU system time: 0 seconds. Elapsed time: 4.186 seconds; current allocated memory: 165.477 MB.
INFO: [HLS 200-777] Using interface defaults for 'Vivado' flow target.
INFO: [HLS 200-1995] There were 556 instructions in the design after the 'Compile/Link' phase of compilation. See the Design Size Report for more details: D:/cse_462/fgpa_convolution_acceleration/filter/filter/hls/syn/report/csynth_design_size.rpt
INFO: [HLS 200-1995] There were 175 instructions in the design after the 'Unroll/Inline (step 1)' phase of compilation. See the Design Size Report for more details: D:/cse_462/fgpa_convolution_acceleration/filter/filter/hls/syn/report/csynth_design_size.rpt
INFO: [HLS 200-1995] There were 144 instructions in the design after the 'Unroll/Inline (step 2)' phase of compilation. See the Design Size Report for more details: D:/cse_462/fgpa_convolution_acceleration/filter/filter/hls/syn/report/csynth_design_size.rpt
INFO: [HLS 200-1995] There were 144 instructions in the design after the 'Unroll/Inline (step 3)' phase of compilation. See the Design Size Report for more details: D:/cse_462/fgpa_convolution_acceleration/filter/filter/hls/syn/report/csynth_design_size.rpt
INFO: [HLS 200-1995] There were 144 instructions in the design after the 'Unroll/Inline (step 4)' phase of compilation. See the Design Size Report for more details: D:/cse_462/fgpa_convolution_acceleration/filter/filter/hls/syn/report/csynth_design_size.rpt
INFO: [HLS 200-1995] There were 92 instructions in the design after the 'Array/Struct (step 1)' phase of compilation. See the Design Size Report for more details: D:/cse_462/fgpa_convolution_acceleration/filter/filter/hls/syn/report/csynth_design_size.rpt
INFO: [HLS 200-1995] There were 92 instructions in the design after the 'Array/Struct (step 2)' phase of compilation. See the Design Size Report for more details: D:/cse_462/fgpa_convolution_acceleration/filter/filter/hls/syn/report/csynth_design_size.rpt
INFO: [HLS 200-1995] There were 92 instructions in the design after the 'Array/Struct (step 3)' phase of compilation. See the Design Size Report for more details: D:/cse_462/fgpa_convolution_acceleration/filter/filter/hls/syn/report/csynth_design_size.rpt
INFO: [HLS 200-1995] There were 92 instructions in the design after the 'Array/Struct (step 4)' phase of compilation. See the Design Size Report for more details: D:/cse_462/fgpa_convolution_acceleration/filter/filter/hls/syn/report/csynth_design_size.rpt
INFO: [HLS 200-1995] There were 88 instructions in the design after the 'Array/Struct (step 5)' phase of compilation. See the Design Size Report for more details: D:/cse_462/fgpa_convolution_acceleration/filter/filter/hls/syn/report/csynth_design_size.rpt
INFO: [HLS 200-1995] There were 75 instructions in the design after the 'Performance (step 1)' phase of compilation. See the Design Size Report for more details: D:/cse_462/fgpa_convolution_acceleration/filter/filter/hls/syn/report/csynth_design_size.rpt
INFO: [HLS 200-1995] There were 75 instructions in the design after the 'Performance (step 2)' phase of compilation. See the Design Size Report for more details: D:/cse_462/fgpa_convolution_acceleration/filter/filter/hls/syn/report/csynth_design_size.rpt
INFO: [HLS 200-1995] There were 59 instructions in the design after the 'Performance (step 3)' phase of compilation. See the Design Size Report for more details: D:/cse_462/fgpa_convolution_acceleration/filter/filter/hls/syn/report/csynth_design_size.rpt
INFO: [HLS 200-1995] There were 59 instructions in the design after the 'Performance (step 4)' phase of compilation. See the Design Size Report for more details: D:/cse_462/fgpa_convolution_acceleration/filter/filter/hls/syn/report/csynth_design_size.rpt
INFO: [HLS 200-1995] There were 63 instructions in the design after the 'HW Transforms (step 1)' phase of compilation. See the Design Size Report for more details: D:/cse_462/fgpa_convolution_acceleration/filter/filter/hls/syn/report/csynth_design_size.rpt
INFO: [HLS 200-1995] There were 63 instructions in the design after the 'HW Transforms (step 2)' phase of compilation. See the Design Size Report for more details: D:/cse_462/fgpa_convolution_acceleration/filter/filter/hls/syn/report/csynth_design_size.rpt
INFO: [HLS 214-131] Inlining function 'store(hls::axis<ap_int<32>, 0ul, 0ul, 0ul, (unsigned char)56, false>&, int, int, ap_uint<8> (*) [1920][3])' into 'filter_kernel(int, int, int, int (*) [3], hls::stream<hls::axis<ap_int<32>, 0ul, 0ul, 0ul, (unsigned char)56, false>, 0>&, hls::stream<hls::axis<ap_int<32>, 0ul, 0ul, 0ul, (unsigned char)56, false>, 0>&)' (filter.cpp:118:13)
INFO: [HLS 214-291] Loop 'VITIS_LOOP_91_3' is marked as complete unroll implied by the pipeline pragma (filter.cpp:91:19)
INFO: [HLS 214-186] Unrolling loop 'VITIS_LOOP_87_1' (filter.cpp:87:19) in function 'filter_kernel' completely with a factor of 3 (filter.cpp:61:0)
INFO: [HLS 214-186] Unrolling loop 'VITIS_LOOP_91_3' (filter.cpp:91:19) in function 'filter_kernel' completely with a factor of 3 (filter.cpp:61:0)
INFO: [HLS 200-111] Finished Compiling Optimization and Transform: CPU user time: 1 seconds. CPU system time: 0 seconds. Elapsed time: 9.036 seconds; current allocated memory: 167.289 MB.
INFO: [HLS 200-111] Finished Checking Pragmas: CPU user time: 0 seconds. CPU system time: 0 seconds. Elapsed time: 0.002 seconds; current allocated memory: 167.289 MB.
INFO: [HLS 200-10] Starting code transformations ...
INFO: [HLS 200-111] Finished Standard Transforms: CPU user time: 0 seconds. CPU system time: 0 seconds. Elapsed time: 0.032 seconds; current allocated memory: 171.449 MB.
INFO: [HLS 200-10] Checking synthesizability ...
INFO: [HLS 200-111] Finished Checking Synthesizability: CPU user time: 0 seconds. CPU system time: 0 seconds. Elapsed time: 0.021 seconds; current allocated memory: 173.031 MB.
INFO: [HLS 200-111] Finished Loop, function and other optimizations: CPU user time: 0 seconds. CPU system time: 0 seconds. Elapsed time: 0.048 seconds; current allocated memory: 193.504 MB.
INFO: [HLS 200-2061] Successfully converted nested loops 'VITIS_LOOP_108_7'(filter.cpp:108:23) and 'VITIS_LOOP_109_8'(filter.cpp:109:27) in function 'filter_kernel' into perfectly nested loops.
INFO: [XFORM 203-541] Flattening a loop nest 'VITIS_LOOP_108_7' (filter.cpp:108:23) in function 'filter_kernel'.
INFO: [HLS 200-111] Finished Architecture Synthesis: CPU user time: 0 seconds. CPU system time: 0 seconds. Elapsed time: 0.058 seconds; current allocated memory: 197.133 MB.
INFO: [HLS 200-10] Starting hardware synthesis ...
INFO: [HLS 200-10] Synthesizing 'filter_kernel' ...
INFO: [SYN 201-201] Setting up clock 'default' with a period of 10ns.
INFO: [HLS 200-10] ----------------------------------------------------------------
INFO: [HLS 200-42] -- Implementing module 'filter_kernel_Pipeline_VITIS_LOOP_108_7_VITIS_LOOP_109_8' 
INFO: [HLS 200-10] ----------------------------------------------------------------
INFO: [SCHED 204-11] Starting scheduling ...
INFO: [SCHED 204-61] Pipelining loop 'VITIS_LOOP_108_7_VITIS_LOOP_109_8'.
INFO: [HLS 200-1470] Pipelining result : Target II = NA, Final II = 1, Depth = 3, loop 'VITIS_LOOP_108_7_VITIS_LOOP_109_8'
INFO: [SCHED 204-11] Finished scheduling.
INFO: [HLS 200-111] Finished Scheduling: CPU user time: 0 seconds. CPU system time: 0 seconds. Elapsed time: 0.148 seconds; current allocated memory: 200.590 MB.
INFO: [BIND 205-100] Starting micro-architecture generation ...
INFO: [BIND 205-101] Performing variable lifetime analysis.
INFO: [BIND 205-101] Exploring resource sharing.
INFO: [BIND 205-101] Binding ...
INFO: [BIND 205-100] Finished micro-architecture generation.
INFO: [HLS 200-111] Finished Binding: CPU user time: 0 seconds. CPU system time: 0 seconds. Elapsed time: 0.043 seconds; current allocated memory: 201.672 MB.
INFO: [HLS 200-10] ----------------------------------------------------------------
INFO: [HLS 200-42] -- Implementing module 'filter_kernel' 
INFO: [HLS 200-10] ----------------------------------------------------------------
INFO: [SCHED 204-11] Starting scheduling ...
INFO: [SCHED 204-11] Finished scheduling.
INFO: [HLS 200-111] Finished Scheduling: CPU user time: 0 seconds. CPU system time: 0 seconds. Elapsed time: 0.049 seconds; current allocated memory: 201.777 MB.
INFO: [BIND 205-100] Starting micro-architecture generation ...
INFO: [BIND 205-101] Performing variable lifetime analysis.
INFO: [BIND 205-101] Exploring resource sharing.
INFO: [BIND 205-101] Binding ...
INFO: [BIND 205-100] Finished micro-architecture generation.
INFO: [HLS 200-111] Finished Binding: CPU user time: 0 seconds. CPU system time: 0 seconds. Elapsed time: 1.529 seconds; current allocated memory: 201.855 MB.
INFO: [HLS 200-10] ----------------------------------------------------------------
INFO: [HLS 200-10] -- Generating RTL for module 'filter_kernel_Pipeline_VITIS_LOOP_108_7_VITIS_LOOP_109_8' 
INFO: [HLS 200-10] ----------------------------------------------------------------
INFO: [HLS 200-1030] Apply Unified Pipeline Control on module 'filter_kernel_Pipeline_VITIS_LOOP_108_7_VITIS_LOOP_109_8' pipeline 'VITIS_LOOP_108_7_VITIS_LOOP_109_8' pipeline type 'loop pipeline'
INFO: [RTGEN 206-100] Finished creating RTL model for 'filter_kernel_Pipeline_VITIS_LOOP_108_7_VITIS_LOOP_109_8'.
INFO: [HLS 200-111] Finished Creating RTL model: CPU user time: 0 seconds. CPU system time: 0 seconds. Elapsed time: 0.052 seconds; current allocated memory: 203.355 MB.
INFO: [HLS 200-10] ----------------------------------------------------------------
INFO: [HLS 200-10] -- Generating RTL for module 'filter_kernel' 
INFO: [HLS 200-10] ----------------------------------------------------------------
WARNING: [RTGEN 206-101] Design contains AXI ports. Reset is fixed to synchronous and active low.
INFO: [RTGEN 206-500] Setting interface mode on port 'filter_kernel/image_width' to 's_axilite & ap_none' (register).
INFO: [RTGEN 206-500] Setting interface mode on port 'filter_kernel/image_height' to 's_axilite & ap_none' (register).
INFO: [RTGEN 206-500] Setting interface mode on port 'filter_kernel/kernel_factor' to 's_axilite & ap_none' (register).
INFO: [RTGEN 206-500] Setting interface mode on port 'filter_kernel/kernel' to 's_axilite & ap_memory'.
INFO: [RTGEN 206-500] Setting interface mode on port 'filter_kernel/input_stream_V_data_V' to 'axis' (register, both mode).
INFO: [RTGEN 206-500] Setting interface mode on port 'filter_kernel/input_stream_V_keep_V' to 'axis' (register, both mode).
INFO: [RTGEN 206-500] Setting interface mode on port 'filter_kernel/input_stream_V_strb_V' to 'axis' (register, both mode).
INFO: [RTGEN 206-500] Setting interface mode on port 'filter_kernel/input_stream_V_last_V' to 'axis' (register, both mode).
INFO: [RTGEN 206-500] Setting interface mode on port 'filter_kernel/output_stream_V_data_V' to 'axis' (register, both mode).
INFO: [RTGEN 206-500] Setting interface mode on port 'filter_kernel/output_stream_V_keep_V' to 'axis' (register, both mode).
INFO: [RTGEN 206-500] Setting interface mode on port 'filter_kernel/output_stream_V_strb_V' to 'axis' (register, both mode).
INFO: [RTGEN 206-500] Setting interface mode on port 'filter_kernel/output_stream_V_last_V' to 'axis' (register, both mode).
INFO: [RTGEN 206-500] Setting interface mode on function 'filter_kernel' to 's_axilite & ap_ctrl_hs'.
INFO: [RTGEN 206-100] Bundling port 'image_width', 'image_height', 'kernel_factor', 'kernel' to AXI-Lite port control.
INFO: [RTGEN 206-100] Generating core module 'mul_31ns_31ns_62_2_1': 1 instance(s).
INFO: [RTGEN 206-100] Finished creating RTL model for 'filter_kernel'.
INFO: [HLS 200-111] Finished Creating RTL model: CPU user time: 0 seconds. CPU system time: 0 seconds. Elapsed time: 0.26 seconds; current allocated memory: 205.203 MB.
INFO: [HLS 200-111] Finished Generating all RTL models: CPU user time: 0 seconds. CPU system time: 0 seconds. Elapsed time: 0.289 seconds; current allocated memory: 209.023 MB.
INFO: [HLS 200-111] Finished Updating report files: CPU user time: 0 seconds. CPU system time: 1 seconds. Elapsed time: 0.524 seconds; current allocated memory: 212.996 MB.
INFO: [VHDL 208-304] Generating VHDL RTL for filter_kernel.
INFO: [VLOG 209-307] Generating Verilog RTL for filter_kernel.
INFO: [HLS 200-790] **** Loop Constraint Status: All loop constraints were satisfied.
INFO: [HLS 200-789] **** Estimated Fmax: 144.68 MHz
INFO: [HLS 200-112] Total CPU user time: 2 seconds. Total CPU system time: 1 seconds. Total elapsed time: 18.416 seconds; peak allocated memory: 213.094 MB.
INFO: [v++ 60-791] Total elapsed time: 0h 0m 23s
