03/19/25 23:02:19: Running xcd server. This server was built by gradle.
03/19/25 23:02:19: Server was asked to start on port: '61215'
03/19/25 23:02:19: Server is using token UUID: '2b4758bf-4492-4268-a4b4-eb53543f5f68'
03/19/25 23:02:19: SESSION_MGR: creating session with session uuid: '6d04a3e9-ade5-4ab9-8d63-1f78fcd2ec76' and name 'default'
03/19/25 23:02:19: Attempting to start server on port '61215'
03/19/25 23:02:19: Running Dispatch Server
03/19/25 23:02:19: Version 2.2.0
03/19/25 23:02:21: Dispatch Server: Accepted socket connection from client
03/19/25 23:02:21: Starting Socket connection
03/19/25 23:02:21: EXCHANGE_TOKEN received, server token: 2b4758bf-4492-4268-a4b4-eb53543f5f68, passed token: 2b4758bf-4492-4268-a4b4-eb53543f5f68
03/19/25 23:02:21: DISPATCH_HANDLER: Adding handler from function makeHandler in library xv_system_diagram
03/19/25 23:02:21: SESSION_MGR: creating session with session uuid: 'a19149f5-c640-4fb4-b089-792b5623f857' and name 'v++_compile_filter'
03/19/25 23:02:21: KERNEL_SVC: creating session with uuid: 'a19149f5-c640-4fb4-b089-792b5623f857' and name 'v++_compile_filter'
03/19/25 23:02:21: GUIDANCE_SMGR: creating guidance session with uuid: 'a19149f5-c640-4fb4-b089-792b5623f857' and name 'v++_compile_filter'
03/19/25 23:02:21: SYSTEM_DIAGRAM: creating session with uuid: 'a19149f5-c640-4fb4-b089-792b5623f857' and name 'v++_compile_filter'
03/19/25 23:02:25: Dispatch Server: Accepted socket connection from client
03/19/25 23:02:25: Starting Socket connection
03/19/25 23:02:51: SESSION_MGR: closing session for UUID 'a19149f5-c640-4fb4-b089-792b5623f857' with name 'v++_compile_filter'
03/19/25 23:02:51: KERNEL_SVC: closing session for UUID 'a19149f5-c640-4fb4-b089-792b5623f857' with name 'v++_compile_filter'
03/19/25 23:02:51: GUIDANCE_SMGR: closing session for UUID 'a19149f5-c640-4fb4-b089-792b5623f857' with name 'v++_compile_filter'
03/19/25 23:02:51: SYSTEM_DIAGRAM: closing session for UUID 'a19149f5-c640-4fb4-b089-792b5623f857' with name 'v++_compile_filter'
03/19/25 23:02:51: STOP_SERVER received, server token: 2b4758bf-4492-4268-a4b4-eb53543f5f68, passed token: 2b4758bf-4492-4268-a4b4-eb53543f5f68
03/19/25 23:02:51: Socket received request to stop server.
03/19/25 23:02:51: Dispatch Server: do_await_stop
03/19/25 23:02:51: SERVER: destructor for server bound to port 61215
03/19/25 23:04:06: Running xcd server. This server was built by gradle.
03/19/25 23:04:06: Server was asked to start on port: '61265'
03/19/25 23:04:06: Server is using token UUID: 'c984d259-9c51-4d36-ba39-1e495ef9e076'
03/19/25 23:04:06: SESSION_MGR: creating session with session uuid: '6d04a3e9-ade5-4ab9-8d63-1f78fcd2ec76' and name 'default'
03/19/25 23:04:06: Attempting to start server on port '61265'
03/19/25 23:04:06: Running Dispatch Server
03/19/25 23:04:06: Version 2.2.0
03/19/25 23:04:07: Dispatch Server: Accepted socket connection from client
03/19/25 23:04:07: Starting Socket connection
03/19/25 23:04:07: EXCHANGE_TOKEN received, server token: c984d259-9c51-4d36-ba39-1e495ef9e076, passed token: c984d259-9c51-4d36-ba39-1e495ef9e076
03/19/25 23:04:08: DISPATCH_HANDLER: Adding handler from function makeHandler in library xv_system_diagram
03/19/25 23:04:08: SESSION_MGR: creating session with session uuid: 'f8c0479f-fe09-423f-8247-694107e9f2b6' and name 'vitis-run_compile_filter'
03/19/25 23:04:08: KERNEL_SVC: creating session with uuid: 'f8c0479f-fe09-423f-8247-694107e9f2b6' and name 'vitis-run_compile_filter'
03/19/25 23:04:08: GUIDANCE_SMGR: creating guidance session with uuid: 'f8c0479f-fe09-423f-8247-694107e9f2b6' and name 'vitis-run_compile_filter'
03/19/25 23:04:08: SYSTEM_DIAGRAM: creating session with uuid: 'f8c0479f-fe09-423f-8247-694107e9f2b6' and name 'vitis-run_compile_filter'
03/19/25 23:04:12: Dispatch Server: Accepted socket connection from client
03/19/25 23:04:12: Starting Socket connection
03/19/25 23:04:39: SESSION_MGR: closing session for UUID 'f8c0479f-fe09-423f-8247-694107e9f2b6' with name 'vitis-run_compile_filter'
03/19/25 23:04:39: KERNEL_SVC: closing session for UUID 'f8c0479f-fe09-423f-8247-694107e9f2b6' with name 'vitis-run_compile_filter'
03/19/25 23:04:39: GUIDANCE_SMGR: closing session for UUID 'f8c0479f-fe09-423f-8247-694107e9f2b6' with name 'vitis-run_compile_filter'
03/19/25 23:04:39: SYSTEM_DIAGRAM: closing session for UUID 'f8c0479f-fe09-423f-8247-694107e9f2b6' with name 'vitis-run_compile_filter'
03/19/25 23:04:39: STOP_SERVER received, server token: c984d259-9c51-4d36-ba39-1e495ef9e076, passed token: c984d259-9c51-4d36-ba39-1e495ef9e076
03/19/25 23:04:39: Socket received request to stop server.
03/19/25 23:04:39: Dispatch Server: do_await_stop
03/19/25 23:04:39: SERVER: destructor for server bound to port 61265
