Execute     source -notrace -encoding utf-8 C:/Xilinx/Vitis/2024.2/tps/tcl/tcl8.6/clock.tcl 
Execute       source -encoding utf-8 C:/Xilinx/Vitis/2024.2/tps/tcl/tcl8/8.5/msgcat-1.6.1.tm 
Execute         source C:/Xilinx/Vitis/2024.2/tps/tcl/tcllib1.11.1/amazon-s3/pkgIndex.tcl 
Execute         source C:/Xilinx/Vitis/2024.2/tps/tcl/tcllib1.11.1/asn/pkgIndex.tcl 
Execute         source C:/Xilinx/Vitis/2024.2/tps/tcl/tcllib1.11.1/base32/pkgIndex.tcl 
Execute         source C:/Xilinx/Vitis/2024.2/tps/tcl/tcllib1.11.1/base64/pkgIndex.tcl 
Execute         source C:/Xilinx/Vitis/2024.2/tps/tcl/tcllib1.11.1/bee/pkgIndex.tcl 
Execute         source C:/Xilinx/Vitis/2024.2/tps/tcl/tcllib1.11.1/bench/pkgIndex.tcl 
Execute         source C:/Xilinx/Vitis/2024.2/tps/tcl/tcllib1.11.1/bibtex/pkgIndex.tcl 
Execute         source C:/Xilinx/Vitis/2024.2/tps/tcl/tcllib1.11.1/cache/pkgIndex.tcl 
Execute         source C:/Xilinx/Vitis/2024.2/tps/tcl/tcllib1.11.1/cmdline/pkgIndex.tcl 
Execute         source C:/Xilinx/Vitis/2024.2/tps/tcl/tcllib1.11.1/comm/pkgIndex.tcl 
Execute         source C:/Xilinx/Vitis/2024.2/tps/tcl/tcllib1.11.1/control/pkgIndex.tcl 
Execute         source C:/Xilinx/Vitis/2024.2/tps/tcl/tcllib1.11.1/counter/pkgIndex.tcl 
Execute         source C:/Xilinx/Vitis/2024.2/tps/tcl/tcllib1.11.1/crc/pkgIndex.tcl 
Execute         source C:/Xilinx/Vitis/2024.2/tps/tcl/tcllib1.11.1/csv/pkgIndex.tcl 
Execute         source C:/Xilinx/Vitis/2024.2/tps/tcl/tcllib1.11.1/dns/pkgIndex.tcl 
Execute         source C:/Xilinx/Vitis/2024.2/tps/tcl/tcllib1.11.1/docstrip/pkgIndex.tcl 
Execute         source C:/Xilinx/Vitis/2024.2/tps/tcl/tcllib1.11.1/doctools/pkgIndex.tcl 
Execute         source C:/Xilinx/Vitis/2024.2/tps/tcl/tcllib1.11.1/exif/pkgIndex.tcl 
Execute         source C:/Xilinx/Vitis/2024.2/tps/tcl/tcllib1.11.1/fileutil/pkgIndex.tcl 
Execute         source C:/Xilinx/Vitis/2024.2/tps/tcl/tcllib1.11.1/ftp/pkgIndex.tcl 
Execute         source C:/Xilinx/Vitis/2024.2/tps/tcl/tcllib1.11.1/ftpd/pkgIndex.tcl 
Execute         source C:/Xilinx/Vitis/2024.2/tps/tcl/tcllib1.11.1/fumagic/pkgIndex.tcl 
Execute         source C:/Xilinx/Vitis/2024.2/tps/tcl/tcllib1.11.1/grammar_fa/pkgIndex.tcl 
Execute         source C:/Xilinx/Vitis/2024.2/tps/tcl/tcllib1.11.1/grammar_me/pkgIndex.tcl 
Execute         source C:/Xilinx/Vitis/2024.2/tps/tcl/tcllib1.11.1/grammar_peg/pkgIndex.tcl 
Execute         source C:/Xilinx/Vitis/2024.2/tps/tcl/tcllib1.11.1/html/pkgIndex.tcl 
Execute         source C:/Xilinx/Vitis/2024.2/tps/tcl/tcllib1.11.1/htmlparse/pkgIndex.tcl 
Execute         source C:/Xilinx/Vitis/2024.2/tps/tcl/tcllib1.11.1/http/pkgIndex.tcl 
Execute         source C:/Xilinx/Vitis/2024.2/tps/tcl/tcllib1.11.1/ident/pkgIndex.tcl 
Execute         source C:/Xilinx/Vitis/2024.2/tps/tcl/tcllib1.11.1/inifile/pkgIndex.tcl 
Execute         source C:/Xilinx/Vitis/2024.2/tps/tcl/tcllib1.11.1/interp/pkgIndex.tcl 
Execute         source C:/Xilinx/Vitis/2024.2/tps/tcl/tcllib1.11.1/irc/pkgIndex.tcl 
Execute         source C:/Xilinx/Vitis/2024.2/tps/tcl/tcllib1.11.1/javascript/pkgIndex.tcl 
Execute         source C:/Xilinx/Vitis/2024.2/tps/tcl/tcllib1.11.1/jpeg/pkgIndex.tcl 
Execute         source C:/Xilinx/Vitis/2024.2/tps/tcl/tcllib1.11.1/json/pkgIndex.tcl 
Execute         source C:/Xilinx/Vitis/2024.2/tps/tcl/tcllib1.11.1/ldap/pkgIndex.tcl 
Execute         source C:/Xilinx/Vitis/2024.2/tps/tcl/tcllib1.11.1/log/pkgIndex.tcl 
Execute         source C:/Xilinx/Vitis/2024.2/tps/tcl/tcllib1.11.1/map/pkgIndex.tcl 
Execute         source C:/Xilinx/Vitis/2024.2/tps/tcl/tcllib1.11.1/mapproj/pkgIndex.tcl 
Execute         source C:/Xilinx/Vitis/2024.2/tps/tcl/tcllib1.11.1/math/pkgIndex.tcl 
Execute         source C:/Xilinx/Vitis/2024.2/tps/tcl/tcllib1.11.1/md4/pkgIndex.tcl 
Execute         source C:/Xilinx/Vitis/2024.2/tps/tcl/tcllib1.11.1/md5/pkgIndex.tcl 
Execute         source C:/Xilinx/Vitis/2024.2/tps/tcl/tcllib1.11.1/md5crypt/pkgIndex.tcl 
Execute         source C:/Xilinx/Vitis/2024.2/tps/tcl/tcllib1.11.1/mime/pkgIndex.tcl 
Execute         source C:/Xilinx/Vitis/2024.2/tps/tcl/tcllib1.11.1/multiplexer/pkgIndex.tcl 
Execute         source C:/Xilinx/Vitis/2024.2/tps/tcl/tcllib1.11.1/ncgi/pkgIndex.tcl 
Execute         source C:/Xilinx/Vitis/2024.2/tps/tcl/tcllib1.11.1/nmea/pkgIndex.tcl 
Execute         source C:/Xilinx/Vitis/2024.2/tps/tcl/tcllib1.11.1/nns/pkgIndex.tcl 
Execute         source C:/Xilinx/Vitis/2024.2/tps/tcl/tcllib1.11.1/nntp/pkgIndex.tcl 
Execute         source C:/Xilinx/Vitis/2024.2/tps/tcl/tcllib1.11.1/ntp/pkgIndex.tcl 
Execute         source C:/Xilinx/Vitis/2024.2/tps/tcl/tcllib1.11.1/otp/pkgIndex.tcl 
Execute         source C:/Xilinx/Vitis/2024.2/tps/tcl/tcllib1.11.1/page/pkgIndex.tcl 
Execute         source C:/Xilinx/Vitis/2024.2/tps/tcl/tcllib1.11.1/pluginmgr/pkgIndex.tcl 
Execute         source C:/Xilinx/Vitis/2024.2/tps/tcl/tcllib1.11.1/png/pkgIndex.tcl 
Execute         source C:/Xilinx/Vitis/2024.2/tps/tcl/tcllib1.11.1/pop3/pkgIndex.tcl 
Execute         source C:/Xilinx/Vitis/2024.2/tps/tcl/tcllib1.11.1/pop3d/pkgIndex.tcl 
Execute         source C:/Xilinx/Vitis/2024.2/tps/tcl/tcllib1.11.1/profiler/pkgIndex.tcl 
Execute         source C:/Xilinx/Vitis/2024.2/tps/tcl/tcllib1.11.1/rcs/pkgIndex.tcl 
Execute         source C:/Xilinx/Vitis/2024.2/tps/tcl/tcllib1.11.1/report/pkgIndex.tcl 
Execute         source C:/Xilinx/Vitis/2024.2/tps/tcl/tcllib1.11.1/ripemd/pkgIndex.tcl 
Execute         source C:/Xilinx/Vitis/2024.2/tps/tcl/tcllib1.11.1/sasl/pkgIndex.tcl 
Execute         source C:/Xilinx/Vitis/2024.2/tps/tcl/tcllib1.11.1/sha1/pkgIndex.tcl 
Execute         source C:/Xilinx/Vitis/2024.2/tps/tcl/tcllib1.11.1/simulation/pkgIndex.tcl 
Execute         source C:/Xilinx/Vitis/2024.2/tps/tcl/tcllib1.11.1/smtpd/pkgIndex.tcl 
Execute         source C:/Xilinx/Vitis/2024.2/tps/tcl/tcllib1.11.1/snit/pkgIndex.tcl 
Execute         source C:/Xilinx/Vitis/2024.2/tps/tcl/tcllib1.11.1/soundex/pkgIndex.tcl 
Execute         source C:/Xilinx/Vitis/2024.2/tps/tcl/tcllib1.11.1/stooop/pkgIndex.tcl 
Execute         source C:/Xilinx/Vitis/2024.2/tps/tcl/tcllib1.11.1/stringprep/pkgIndex.tcl 
Execute         source C:/Xilinx/Vitis/2024.2/tps/tcl/tcllib1.11.1/struct/pkgIndex.tcl 
Execute         source C:/Xilinx/Vitis/2024.2/tps/tcl/tcllib1.11.1/tar/pkgIndex.tcl 
Execute         source C:/Xilinx/Vitis/2024.2/tps/tcl/tcllib1.11.1/term/pkgIndex.tcl 
Execute         source C:/Xilinx/Vitis/2024.2/tps/tcl/tcllib1.11.1/textutil/pkgIndex.tcl 
Execute         source C:/Xilinx/Vitis/2024.2/tps/tcl/tcllib1.11.1/tie/pkgIndex.tcl 
Execute         source C:/Xilinx/Vitis/2024.2/tps/tcl/tcllib1.11.1/tiff/pkgIndex.tcl 
Execute         source C:/Xilinx/Vitis/2024.2/tps/tcl/tcllib1.11.1/transfer/pkgIndex.tcl 
Execute         source C:/Xilinx/Vitis/2024.2/tps/tcl/tcllib1.11.1/treeql/pkgIndex.tcl 
Execute         source C:/Xilinx/Vitis/2024.2/tps/tcl/tcllib1.11.1/try/pkgIndex.tcl 
Execute         source C:/Xilinx/Vitis/2024.2/tps/tcl/tcllib1.11.1/uev/pkgIndex.tcl 
Execute         source C:/Xilinx/Vitis/2024.2/tps/tcl/tcllib1.11.1/units/pkgIndex.tcl 
Execute         source C:/Xilinx/Vitis/2024.2/tps/tcl/tcllib1.11.1/uri/pkgIndex.tcl 
Execute         source C:/Xilinx/Vitis/2024.2/tps/tcl/tcllib1.11.1/uuid/pkgIndex.tcl 
Execute         source C:/Xilinx/Vitis/2024.2/tps/tcl/tcllib1.11.1/wip/pkgIndex.tcl 
Execute         source C:/Xilinx/Vitis/2024.2/tps/tcl/tcllib1.11.1/yaml/pkgIndex.tcl 
Execute         source C:/Xilinx/Vitis/2024.2/tps/tcl/tcllib1.11.1/pkgIndex.tcl 
Execute         source C:/Xilinx/Vitis/2024.2/tps/tcl/tk8.6/pkgIndex.tcl 
Execute         source C:/Xilinx/Vitis/2024.2/tps/tcl/tcl8.6/http1.0/pkgIndex.tcl 
Execute         source C:/Xilinx/Vitis/2024.2/tps/tcl/tcl8.6/opt0.4/pkgIndex.tcl 
Execute         source C:/Xilinx/Vitis/2024.2/tps/tcl/tcl8.6/pkgs/win/thread2.8.7/pkgIndex.tcl 
Execute       source C:/Xilinx/Vitis/2024.2/tps/tcl/tcllib1.11.1/amazon-s3/pkgIndex.tcl 
Execute       source C:/Xilinx/Vitis/2024.2/tps/tcl/tcllib1.11.1/asn/pkgIndex.tcl 
Execute       source C:/Xilinx/Vitis/2024.2/tps/tcl/tcllib1.11.1/base32/pkgIndex.tcl 
Execute       source C:/Xilinx/Vitis/2024.2/tps/tcl/tcllib1.11.1/base64/pkgIndex.tcl 
Execute       source C:/Xilinx/Vitis/2024.2/tps/tcl/tcllib1.11.1/bee/pkgIndex.tcl 
Execute       source C:/Xilinx/Vitis/2024.2/tps/tcl/tcllib1.11.1/bench/pkgIndex.tcl 
Execute       source C:/Xilinx/Vitis/2024.2/tps/tcl/tcllib1.11.1/bibtex/pkgIndex.tcl 
Execute       source C:/Xilinx/Vitis/2024.2/tps/tcl/tcllib1.11.1/cache/pkgIndex.tcl 
Execute       source C:/Xilinx/Vitis/2024.2/tps/tcl/tcllib1.11.1/cmdline/pkgIndex.tcl 
Execute       source C:/Xilinx/Vitis/2024.2/tps/tcl/tcllib1.11.1/comm/pkgIndex.tcl 
Execute       source C:/Xilinx/Vitis/2024.2/tps/tcl/tcllib1.11.1/control/pkgIndex.tcl 
Execute       source C:/Xilinx/Vitis/2024.2/tps/tcl/tcllib1.11.1/counter/pkgIndex.tcl 
Execute       source C:/Xilinx/Vitis/2024.2/tps/tcl/tcllib1.11.1/crc/pkgIndex.tcl 
Execute       source C:/Xilinx/Vitis/2024.2/tps/tcl/tcllib1.11.1/csv/pkgIndex.tcl 
Execute       source C:/Xilinx/Vitis/2024.2/tps/tcl/tcllib1.11.1/dns/pkgIndex.tcl 
Execute       source C:/Xilinx/Vitis/2024.2/tps/tcl/tcllib1.11.1/docstrip/pkgIndex.tcl 
Execute       source C:/Xilinx/Vitis/2024.2/tps/tcl/tcllib1.11.1/doctools/pkgIndex.tcl 
Execute       source C:/Xilinx/Vitis/2024.2/tps/tcl/tcllib1.11.1/exif/pkgIndex.tcl 
Execute       source C:/Xilinx/Vitis/2024.2/tps/tcl/tcllib1.11.1/fileutil/pkgIndex.tcl 
Execute       source C:/Xilinx/Vitis/2024.2/tps/tcl/tcllib1.11.1/ftp/pkgIndex.tcl 
Execute       source C:/Xilinx/Vitis/2024.2/tps/tcl/tcllib1.11.1/ftpd/pkgIndex.tcl 
Execute       source C:/Xilinx/Vitis/2024.2/tps/tcl/tcllib1.11.1/fumagic/pkgIndex.tcl 
Execute       source C:/Xilinx/Vitis/2024.2/tps/tcl/tcllib1.11.1/grammar_fa/pkgIndex.tcl 
Execute       source C:/Xilinx/Vitis/2024.2/tps/tcl/tcllib1.11.1/grammar_me/pkgIndex.tcl 
Execute       source C:/Xilinx/Vitis/2024.2/tps/tcl/tcllib1.11.1/grammar_peg/pkgIndex.tcl 
Execute       source C:/Xilinx/Vitis/2024.2/tps/tcl/tcllib1.11.1/html/pkgIndex.tcl 
Execute       source C:/Xilinx/Vitis/2024.2/tps/tcl/tcllib1.11.1/htmlparse/pkgIndex.tcl 
Execute       source C:/Xilinx/Vitis/2024.2/tps/tcl/tcllib1.11.1/http/pkgIndex.tcl 
Execute       source C:/Xilinx/Vitis/2024.2/tps/tcl/tcllib1.11.1/ident/pkgIndex.tcl 
Execute       source C:/Xilinx/Vitis/2024.2/tps/tcl/tcllib1.11.1/inifile/pkgIndex.tcl 
Execute       source C:/Xilinx/Vitis/2024.2/tps/tcl/tcllib1.11.1/interp/pkgIndex.tcl 
Execute       source C:/Xilinx/Vitis/2024.2/tps/tcl/tcllib1.11.1/irc/pkgIndex.tcl 
Execute       source C:/Xilinx/Vitis/2024.2/tps/tcl/tcllib1.11.1/javascript/pkgIndex.tcl 
Execute       source C:/Xilinx/Vitis/2024.2/tps/tcl/tcllib1.11.1/jpeg/pkgIndex.tcl 
Execute       source C:/Xilinx/Vitis/2024.2/tps/tcl/tcllib1.11.1/json/pkgIndex.tcl 
Execute       source C:/Xilinx/Vitis/2024.2/tps/tcl/tcllib1.11.1/ldap/pkgIndex.tcl 
Execute       source C:/Xilinx/Vitis/2024.2/tps/tcl/tcllib1.11.1/log/pkgIndex.tcl 
Execute       source C:/Xilinx/Vitis/2024.2/tps/tcl/tcllib1.11.1/map/pkgIndex.tcl 
Execute       source C:/Xilinx/Vitis/2024.2/tps/tcl/tcllib1.11.1/mapproj/pkgIndex.tcl 
Execute       source C:/Xilinx/Vitis/2024.2/tps/tcl/tcllib1.11.1/math/pkgIndex.tcl 
Execute       source C:/Xilinx/Vitis/2024.2/tps/tcl/tcllib1.11.1/md4/pkgIndex.tcl 
Execute       source C:/Xilinx/Vitis/2024.2/tps/tcl/tcllib1.11.1/md5/pkgIndex.tcl 
Execute       source C:/Xilinx/Vitis/2024.2/tps/tcl/tcllib1.11.1/md5crypt/pkgIndex.tcl 
Execute       source C:/Xilinx/Vitis/2024.2/tps/tcl/tcllib1.11.1/mime/pkgIndex.tcl 
Execute       source C:/Xilinx/Vitis/2024.2/tps/tcl/tcllib1.11.1/multiplexer/pkgIndex.tcl 
Execute       source C:/Xilinx/Vitis/2024.2/tps/tcl/tcllib1.11.1/ncgi/pkgIndex.tcl 
Execute       source C:/Xilinx/Vitis/2024.2/tps/tcl/tcllib1.11.1/nmea/pkgIndex.tcl 
Execute       source C:/Xilinx/Vitis/2024.2/tps/tcl/tcllib1.11.1/nns/pkgIndex.tcl 
Execute       source C:/Xilinx/Vitis/2024.2/tps/tcl/tcllib1.11.1/nntp/pkgIndex.tcl 
Execute       source C:/Xilinx/Vitis/2024.2/tps/tcl/tcllib1.11.1/ntp/pkgIndex.tcl 
Execute       source C:/Xilinx/Vitis/2024.2/tps/tcl/tcllib1.11.1/otp/pkgIndex.tcl 
Execute       source C:/Xilinx/Vitis/2024.2/tps/tcl/tcllib1.11.1/page/pkgIndex.tcl 
Execute       source C:/Xilinx/Vitis/2024.2/tps/tcl/tcllib1.11.1/pluginmgr/pkgIndex.tcl 
Execute       source C:/Xilinx/Vitis/2024.2/tps/tcl/tcllib1.11.1/png/pkgIndex.tcl 
Execute       source C:/Xilinx/Vitis/2024.2/tps/tcl/tcllib1.11.1/pop3/pkgIndex.tcl 
Execute       source C:/Xilinx/Vitis/2024.2/tps/tcl/tcllib1.11.1/pop3d/pkgIndex.tcl 
Execute       source C:/Xilinx/Vitis/2024.2/tps/tcl/tcllib1.11.1/profiler/pkgIndex.tcl 
Execute       source C:/Xilinx/Vitis/2024.2/tps/tcl/tcllib1.11.1/rcs/pkgIndex.tcl 
Execute       source C:/Xilinx/Vitis/2024.2/tps/tcl/tcllib1.11.1/report/pkgIndex.tcl 
Execute       source C:/Xilinx/Vitis/2024.2/tps/tcl/tcllib1.11.1/ripemd/pkgIndex.tcl 
Execute       source C:/Xilinx/Vitis/2024.2/tps/tcl/tcllib1.11.1/sasl/pkgIndex.tcl 
Execute       source C:/Xilinx/Vitis/2024.2/tps/tcl/tcllib1.11.1/sha1/pkgIndex.tcl 
Execute       source C:/Xilinx/Vitis/2024.2/tps/tcl/tcllib1.11.1/simulation/pkgIndex.tcl 
Execute       source C:/Xilinx/Vitis/2024.2/tps/tcl/tcllib1.11.1/smtpd/pkgIndex.tcl 
Execute       source C:/Xilinx/Vitis/2024.2/tps/tcl/tcllib1.11.1/snit/pkgIndex.tcl 
Execute       source C:/Xilinx/Vitis/2024.2/tps/tcl/tcllib1.11.1/soundex/pkgIndex.tcl 
Execute       source C:/Xilinx/Vitis/2024.2/tps/tcl/tcllib1.11.1/stooop/pkgIndex.tcl 
Execute       source C:/Xilinx/Vitis/2024.2/tps/tcl/tcllib1.11.1/stringprep/pkgIndex.tcl 
Execute       source C:/Xilinx/Vitis/2024.2/tps/tcl/tcllib1.11.1/struct/pkgIndex.tcl 
Execute       source C:/Xilinx/Vitis/2024.2/tps/tcl/tcllib1.11.1/tar/pkgIndex.tcl 
Execute       source C:/Xilinx/Vitis/2024.2/tps/tcl/tcllib1.11.1/term/pkgIndex.tcl 
Execute       source C:/Xilinx/Vitis/2024.2/tps/tcl/tcllib1.11.1/textutil/pkgIndex.tcl 
Execute       source C:/Xilinx/Vitis/2024.2/tps/tcl/tcllib1.11.1/tie/pkgIndex.tcl 
Execute       source C:/Xilinx/Vitis/2024.2/tps/tcl/tcllib1.11.1/tiff/pkgIndex.tcl 
Execute       source C:/Xilinx/Vitis/2024.2/tps/tcl/tcllib1.11.1/transfer/pkgIndex.tcl 
Execute       source C:/Xilinx/Vitis/2024.2/tps/tcl/tcllib1.11.1/treeql/pkgIndex.tcl 
Execute       source C:/Xilinx/Vitis/2024.2/tps/tcl/tcllib1.11.1/try/pkgIndex.tcl 
Execute       source C:/Xilinx/Vitis/2024.2/tps/tcl/tcllib1.11.1/uev/pkgIndex.tcl 
Execute       source C:/Xilinx/Vitis/2024.2/tps/tcl/tcllib1.11.1/units/pkgIndex.tcl 
Execute       source C:/Xilinx/Vitis/2024.2/tps/tcl/tcllib1.11.1/uri/pkgIndex.tcl 
Execute       source C:/Xilinx/Vitis/2024.2/tps/tcl/tcllib1.11.1/uuid/pkgIndex.tcl 
Execute       source C:/Xilinx/Vitis/2024.2/tps/tcl/tcllib1.11.1/wip/pkgIndex.tcl 
Execute       source C:/Xilinx/Vitis/2024.2/tps/tcl/tcllib1.11.1/yaml/pkgIndex.tcl 
Execute       source C:/Xilinx/Vitis/2024.2/tps/tcl/tcllib1.11.1/pkgIndex.tcl 
Execute       source C:/Xilinx/Vitis/2024.2/tps/tcl/tk8.6/pkgIndex.tcl 
Execute       source C:/Xilinx/Vitis/2024.2/tps/tcl/tcl8.6/http1.0/pkgIndex.tcl 
Execute       source C:/Xilinx/Vitis/2024.2/tps/tcl/tcl8.6/opt0.4/pkgIndex.tcl 
Execute       source C:/Xilinx/Vitis/2024.2/tps/tcl/tcl8.6/pkgs/win/thread2.8.7/pkgIndex.tcl 
Command     ap_source done; 0.126 sec.
INFO-FLOW: Workspace D:/cse_462/fgpa_convolution_acceleration/grayscale/grayscale/hls opened at Mon Mar 24 00:20:39 -0500 2025
Execute     send_msg_by_id INFO @200-1505@%s%s default  vivado 
INFO: [HLS 200-1505] Using default flow_target 'vivado'
Command   open_solution done; 0.16 sec.
Execute   apply_ini D:/cse_462/fgpa_convolution_acceleration/grayscale/hls_config.cfg 
Execute     send_msg_by_id INFO @200-1465@%s 'syn.file=grayscale_kernel.cpp' from D:/cse_462/fgpa_convolution_acceleration/grayscale/hls_config.cfg(7) 
INFO: [HLS 200-1465] Applying ini 'syn.file=grayscale_kernel.cpp' from D:/cse_462/fgpa_convolution_acceleration/grayscale/hls_config.cfg(7)
Execute     add_files D:/cse_462/fgpa_convolution_acceleration/grayscale/grayscale_kernel.cpp 
INFO: [HLS 200-10] Adding design file 'D:/cse_462/fgpa_convolution_acceleration/grayscale/grayscale_kernel.cpp' to the project
Execute     send_msg_by_id INFO @200-1465@%s 'syn.top=filter_kernel' from D:/cse_462/fgpa_convolution_acceleration/grayscale/hls_config.cfg(8) 
INFO: [HLS 200-1465] Applying ini 'syn.top=filter_kernel' from D:/cse_462/fgpa_convolution_acceleration/grayscale/hls_config.cfg(8)
Execute     set_top filter_kernel 
Execute     send_msg_by_id INFO @200-1465@%s 'flow_target=vivado' from D:/cse_462/fgpa_convolution_acceleration/grayscale/hls_config.cfg(4) 
INFO: [HLS 200-1465] Applying ini 'flow_target=vivado' from D:/cse_462/fgpa_convolution_acceleration/grayscale/hls_config.cfg(4)
Execute     send_msg_by_id INFO @200-1505@%s%s  vivado 
INFO: [HLS 200-1505] Using flow_target 'vivado'
Execute     send_msg_by_id INFO @200-1465@%s 'part=xc7z020clg400-1' from D:/cse_462/fgpa_convolution_acceleration/grayscale/hls_config.cfg(1) 
INFO: [HLS 200-1465] Applying ini 'part=xc7z020clg400-1' from D:/cse_462/fgpa_convolution_acceleration/grayscale/hls_config.cfg(1)
Execute     set_part xc7z020clg400-1 
Execute       create_platform xc7z020clg400-1 -board  
DBG:HLSDevice: Trying to load device library: C:/Xilinx/Vitis/2024.2\lib\win64.o\xv_hlsvwrap.dll
DBG:HLSDevice: first parts/arch.xml in RDI_DATADIR: C:/Xilinx/Vivado/2024.2/data/parts/arch.xml
DBG:HLSDevice: init success
INFO: [HLS 200-1611] Setting target device to 'xc7z020-clg400-1'
Command       create_platform done; 0.816 sec.
Execute       source C:/Xilinx/Vitis/2024.2/common/technology/xilinx/common/xilinx.gen 
Execute         source C:/Xilinx/Vitis/2024.2/common/technology/xilinx/interface/plb46.gen 
Execute         source C:/Xilinx/Vitis/2024.2/common/technology/xilinx/interface/axi4.gen 
Execute         source C:/Xilinx/Vitis/2024.2/common/technology/xilinx/interface/nativeAXI4.gen 
Execute           source C:/Xilinx/Vitis/2024.2/common/technology/xilinx/interface/saxilite.gen 
Execute         source C:/Xilinx/Vitis/2024.2/common/technology/xilinx/scripts/xilinxcoregen.gen 
Execute         source C:/Xilinx/Vitis/2024.2/common/technology/xilinx/interface/XilEDKCoreGen.gen 
Execute         source C:/Xilinx/Vitis/2024.2/common/technology/xilinx/ip/dds_compiler.gen 
Execute         source C:/Xilinx/Vitis/2024.2/common/technology/xilinx/ip/util.gen 
Execute         source C:/Xilinx/Vitis/2024.2/common/technology/xilinx/ip/xfft.gen 
Execute         source C:/Xilinx/Vitis/2024.2/common/technology/xilinx/ip/xfir.gen 
Execute         source C:/Xilinx/Vitis/2024.2/common/technology/xilinx/DSP48/dsp48.gen 
Execute       ap_part_info -name xc7z020-clg400-1 -data info 
Execute       config_compile -quiet -complex-mul-dsp=0 
Command     set_part done; 0.936 sec.
Execute     send_msg_by_id INFO @200-1465@%s 'package.output.format=ip_catalog' from D:/cse_462/fgpa_convolution_acceleration/grayscale/hls_config.cfg(5) 
INFO: [HLS 200-1465] Applying ini 'package.output.format=ip_catalog' from D:/cse_462/fgpa_convolution_acceleration/grayscale/hls_config.cfg(5)
Execute     config_export -format=ip_catalog 
Command   apply_ini done; 0.95 sec.
Execute   apply_ini D:/cse_462/fgpa_convolution_acceleration/grayscale/grayscale/hls/config.cmdline 
Execute   ::AP::init_summary_file csynth 
Execute     AP::app_get_file_relativeroot [AP::app_get_root] {}
Execute   csynth_design 
INFO-FLOW: Running SLX 'csynth' proc: ::SLX::run_csynth
Execute     elaborate -effort=medium -skip_syncheck=0 -keep_printf=0 -skip_cdt=0 -skip_transform=0 -ng=0 -g=0 -opt_fp=0 -from_csynth_design=1 
INFO: [HLS 200-111] Finished File checks and directory preparation: CPU user time: 2 seconds. CPU system time: 0 seconds. Elapsed time: 2.229 seconds; current allocated memory: 162.207 MB.
Execute       set_directive_top filter_kernel -name=filter_kernel 
Execute       source C:/Xilinx/Vitis/2024.2/tps/tcl/tcllib1.11.1/yaml/huddle.tcl 
Execute       source C:/Xilinx/Vitis/2024.2/tps/tcl/tcllib1.11.1/yaml/json2huddle.tcl 
INFO: [HLS 200-10] Analyzing design file 'grayscale_kernel.cpp' ... 
INFO-FLOW: Compiling one TU...
INFO-FLOW: Handling grayscale_kernel.cpp as C++
Execute       ap_part_info -name xc7z020-clg400-1 -data info 
INFO-FLOW: Running: GCC PP 39
INFO-FLOW: Source preprocessing
INFO-FLOW: run_clang exec: C:/Xilinx/Vitis/2024.2/win64/tools/clang-3.9-csynth/bin/clang grayscale_kernel.cpp -foptimization-record-file=D:/cse_462/fgpa_convolution_acceleration/grayscale/grayscale/hls/.autopilot/db/grayscale_kernel.cpp.clang.diag.yml -mllvm -pass-remarks-missed=reflow|pasta|unroll|inline -mllvm -pass-remarks=reflow|pasta|unroll|inline -fno-limit-debug-info --sysroot C:/Xilinx/Vitis/2024.2/tps/mingw/8.3.0/win64.o/nt -fhls -fno-exceptions -insert-hls-directive=D:/cse_462/fgpa_convolution_acceleration/grayscale/grayscale/hls/.autopilot/db/all.directive.json -E -fno-math-errno -c -emit-llvm -mllvm -disable-llvm-optzns -Werror=implicit-function-declaration -Werror=implicit-hls-streams -Werror=return-type -Wpragmas -Wunused-parameter -Wdump-hls-pragmas -Wno-error=dump-hls-pragmas -hls-clock-period=10 -fno-threadsafe-statics -fno-use-cxa-atexit -std=gnu++14 -target fpga64-xilinx-mingw32 -fno-threadsafe-statics -fno-use-cxa-atexit -D__VITIS_HLS__ -DAESL_SYN -D__SYNTHESIS__ -D__HLS_SYN__ -I C:/Xilinx/Vitis/2024.2/common/technology/autopilot -I C:/Xilinx/Vitis/2024.2/common/technology/autopilot/ap_sysc -include etc/autopilot_ssdm_op.h -D__DSP48E1__ -I /usr/include/x86_64-linux-gnu -o D:/cse_462/fgpa_convolution_acceleration/grayscale/grayscale/hls/.autopilot/db/grayscale_kernel.pp.0.cpp {-hls-platform-db-name=C:/Xilinx/Vitis/2024.2\common/technology\xilinx/common/platform.db} -hls-platform-name=zynq_slow -device-resource-info=BRAM_280.000000_DSP_220.000000_FF_106400.000000_LUT_53200.000000_SLICE_13300.000000_URAM_0.000000 -device-name-info=xc7z020clg400-1 > D:/cse_462/fgpa_convolution_acceleration/grayscale/grayscale/hls/.autopilot/db/grayscale_kernel.cpp.clang.out.log 2> D:/cse_462/fgpa_convolution_acceleration/grayscale/grayscale/hls/.autopilot/db/grayscale_kernel.cpp.clang.err.log
INFO-FLOW: Done: GCC PP 39 time: 0.3 seconds per iteration
INFO-FLOW: Source syntax check for synthesis
INFO-FLOW: run_clang exec: C:/Xilinx/Vitis/2024.2/win64/tools/clang-3.9-csynth/bin/clang -foptimization-record-file=D:/cse_462/fgpa_convolution_acceleration/grayscale/grayscale/hls/.autopilot/db/clang.diag.yml -mllvm -pass-remarks-missed=reflow|pasta|unroll|inline -mllvm -pass-remarks=reflow|pasta|unroll|inline -fsyntax-only -fhls -target fpga64-xilinx-linux-gnu D:/cse_462/fgpa_convolution_acceleration/grayscale/grayscale/hls/.autopilot/db/grayscale_kernel.pp.0.cpp {-hls-platform-db-name=C:/Xilinx/Vitis/2024.2\common/technology\xilinx/common/platform.db} -hls-platform-name=zynq_slow -device-resource-info=BRAM_280.000000_DSP_220.000000_FF_106400.000000_LUT_53200.000000_SLICE_13300.000000_URAM_0.000000 -device-name-info=xc7z020clg400-1 > D:/cse_462/fgpa_convolution_acceleration/grayscale/grayscale/hls/.autopilot/db/clang.out.log 2> D:/cse_462/fgpa_convolution_acceleration/grayscale/grayscale/hls/.autopilot/db/clang.err.log
Execute       clang_tidy xilinx-systemc-detector -desc systemc-detector D:/cse_462/fgpa_convolution_acceleration/grayscale/grayscale/hls/.autopilot/db/grayscale_kernel.pp.0.cpp std=gnu++14 -target fpga  -directive=D:/cse_462/fgpa_convolution_acceleration/grayscale/grayscale/hls/.autopilot/db/.systemc_flag 
INFO-FLOW: exec C:/Xilinx/Vitis/2024.2/win64/tools/clang-3.9-csynth/bin/clang-tidy -header-filter=.* --checks=-*,xilinx-systemc-detector -import-directive=D:/cse_462/fgpa_convolution_acceleration/grayscale/grayscale/hls/.autopilot/db/.systemc_flag -fix-errors D:/cse_462/fgpa_convolution_acceleration/grayscale/grayscale/hls/.autopilot/db/grayscale_kernel.pp.0.cpp -- -std=gnu++14 -target fpga -fhls -ferror-limit=0
Command       clang_tidy done; 0.493 sec.
INFO-FLOW: Running: clang-tidy CDT preprocess 39
Execute       clang_tidy xilinx-directive2pragma -desc directive2pragma D:/cse_462/fgpa_convolution_acceleration/grayscale/grayscale/hls/.autopilot/db/grayscale_kernel.pp.0.cpp std=gnu++14 -target fpga  -directive=D:/cse_462/fgpa_convolution_acceleration/grayscale/grayscale/hls/.autopilot/db/all.directive.json 
INFO-FLOW: exec C:/Xilinx/Vitis/2024.2/win64/tools/clang-3.9-csynth/bin/clang-tidy -header-filter=.* --checks=-*,xilinx-directive2pragma -import-directive=D:/cse_462/fgpa_convolution_acceleration/grayscale/grayscale/hls/.autopilot/db/all.directive.json -fix-errors D:/cse_462/fgpa_convolution_acceleration/grayscale/grayscale/hls/.autopilot/db/grayscale_kernel.pp.0.cpp -- -std=gnu++14 -target fpga -fhls -ferror-limit=0
Command       clang_tidy done; 0.584 sec.
INFO-FLOW: Done: clang-tidy CDT preprocess 39 time: 0.6 seconds per iteration
INFO-FLOW: Calling xilinx-label-all-loops ... 
INFO-FLOW: Calling xilinx-aggregate-on-hls-vector ... 
Execute       clang_tidy -errorcheck -desc loop-label xilinx-label-all-loops,xilinx-aggregate-on-hls-vector,,xilinx-warn-mayneed-no-ctor-attribute D:/cse_462/fgpa_convolution_acceleration/grayscale/grayscale/hls/.autopilot/db/grayscale_kernel.pp.0.cpp std=gnu++14 -target fpga  
INFO-FLOW: run_clang exec: C:/Xilinx/Vitis/2024.2/win64/tools/clang-3.9-csynth/bin/clang-tidy -export-fixes=D:/cse_462/fgpa_convolution_acceleration/grayscale/grayscale/hls/.autopilot/db/grayscale_kernel.pp.0.cpp.clang-tidy.loop-label.diag.yml -header-filter=.* --checks=-*,xilinx-label-all-loops,xilinx-aggregate-on-hls-vector,,xilinx-warn-mayneed-no-ctor-attribute -fix-errors D:/cse_462/fgpa_convolution_acceleration/grayscale/grayscale/hls/.autopilot/db/grayscale_kernel.pp.0.cpp -- -std=gnu++14 -target fpga -fhls -ferror-limit=0 > D:/cse_462/fgpa_convolution_acceleration/grayscale/grayscale/hls/.autopilot/db/grayscale_kernel.pp.0.cpp.clang-tidy.loop-label.out.log 2> D:/cse_462/fgpa_convolution_acceleration/grayscale/grayscale/hls/.autopilot/db/grayscale_kernel.pp.0.cpp.clang-tidy.loop-label.err.log
Execute         source C:/Xilinx/Vitis/2024.2/tps/tcl/tcllib1.11.1/yaml/yaml.tcl 
Command       clang_tidy done; 1.072 sec.
INFO-FLOW: run_clang exec: C:/Xilinx/Vitis/2024.2/win64/tools/clang-3.9-csynth/bin/xilinx-dataflow-lawyer -export-fixes=D:/cse_462/fgpa_convolution_acceleration/grayscale/grayscale/hls/.autopilot/db/grayscale_kernel.pp.0.cpp.xilinx-dataflow-lawyer.diag.yml D:/cse_462/fgpa_convolution_acceleration/grayscale/grayscale/hls/.autopilot/db/grayscale_kernel.pp.0.cpp -- -std=gnu++14 -target fpga -fhls -ferror-limit=0 -fstrict-dataflow > D:/cse_462/fgpa_convolution_acceleration/grayscale/grayscale/hls/.autopilot/db/grayscale_kernel.pp.0.cpp.xilinx-dataflow-lawyer.out.log 2> D:/cse_462/fgpa_convolution_acceleration/grayscale/grayscale/hls/.autopilot/db/grayscale_kernel.pp.0.cpp.xilinx-dataflow-lawyer.err.log
Execute       ap_part_info -name xc7z020-clg400-1 -data info 
INFO-FLOW: compiling source code to llvm bc
INFO-FLOW: run_clang exec: C:/Xilinx/Vitis/2024.2/win64/tools/clang-3.9-csynth/bin/clang -foptimization-record-file=D:/cse_462/fgpa_convolution_acceleration/grayscale/grayscale/hls/.autopilot/db/grayscale_kernel.pp.0.cpp.clang.diag.yml -mllvm -pass-remarks-missed=reflow|pasta|unroll|inline -mllvm -pass-remarks=reflow|pasta|unroll|inline -fno-limit-debug-info -fhls -flto -fno-exceptions -Wno-error=c++11-narrowing -hls-emit-hint-scope D:/cse_462/fgpa_convolution_acceleration/grayscale/grayscale/hls/.autopilot/db/grayscale_kernel.pp.0.cpp -fno-math-errno -c -emit-llvm -mllvm -disable-llvm-optzns -Werror=implicit-function-declaration -Werror=implicit-hls-streams -Werror=return-type -Wpragmas -Wunused-parameter -Wdump-hls-pragmas -Wno-error=dump-hls-pragmas -hls-clock-period=10 -fno-threadsafe-statics -fno-use-cxa-atexit -std=gnu++14 -target fpga64-xilinx-linux-gnu -D__VITIS_HLS__ -DAESL_SYN -D__SYNTHESIS__ -D__HLS_SYN__ -I C:/Xilinx/Vitis/2024.2/common/technology/autopilot -I C:/Xilinx/Vitis/2024.2/common/technology/autopilot/ap_sysc -include etc/autopilot_ssdm_op.h -D__DSP48E1__ -g -o D:/cse_462/fgpa_convolution_acceleration/grayscale/grayscale/hls/.autopilot/db/grayscale_kernel.bc {-hls-platform-db-name=C:/Xilinx/Vitis/2024.2\common/technology\xilinx/common/platform.db} -hls-platform-name=zynq_slow -device-resource-info=BRAM_280.000000_DSP_220.000000_FF_106400.000000_LUT_53200.000000_SLICE_13300.000000_URAM_0.000000 -device-name-info=xc7z020clg400-1 > D:/cse_462/fgpa_convolution_acceleration/grayscale/grayscale/hls/.autopilot/db/grayscale_kernel.pp.0.cpp.clang.out.log 2> D:/cse_462/fgpa_convolution_acceleration/grayscale/grayscale/hls/.autopilot/db/grayscale_kernel.pp.0.cpp.clang.err.log
Execute       send_msg_by_id WARNING @200-1986@%s%s TOP :0 
WARNING: [HLS 200-1986] Could not apply TOP directive, invalid function, label, or variable (:0)
INFO: [HLS 200-111] Finished Source Code Analysis and Preprocessing: CPU user time: 0 seconds. CPU system time: 0 seconds. Elapsed time: 4.402 seconds; current allocated memory: 164.992 MB.
INFO-FLOW: Linking Debug ...
INFO-FLOW: Linking dut bc code.
Execute       run_link_or_opt -out D:/cse_462/fgpa_convolution_acceleration/grayscale/grayscale/hls/.autopilot/db/a.g.ld.0.bc -args  "D:/cse_462/fgpa_convolution_acceleration/grayscale/grayscale/hls/.autopilot/db/grayscale_kernel.g.bc"  
INFO-FLOW: run_clang exec: C:/Xilinx/Vitis/2024.2/win64/tools/clang-3.9-csynth/bin/llvm-link D:/cse_462/fgpa_convolution_acceleration/grayscale/grayscale/hls/.autopilot/db/grayscale_kernel.g.bc -o D:/cse_462/fgpa_convolution_acceleration/grayscale/grayscale/hls/.autopilot/db/a.g.ld.0.bc > D:/cse_462/fgpa_convolution_acceleration/grayscale/grayscale/hls/.autopilot/db/a.g.ld.0.bc.llvm-link.out.log 2> D:/cse_462/fgpa_convolution_acceleration/grayscale/grayscale/hls/.autopilot/db/a.g.ld.0.bc.llvm-link.err.log
Execute       run_link_or_opt -opt -out D:/cse_462/fgpa_convolution_acceleration/grayscale/grayscale/hls/.autopilot/db/a.g.ld.1.lower.bc -args D:/cse_462/fgpa_convolution_acceleration/grayscale/grayscale/hls/.autopilot/db/a.g.ld.0.bc -reflow-lower-math-intrinsics 
INFO-FLOW: run_clang exec: C:/Xilinx/Vitis/2024.2/win64/tools/clang-3.9-csynth/bin/opt -pass-remarks-missed=reflow|pasta|unroll|inline -pass-remarks=reflow|pasta|unroll|inline -pass-remarks-output=D:/cse_462/fgpa_convolution_acceleration/grayscale/grayscale/hls/.autopilot/db/a.g.ld.1.lower.bc.opt.diag.yml D:/cse_462/fgpa_convolution_acceleration/grayscale/grayscale/hls/.autopilot/db/a.g.ld.0.bc -reflow-lower-math-intrinsics -o D:/cse_462/fgpa_convolution_acceleration/grayscale/grayscale/hls/.autopilot/db/a.g.ld.1.lower.bc > D:/cse_462/fgpa_convolution_acceleration/grayscale/grayscale/hls/.autopilot/db/a.g.ld.1.lower.bc.opt.out.log 2> D:/cse_462/fgpa_convolution_acceleration/grayscale/grayscale/hls/.autopilot/db/a.g.ld.1.lower.bc.opt.err.log
INFO-FLOW: Running: gen_design_size_report post-opt
INFO-FLOW: Done: gen_design_size_report post-opt time: 0 seconds per iteration
INFO-FLOW: Linking math bc lib
Execute       run_link_or_opt -out D:/cse_462/fgpa_convolution_acceleration/grayscale/grayscale/hls/.autopilot/db/a.g.ld.2.m1.bc -args D:/cse_462/fgpa_convolution_acceleration/grayscale/grayscale/hls/.autopilot/db/a.g.ld.1.lower.bc -only-needed C:/Xilinx/Vitis/2024.2/win64/lib/libhlsm_39.bc C:/Xilinx/Vitis/2024.2/win64/lib/libhlsmc++_39.bc 
INFO-FLOW: run_clang exec: C:/Xilinx/Vitis/2024.2/win64/tools/clang-3.9-csynth/bin/llvm-link D:/cse_462/fgpa_convolution_acceleration/grayscale/grayscale/hls/.autopilot/db/a.g.ld.1.lower.bc -only-needed C:/Xilinx/Vitis/2024.2/win64/lib/libhlsm_39.bc C:/Xilinx/Vitis/2024.2/win64/lib/libhlsmc++_39.bc -o D:/cse_462/fgpa_convolution_acceleration/grayscale/grayscale/hls/.autopilot/db/a.g.ld.2.m1.bc > D:/cse_462/fgpa_convolution_acceleration/grayscale/grayscale/hls/.autopilot/db/a.g.ld.2.m1.bc.llvm-link.out.log 2> D:/cse_462/fgpa_convolution_acceleration/grayscale/grayscale/hls/.autopilot/db/a.g.ld.2.m1.bc.llvm-link.err.log
Command       run_link_or_opt done; 2.072 sec.
Execute       run_link_or_opt -opt -out D:/cse_462/fgpa_convolution_acceleration/grayscale/grayscale/hls/.autopilot/db/a.g.ld.3.fpc.bc -args D:/cse_462/fgpa_convolution_acceleration/grayscale/grayscale/hls/.autopilot/db/a.g.ld.2.m1.bc -reflow-globaldce -hls-top-function-name=filter_kernel -reflow-float-conversion 
INFO-FLOW: run_clang exec: C:/Xilinx/Vitis/2024.2/win64/tools/clang-3.9-csynth/bin/opt -pass-remarks-missed=reflow|pasta|unroll|inline -pass-remarks=reflow|pasta|unroll|inline -pass-remarks-output=D:/cse_462/fgpa_convolution_acceleration/grayscale/grayscale/hls/.autopilot/db/a.g.ld.3.fpc.bc.opt.diag.yml D:/cse_462/fgpa_convolution_acceleration/grayscale/grayscale/hls/.autopilot/db/a.g.ld.2.m1.bc -reflow-globaldce -hls-top-function-name=filter_kernel -reflow-float-conversion -o D:/cse_462/fgpa_convolution_acceleration/grayscale/grayscale/hls/.autopilot/db/a.g.ld.3.fpc.bc > D:/cse_462/fgpa_convolution_acceleration/grayscale/grayscale/hls/.autopilot/db/a.g.ld.3.fpc.bc.opt.out.log 2> D:/cse_462/fgpa_convolution_acceleration/grayscale/grayscale/hls/.autopilot/db/a.g.ld.3.fpc.bc.opt.err.log
ERROR: [HLS 214-157] Top function not found: there is no function named 'filter_kernel'
INFO-FLOW: Running: gen_design_size_report post-opt
INFO-FLOW: Done: gen_design_size_report post-opt time: 0 seconds per iteration
INFO-FLOW: Caught error in run_link_or_opt: Error in opt
    while executing
"ap_internal_run_link_or_opt "
Command       run_link_or_opt done; error code: 2; 0.746 sec.
INFO-FLOW: Caught error in elaborate: Error in opt
    while executing
"::AP::ap_link_math_libs $link39 $output_name"
    (procedure "AP::ap_link_39" line 37)
    invoked from within
"AP::ap_link_39 [::AP::get_bc_list  $dbgInfo] $skip_transform $LLVMFlags $dbgInfo"
    (procedure "AP::compile_dut_files_39" line 60)
    invoked from within
"AP::compile_dut_files_39 $dut_files $dbgInfo $skip_cdt $skip_transform"
    (procedure "AP::compile" line 108)
    invoked from within
"AP::compile 1 $skip_cdt $skip_transform"
    (procedure "ap_internal_elaborate" line 83)
    invoked from within
"ap_internal_elaborate "
Command     elaborate done; error code: 2; 7.295 sec.
INFO-FLOW: Caught error in csynth_design: Error in opt
    while executing
"ap_internal_csynth_design "
Command   csynth_design done; error code: 2; 7.421 sec.
Execute   close_project 
Execute     close_solution 
Execute       cleanup_all 
Execute       cleanup_all 
