

================================================================
== Vitis HLS Report for 'filter_kernel'
================================================================
* Date:           Wed Mar 19 23:01:01 2025

* Version:        2024.2 (Build 5238294 on Nov  8 2024)
* Project:        grayscale
* Solution:       hls (Vivado IP Flow Target)
* Product family: zynq
* Target device:  xc7z020-clg400-1


================================================================
== Performance Estimates
================================================================
+ Timing: 
    * Summary: 
    +--------+----------+----------+------------+
    |  Clock |  Target  | Estimated| Uncertainty|
    +--------+----------+----------+------------+
    |ap_clk  |  10.00 ns|  7.256 ns|     2.70 ns|
    +--------+----------+----------+------------+

+ Latency: 
    * Summary: 
    +---------+---------+----------+----------+-----+-----+---------+
    |  Latency (cycles) |  Latency (absolute) |  Interval | Pipeline|
    |   min   |   max   |    min   |    max   | min | max |   Type  |
    +---------+---------+----------+----------+-----+-----+---------+
    |        ?|        ?|         ?|         ?|    ?|    ?|       no|
    +---------+---------+----------+----------+-----+-----+---------+

    + Detail: 
        * Instance: 
        N/A

        * Loop: 
        +--------------------+---------+---------+----------+-----------+-----------+------+----------+
        |                    |  Latency (cycles) | Iteration|  Initiation Interval  | Trip |          |
        |      Loop Name     |   min   |   max   |  Latency |  achieved |   target  | Count| Pipelined|
        +--------------------+---------+---------+----------+-----------+-----------+------+----------+
        |- VITIS_LOOP_136_7  |        ?|        ?|         ?|          -|          -|     ?|        no|
        +--------------------+---------+---------+----------+-----------+-----------+------+----------+

============================================================
+ Verbose Summary: Synthesis Manager
============================================================
InlineROM: 1
ExposeGlobal: 0
============================================================
+ Verbose Summary: CDFG Model
============================================================
IsTopModel: 1
ResetActiveHigh: 1
IsCombinational: 0
IsDatapathOnly: 0
HasWiredReturn: 1
HasMFsm: 0
HasVarLatency: 1
IsPipeline: 0
IsRtlPipelined: 0
IsInstanceOverlapped: 0
IsDontTouch: 0
HasImplIP: 0
IsGatedGlobalClock: 0


============================================================
+ Verbose Summary: Schedule
============================================================
* Number of FSM states : 49
* Pipeline : 0
* Dataflow Pipeline: 0

* FSM state transitions: 
1 --> 2 
2 --> 3 
3 --> 4 
4 --> 5 
5 --> 6 
6 --> 7 
7 --> 8 
8 --> 9 
9 --> 10 
10 --> 11 
11 --> 12 49 
12 --> 13 
13 --> 14 
14 --> 15 
15 --> 16 
16 --> 17 
17 --> 18 
18 --> 19 
19 --> 20 
20 --> 21 
21 --> 22 
22 --> 23 
23 --> 24 
24 --> 25 
25 --> 26 
26 --> 27 
27 --> 28 
28 --> 29 
29 --> 30 
30 --> 31 
31 --> 32 
32 --> 33 
33 --> 34 
34 --> 35 
35 --> 36 
36 --> 37 
37 --> 38 
38 --> 39 
39 --> 40 
40 --> 41 
41 --> 42 
42 --> 43 
43 --> 44 
44 --> 45 
45 --> 46 
46 --> 47 
47 --> 48 
48 --> 11 
49 --> 

* FSM state operations: 

State 1 <SV = 0> <Delay = 2.32>
ST_1 : Operation 50 [1/1] (0.00ns)   --->   "%phi_urem = alloca i32 1"   --->   Operation 50 'alloca' 'phi_urem' <Predicate = true> <Delay = 0.00>
ST_1 : Operation 51 [1/1] (0.00ns)   --->   "%row = alloca i32 1" [grayscale_kernel.cpp:136]   --->   Operation 51 'alloca' 'row' <Predicate = true> <Delay = 0.00>
ST_1 : Operation 52 [1/1] (0.00ns)   --->   "%kernel_addr = getelementptr i32 %kernel, i64 0, i64 0"   --->   Operation 52 'getelementptr' 'kernel_addr' <Predicate = true> <Delay = 0.00>
ST_1 : Operation 53 [1/1] (0.00ns)   --->   "%line_buffer = alloca i64 1" [grayscale_kernel.cpp:107]   --->   Operation 53 'alloca' 'line_buffer' <Predicate = true> <Delay = 0.00>
ST_1 : Operation 54 [1/1] (0.00ns)   --->   "%line_buffer_1 = alloca i64 1" [grayscale_kernel.cpp:107]   --->   Operation 54 'alloca' 'line_buffer_1' <Predicate = true> <Delay = 0.00>
ST_1 : Operation 55 [1/1] (0.00ns)   --->   "%line_buffer_2 = alloca i64 1" [grayscale_kernel.cpp:107]   --->   Operation 55 'alloca' 'line_buffer_2' <Predicate = true> <Delay = 0.00>
ST_1 : Operation 56 [1/1] (0.00ns)   --->   "%line_buffer_3 = alloca i64 1" [grayscale_kernel.cpp:107]   --->   Operation 56 'alloca' 'line_buffer_3' <Predicate = true> <Delay = 0.00>
ST_1 : Operation 57 [1/1] (0.00ns)   --->   "%line_buffer_4 = alloca i64 1" [grayscale_kernel.cpp:107]   --->   Operation 57 'alloca' 'line_buffer_4' <Predicate = true> <Delay = 0.00>
ST_1 : Operation 58 [1/1] (0.00ns)   --->   "%line_buffer_5 = alloca i64 1" [grayscale_kernel.cpp:107]   --->   Operation 58 'alloca' 'line_buffer_5' <Predicate = true> <Delay = 0.00>
ST_1 : Operation 59 [1/1] (0.00ns)   --->   "%line_buffer_6 = alloca i64 1" [grayscale_kernel.cpp:107]   --->   Operation 59 'alloca' 'line_buffer_6' <Predicate = true> <Delay = 0.00>
ST_1 : Operation 60 [1/1] (0.00ns)   --->   "%line_buffer_7 = alloca i64 1" [grayscale_kernel.cpp:107]   --->   Operation 60 'alloca' 'line_buffer_7' <Predicate = true> <Delay = 0.00>
ST_1 : Operation 61 [1/1] (0.00ns)   --->   "%line_buffer_8 = alloca i64 1" [grayscale_kernel.cpp:107]   --->   Operation 61 'alloca' 'line_buffer_8' <Predicate = true> <Delay = 0.00>
ST_1 : Operation 62 [2/2] (0.00ns)   --->   "%call_ln0 = call void @filter_kernel_Pipeline_VITIS_LOOP_117_2, i8 %line_buffer_2, i8 %line_buffer_1, i8 %line_buffer"   --->   Operation 62 'call' 'call_ln0' <Predicate = true> <Delay = 0.00> <CoreType = "Generic">   --->   Generic Core
ST_1 : Operation 63 [2/2] (0.00ns)   --->   "%call_ln0 = call void @filter_kernel_Pipeline_VITIS_LOOP_117_21, i8 %line_buffer_5, i8 %line_buffer_4, i8 %line_buffer_3"   --->   Operation 63 'call' 'call_ln0' <Predicate = true> <Delay = 0.00> <CoreType = "Generic">   --->   Generic Core
ST_1 : Operation 64 [2/2] (0.00ns)   --->   "%call_ln0 = call void @filter_kernel_Pipeline_VITIS_LOOP_117_22, i8 %line_buffer_8, i8 %line_buffer_7, i8 %line_buffer_6"   --->   Operation 64 'call' 'call_ln0' <Predicate = true> <Delay = 0.00> <CoreType = "Generic">   --->   Generic Core
ST_1 : Operation 65 [2/2] (2.32ns)   --->   "%kernel_load = load i4 %kernel_addr"   --->   Operation 65 'load' 'kernel_load' <Predicate = true> <Delay = 2.32> <CoreInst = "RAM_1P">   --->   Core 85 'RAM_1P' <Latency = 1> <II = 1> <Delay = 2.32> <Storage> <Opcode : 'load' 'store'> <Ports = 1> <Width = 32> <Depth = 9> <RAM>
ST_1 : Operation 66 [1/1] (1.58ns)   --->   "%store_ln136 = store i31 0, i31 %row" [grayscale_kernel.cpp:136]   --->   Operation 66 'store' 'store_ln136' <Predicate = true> <Delay = 1.58>
ST_1 : Operation 67 [1/1] (1.58ns)   --->   "%store_ln0 = store i31 0, i31 %phi_urem"   --->   Operation 67 'store' 'store_ln0' <Predicate = true> <Delay = 1.58>

State 2 <SV = 1> <Delay = 4.81>
ST_2 : Operation 68 [1/1] (0.00ns)   --->   "%kernel_addr_1 = getelementptr i32 %kernel, i64 0, i64 1"   --->   Operation 68 'getelementptr' 'kernel_addr_1' <Predicate = true> <Delay = 0.00>
ST_2 : Operation 69 [1/2] (4.81ns)   --->   "%call_ln0 = call void @filter_kernel_Pipeline_VITIS_LOOP_117_2, i8 %line_buffer_2, i8 %line_buffer_1, i8 %line_buffer"   --->   Operation 69 'call' 'call_ln0' <Predicate = true> <Delay = 4.81> <CoreType = "Generic">   --->   Generic Core
ST_2 : Operation 70 [1/2] (4.81ns)   --->   "%call_ln0 = call void @filter_kernel_Pipeline_VITIS_LOOP_117_21, i8 %line_buffer_5, i8 %line_buffer_4, i8 %line_buffer_3"   --->   Operation 70 'call' 'call_ln0' <Predicate = true> <Delay = 4.81> <CoreType = "Generic">   --->   Generic Core
ST_2 : Operation 71 [1/2] (4.81ns)   --->   "%call_ln0 = call void @filter_kernel_Pipeline_VITIS_LOOP_117_22, i8 %line_buffer_8, i8 %line_buffer_7, i8 %line_buffer_6"   --->   Operation 71 'call' 'call_ln0' <Predicate = true> <Delay = 4.81> <CoreType = "Generic">   --->   Generic Core
ST_2 : Operation 72 [1/2] ( I:2.32ns O:2.32ns )   --->   "%kernel_load = load i4 %kernel_addr"   --->   Operation 72 'load' 'kernel_load' <Predicate = true> <Delay = 2.32> <CoreInst = "RAM_1P">   --->   Core 85 'RAM_1P' <Latency = 1> <II = 1> <Delay = 2.32> <Storage> <Opcode : 'load' 'store'> <Ports = 1> <Width = 32> <Depth = 9> <RAM>
ST_2 : Operation 73 [2/2] (2.32ns)   --->   "%kernel_load_1 = load i4 %kernel_addr_1"   --->   Operation 73 'load' 'kernel_load_1' <Predicate = true> <Delay = 2.32> <CoreInst = "RAM_1P">   --->   Core 85 'RAM_1P' <Latency = 1> <II = 1> <Delay = 2.32> <Storage> <Opcode : 'load' 'store'> <Ports = 1> <Width = 32> <Depth = 9> <RAM>

State 3 <SV = 2> <Delay = 2.32>
ST_3 : Operation 74 [1/1] (0.00ns)   --->   "%kernel_addr_2 = getelementptr i32 %kernel, i64 0, i64 2"   --->   Operation 74 'getelementptr' 'kernel_addr_2' <Predicate = true> <Delay = 0.00>
ST_3 : Operation 75 [1/2] ( I:2.32ns O:2.32ns )   --->   "%kernel_load_1 = load i4 %kernel_addr_1"   --->   Operation 75 'load' 'kernel_load_1' <Predicate = true> <Delay = 2.32> <CoreInst = "RAM_1P">   --->   Core 85 'RAM_1P' <Latency = 1> <II = 1> <Delay = 2.32> <Storage> <Opcode : 'load' 'store'> <Ports = 1> <Width = 32> <Depth = 9> <RAM>
ST_3 : Operation 76 [2/2] (2.32ns)   --->   "%kernel_load_2 = load i4 %kernel_addr_2"   --->   Operation 76 'load' 'kernel_load_2' <Predicate = true> <Delay = 2.32> <CoreInst = "RAM_1P">   --->   Core 85 'RAM_1P' <Latency = 1> <II = 1> <Delay = 2.32> <Storage> <Opcode : 'load' 'store'> <Ports = 1> <Width = 32> <Depth = 9> <RAM>

State 4 <SV = 3> <Delay = 2.32>
ST_4 : Operation 77 [1/1] (0.00ns)   --->   "%kernel_addr_3 = getelementptr i32 %kernel, i64 0, i64 3"   --->   Operation 77 'getelementptr' 'kernel_addr_3' <Predicate = true> <Delay = 0.00>
ST_4 : Operation 78 [1/2] ( I:2.32ns O:2.32ns )   --->   "%kernel_load_2 = load i4 %kernel_addr_2"   --->   Operation 78 'load' 'kernel_load_2' <Predicate = true> <Delay = 2.32> <CoreInst = "RAM_1P">   --->   Core 85 'RAM_1P' <Latency = 1> <II = 1> <Delay = 2.32> <Storage> <Opcode : 'load' 'store'> <Ports = 1> <Width = 32> <Depth = 9> <RAM>
ST_4 : Operation 79 [2/2] (2.32ns)   --->   "%kernel_load_3 = load i4 %kernel_addr_3"   --->   Operation 79 'load' 'kernel_load_3' <Predicate = true> <Delay = 2.32> <CoreInst = "RAM_1P">   --->   Core 85 'RAM_1P' <Latency = 1> <II = 1> <Delay = 2.32> <Storage> <Opcode : 'load' 'store'> <Ports = 1> <Width = 32> <Depth = 9> <RAM>

State 5 <SV = 4> <Delay = 2.32>
ST_5 : Operation 80 [1/1] (0.00ns)   --->   "%kernel_addr_4 = getelementptr i32 %kernel, i64 0, i64 4"   --->   Operation 80 'getelementptr' 'kernel_addr_4' <Predicate = true> <Delay = 0.00>
ST_5 : Operation 81 [1/2] ( I:2.32ns O:2.32ns )   --->   "%kernel_load_3 = load i4 %kernel_addr_3"   --->   Operation 81 'load' 'kernel_load_3' <Predicate = true> <Delay = 2.32> <CoreInst = "RAM_1P">   --->   Core 85 'RAM_1P' <Latency = 1> <II = 1> <Delay = 2.32> <Storage> <Opcode : 'load' 'store'> <Ports = 1> <Width = 32> <Depth = 9> <RAM>
ST_5 : Operation 82 [2/2] (2.32ns)   --->   "%kernel_load_4 = load i4 %kernel_addr_4"   --->   Operation 82 'load' 'kernel_load_4' <Predicate = true> <Delay = 2.32> <CoreInst = "RAM_1P">   --->   Core 85 'RAM_1P' <Latency = 1> <II = 1> <Delay = 2.32> <Storage> <Opcode : 'load' 'store'> <Ports = 1> <Width = 32> <Depth = 9> <RAM>

State 6 <SV = 5> <Delay = 2.32>
ST_6 : Operation 83 [1/1] (0.00ns)   --->   "%kernel_addr_5 = getelementptr i32 %kernel, i64 0, i64 5"   --->   Operation 83 'getelementptr' 'kernel_addr_5' <Predicate = true> <Delay = 0.00>
ST_6 : Operation 84 [1/2] ( I:2.32ns O:2.32ns )   --->   "%kernel_load_4 = load i4 %kernel_addr_4"   --->   Operation 84 'load' 'kernel_load_4' <Predicate = true> <Delay = 2.32> <CoreInst = "RAM_1P">   --->   Core 85 'RAM_1P' <Latency = 1> <II = 1> <Delay = 2.32> <Storage> <Opcode : 'load' 'store'> <Ports = 1> <Width = 32> <Depth = 9> <RAM>
ST_6 : Operation 85 [2/2] (2.32ns)   --->   "%kernel_load_5 = load i4 %kernel_addr_5"   --->   Operation 85 'load' 'kernel_load_5' <Predicate = true> <Delay = 2.32> <CoreInst = "RAM_1P">   --->   Core 85 'RAM_1P' <Latency = 1> <II = 1> <Delay = 2.32> <Storage> <Opcode : 'load' 'store'> <Ports = 1> <Width = 32> <Depth = 9> <RAM>

State 7 <SV = 6> <Delay = 2.32>
ST_7 : Operation 86 [1/1] (0.00ns)   --->   "%kernel_addr_6 = getelementptr i32 %kernel, i64 0, i64 6"   --->   Operation 86 'getelementptr' 'kernel_addr_6' <Predicate = true> <Delay = 0.00>
ST_7 : Operation 87 [1/2] ( I:2.32ns O:2.32ns )   --->   "%kernel_load_5 = load i4 %kernel_addr_5"   --->   Operation 87 'load' 'kernel_load_5' <Predicate = true> <Delay = 2.32> <CoreInst = "RAM_1P">   --->   Core 85 'RAM_1P' <Latency = 1> <II = 1> <Delay = 2.32> <Storage> <Opcode : 'load' 'store'> <Ports = 1> <Width = 32> <Depth = 9> <RAM>
ST_7 : Operation 88 [2/2] (2.32ns)   --->   "%kernel_load_6 = load i4 %kernel_addr_6"   --->   Operation 88 'load' 'kernel_load_6' <Predicate = true> <Delay = 2.32> <CoreInst = "RAM_1P">   --->   Core 85 'RAM_1P' <Latency = 1> <II = 1> <Delay = 2.32> <Storage> <Opcode : 'load' 'store'> <Ports = 1> <Width = 32> <Depth = 9> <RAM>

State 8 <SV = 7> <Delay = 2.32>
ST_8 : Operation 89 [1/1] (0.00ns)   --->   "%kernel_addr_7 = getelementptr i32 %kernel, i64 0, i64 7"   --->   Operation 89 'getelementptr' 'kernel_addr_7' <Predicate = true> <Delay = 0.00>
ST_8 : Operation 90 [1/2] ( I:2.32ns O:2.32ns )   --->   "%kernel_load_6 = load i4 %kernel_addr_6"   --->   Operation 90 'load' 'kernel_load_6' <Predicate = true> <Delay = 2.32> <CoreInst = "RAM_1P">   --->   Core 85 'RAM_1P' <Latency = 1> <II = 1> <Delay = 2.32> <Storage> <Opcode : 'load' 'store'> <Ports = 1> <Width = 32> <Depth = 9> <RAM>
ST_8 : Operation 91 [2/2] (2.32ns)   --->   "%kernel_load_7 = load i4 %kernel_addr_7"   --->   Operation 91 'load' 'kernel_load_7' <Predicate = true> <Delay = 2.32> <CoreInst = "RAM_1P">   --->   Core 85 'RAM_1P' <Latency = 1> <II = 1> <Delay = 2.32> <Storage> <Opcode : 'load' 'store'> <Ports = 1> <Width = 32> <Depth = 9> <RAM>

State 9 <SV = 8> <Delay = 2.32>
ST_9 : Operation 92 [2/2] (1.00ns)   --->   "%height_read = read i32 @_ssdm_op_Read.s_axilite.i32, i32 %height"   --->   Operation 92 'read' 'height_read' <Predicate = true> <Delay = 1.00> <CoreInst = "s_axilite">   --->   Core 112 's_axilite' <Latency = 0> <II = 1> <Delay = 1.00> <Adapter> <Opcode : 'read' 'write'>
ST_9 : Operation 93 [2/2] (1.00ns)   --->   "%width_read = read i32 @_ssdm_op_Read.s_axilite.i32, i32 %width"   --->   Operation 93 'read' 'width_read' <Predicate = true> <Delay = 1.00> <CoreInst = "s_axilite">   --->   Core 112 's_axilite' <Latency = 0> <II = 1> <Delay = 1.00> <Adapter> <Opcode : 'read' 'write'>
ST_9 : Operation 94 [1/1] (0.00ns)   --->   "%kernel_addr_8 = getelementptr i32 %kernel, i64 0, i64 8"   --->   Operation 94 'getelementptr' 'kernel_addr_8' <Predicate = true> <Delay = 0.00>
ST_9 : Operation 95 [1/2] ( I:2.32ns O:2.32ns )   --->   "%kernel_load_7 = load i4 %kernel_addr_7"   --->   Operation 95 'load' 'kernel_load_7' <Predicate = true> <Delay = 2.32> <CoreInst = "RAM_1P">   --->   Core 85 'RAM_1P' <Latency = 1> <II = 1> <Delay = 2.32> <Storage> <Opcode : 'load' 'store'> <Ports = 1> <Width = 32> <Depth = 9> <RAM>
ST_9 : Operation 96 [2/2] (2.32ns)   --->   "%kernel_load_8 = load i4 %kernel_addr_8"   --->   Operation 96 'load' 'kernel_load_8' <Predicate = true> <Delay = 2.32> <CoreInst = "RAM_1P">   --->   Core 85 'RAM_1P' <Latency = 1> <II = 1> <Delay = 2.32> <Storage> <Opcode : 'load' 'store'> <Ports = 1> <Width = 32> <Depth = 9> <RAM>

State 10 <SV = 9> <Delay = 3.52>
ST_10 : Operation 97 [1/2] (1.00ns)   --->   "%height_read = read i32 @_ssdm_op_Read.s_axilite.i32, i32 %height"   --->   Operation 97 'read' 'height_read' <Predicate = true> <Delay = 1.00> <CoreInst = "s_axilite">   --->   Core 112 's_axilite' <Latency = 0> <II = 1> <Delay = 1.00> <Adapter> <Opcode : 'read' 'write'>
ST_10 : Operation 98 [1/2] (1.00ns)   --->   "%width_read = read i32 @_ssdm_op_Read.s_axilite.i32, i32 %width"   --->   Operation 98 'read' 'width_read' <Predicate = true> <Delay = 1.00> <CoreInst = "s_axilite">   --->   Core 112 's_axilite' <Latency = 0> <II = 1> <Delay = 1.00> <Adapter> <Opcode : 'read' 'write'>
ST_10 : Operation 99 [1/1] (0.00ns)   --->   "%trunc_ln84 = trunc i32 %width_read" [grayscale_kernel.cpp:84]   --->   Operation 99 'trunc' 'trunc_ln84' <Predicate = true> <Delay = 0.00>
ST_10 : Operation 100 [1/1] (0.00ns)   --->   "%trunc_ln84_1 = trunc i32 %height_read" [grayscale_kernel.cpp:84]   --->   Operation 100 'trunc' 'trunc_ln84_1' <Predicate = true> <Delay = 0.00>
ST_10 : Operation 101 [1/1] (0.00ns)   --->   "%spectopmodule_ln84 = spectopmodule void @_ssdm_op_SpecTopModule, void @empty_11" [grayscale_kernel.cpp:84]   --->   Operation 101 'spectopmodule' 'spectopmodule_ln84' <Predicate = true> <Delay = 0.00>
ST_10 : Operation 102 [1/1] (0.00ns)   --->   "%specbitsmap_ln0 = specbitsmap void @_ssdm_op_SpecBitsMap, i32 %width"   --->   Operation 102 'specbitsmap' 'specbitsmap_ln0' <Predicate = true> <Delay = 0.00>
ST_10 : Operation 103 [1/1] (0.00ns)   --->   "%specinterface_ln0 = specinterface void @_ssdm_op_SpecInterface, i32 %width, void @empty, i32 1, i32 1, void @empty_0, i32 0, i32 0, void @empty_1, void @empty_2, void @empty_3, i32 0, i32 0, i32 0, i32 0, void @empty_3, void @empty_3, i32 4294967295, i32 0, i32 0"   --->   Operation 103 'specinterface' 'specinterface_ln0' <Predicate = true> <Delay = 0.00>
ST_10 : Operation 104 [1/1] (0.00ns)   --->   "%specinterface_ln0 = specinterface void @_ssdm_op_SpecInterface, i32 %width, void @empty_4, i32 1, i32 1, void @empty_3, i32 0, i32 0, void @empty_3, void @empty_3, void @empty_3, i32 0, i32 0, i32 0, i32 0, void @empty_3, void @empty_3, i32 4294967295, i32 0, i32 0"   --->   Operation 104 'specinterface' 'specinterface_ln0' <Predicate = true> <Delay = 0.00>
ST_10 : Operation 105 [1/1] (0.00ns)   --->   "%specbitsmap_ln0 = specbitsmap void @_ssdm_op_SpecBitsMap, i32 %height"   --->   Operation 105 'specbitsmap' 'specbitsmap_ln0' <Predicate = true> <Delay = 0.00>
ST_10 : Operation 106 [1/1] (0.00ns)   --->   "%specinterface_ln0 = specinterface void @_ssdm_op_SpecInterface, i32 %height, void @empty, i32 1, i32 1, void @empty_0, i32 0, i32 0, void @empty_1, void @empty_5, void @empty_3, i32 0, i32 0, i32 0, i32 0, void @empty_3, void @empty_3, i32 4294967295, i32 0, i32 0"   --->   Operation 106 'specinterface' 'specinterface_ln0' <Predicate = true> <Delay = 0.00>
ST_10 : Operation 107 [1/1] (0.00ns)   --->   "%specinterface_ln0 = specinterface void @_ssdm_op_SpecInterface, i32 %height, void @empty_4, i32 1, i32 1, void @empty_3, i32 0, i32 0, void @empty_3, void @empty_3, void @empty_3, i32 0, i32 0, i32 0, i32 0, void @empty_3, void @empty_3, i32 4294967295, i32 0, i32 0"   --->   Operation 107 'specinterface' 'specinterface_ln0' <Predicate = true> <Delay = 0.00>
ST_10 : Operation 108 [1/1] (0.00ns)   --->   "%specinterface_ln0 = specinterface void @_ssdm_op_SpecInterface, i32 %kernel, void @empty, i32 0, i32 0, void @empty_3, i32 0, i32 0, void @empty_1, void @empty_6, void @empty_3, i32 0, i32 0, i32 0, i32 0, void @empty_3, void @empty_3, i32 4294967295, i32 0, i32 0"   --->   Operation 108 'specinterface' 'specinterface_ln0' <Predicate = true> <Delay = 0.00>
ST_10 : Operation 109 [1/1] (0.00ns)   --->   "%specinterface_ln0 = specinterface void @_ssdm_op_SpecInterface, i32 %kernel, void @empty_7, i32 0, i32 0, void @empty_3, i32 1, i32 0, void @empty_3, void @empty_3, void @empty_3, i32 0, i32 0, i32 0, i32 0, void @empty_3, void @empty_3, i32 4294967295, i32 0, i32 0"   --->   Operation 109 'specinterface' 'specinterface_ln0' <Predicate = true> <Delay = 0.00>
ST_10 : Operation 110 [1/1] (0.00ns)   --->   "%specmemcore_ln0 = specmemcore void @_ssdm_op_SpecMemCore, i32 %kernel, i64 666, i64 207, i64 1"   --->   Operation 110 'specmemcore' 'specmemcore_ln0' <Predicate = true> <Delay = 0.00>
ST_10 : Operation 111 [1/1] (0.00ns)   --->   "%specbitsmap_ln0 = specbitsmap void @_ssdm_op_SpecBitsMap, i32 %kernel"   --->   Operation 111 'specbitsmap' 'specbitsmap_ln0' <Predicate = true> <Delay = 0.00>
ST_10 : Operation 112 [1/1] (0.00ns)   --->   "%specinterface_ln0 = specinterface void @_ssdm_op_SpecInterface, i32 %input_stream_V_data_V, i4 %input_stream_V_keep_V, i4 %input_stream_V_strb_V, i1 %input_stream_V_last_V, void @empty_8, i32 1, i32 1, void @empty_0, i32 0, i32 0, void @empty_3, void @empty_3, void @empty_3, i32 0, i32 0, i32 0, i32 0, void @empty_3, void @empty_3, i32 4294967295, i32 0, i32 0"   --->   Operation 112 'specinterface' 'specinterface_ln0' <Predicate = true> <Delay = 0.00>
ST_10 : Operation 113 [1/1] (0.00ns)   --->   "%specbitsmap_ln0 = specbitsmap void @_ssdm_op_SpecBitsMap, i32 %input_stream_V_data_V"   --->   Operation 113 'specbitsmap' 'specbitsmap_ln0' <Predicate = true> <Delay = 0.00>
ST_10 : Operation 114 [1/1] (0.00ns)   --->   "%specbitsmap_ln0 = specbitsmap void @_ssdm_op_SpecBitsMap, i4 %input_stream_V_keep_V"   --->   Operation 114 'specbitsmap' 'specbitsmap_ln0' <Predicate = true> <Delay = 0.00>
ST_10 : Operation 115 [1/1] (0.00ns)   --->   "%specbitsmap_ln0 = specbitsmap void @_ssdm_op_SpecBitsMap, i4 %input_stream_V_strb_V"   --->   Operation 115 'specbitsmap' 'specbitsmap_ln0' <Predicate = true> <Delay = 0.00>
ST_10 : Operation 116 [1/1] (0.00ns)   --->   "%specbitsmap_ln0 = specbitsmap void @_ssdm_op_SpecBitsMap, i1 %input_stream_V_last_V"   --->   Operation 116 'specbitsmap' 'specbitsmap_ln0' <Predicate = true> <Delay = 0.00>
ST_10 : Operation 117 [1/1] (0.00ns)   --->   "%specinterface_ln0 = specinterface void @_ssdm_op_SpecInterface, i32 %output_stream_V_data_V, i4 %output_stream_V_keep_V, i4 %output_stream_V_strb_V, i1 %output_stream_V_last_V, void @empty_8, i32 1, i32 1, void @empty_0, i32 0, i32 0, void @empty_3, void @empty_3, void @empty_3, i32 0, i32 0, i32 0, i32 0, void @empty_3, void @empty_3, i32 4294967295, i32 0, i32 0"   --->   Operation 117 'specinterface' 'specinterface_ln0' <Predicate = true> <Delay = 0.00>
ST_10 : Operation 118 [1/1] (0.00ns)   --->   "%specbitsmap_ln0 = specbitsmap void @_ssdm_op_SpecBitsMap, i32 %output_stream_V_data_V"   --->   Operation 118 'specbitsmap' 'specbitsmap_ln0' <Predicate = true> <Delay = 0.00>
ST_10 : Operation 119 [1/1] (0.00ns)   --->   "%specbitsmap_ln0 = specbitsmap void @_ssdm_op_SpecBitsMap, i4 %output_stream_V_keep_V"   --->   Operation 119 'specbitsmap' 'specbitsmap_ln0' <Predicate = true> <Delay = 0.00>
ST_10 : Operation 120 [1/1] (0.00ns)   --->   "%specbitsmap_ln0 = specbitsmap void @_ssdm_op_SpecBitsMap, i4 %output_stream_V_strb_V"   --->   Operation 120 'specbitsmap' 'specbitsmap_ln0' <Predicate = true> <Delay = 0.00>
ST_10 : Operation 121 [1/1] (0.00ns)   --->   "%specbitsmap_ln0 = specbitsmap void @_ssdm_op_SpecBitsMap, i1 %output_stream_V_last_V"   --->   Operation 121 'specbitsmap' 'specbitsmap_ln0' <Predicate = true> <Delay = 0.00>
ST_10 : Operation 122 [1/1] (0.00ns)   --->   "%specinterface_ln0 = specinterface void @_ssdm_op_SpecInterface, i32 0, void @empty, i32 0, i32 0, void @empty_3, i32 0, i32 0, void @empty_1, void @empty_3, void @empty_3, i32 0, i32 0, i32 0, i32 0, void @empty_3, void @empty_3, i32 4294967295, i32 0, i32 0"   --->   Operation 122 'specinterface' 'specinterface_ln0' <Predicate = true> <Delay = 0.00>
ST_10 : Operation 123 [1/1] (0.00ns)   --->   "%specaxissidechannel_ln117 = specaxissidechannel void @_ssdm_op_SpecAXISSideChannel, i32 %output_stream_V_data_V, i4 %output_stream_V_keep_V, i4 %output_stream_V_strb_V, i1 0, i1 %output_stream_V_last_V, i1 0, i1 0, void @empty_9" [grayscale_kernel.cpp:117]   --->   Operation 123 'specaxissidechannel' 'specaxissidechannel_ln117' <Predicate = true> <Delay = 0.00>
ST_10 : Operation 124 [1/1] (0.00ns)   --->   "%specaxissidechannel_ln117 = specaxissidechannel void @_ssdm_op_SpecAXISSideChannel, i32 %input_stream_V_data_V, i4 %input_stream_V_keep_V, i4 %input_stream_V_strb_V, i1 0, i1 %input_stream_V_last_V, i1 0, i1 0, void @empty_10" [grayscale_kernel.cpp:117]   --->   Operation 124 'specaxissidechannel' 'specaxissidechannel_ln117' <Predicate = true> <Delay = 0.00>
ST_10 : Operation 125 [1/1] (2.52ns)   --->   "%sub14_i = add i31 %trunc_ln84_1, i31 2147483647" [grayscale_kernel.cpp:84]   --->   Operation 125 'add' 'sub14_i' <Predicate = true> <Delay = 2.52> <CoreInst = "Adder">   --->   Core 1 'Adder' <Latency = 0> <II = 1> <Delay = 2.52> <FuncUnit> <Opcode : 'add' 'sub'> <InPorts = 2> <OutPorts = 1>
ST_10 : Operation 126 [1/1] (1.63ns)   --->   "%sub23_i = add i11 %trunc_ln84, i11 2047" [grayscale_kernel.cpp:84]   --->   Operation 126 'add' 'sub23_i' <Predicate = true> <Delay = 1.63> <CoreInst = "Adder">   --->   Core 1 'Adder' <Latency = 0> <II = 1> <Delay = 1.63> <FuncUnit> <Opcode : 'add' 'sub'> <InPorts = 2> <OutPorts = 1>
ST_10 : Operation 127 [1/1] (0.00ns)   --->   "%empty = bitcast i32 %kernel_load"   --->   Operation 127 'bitcast' 'empty' <Predicate = true> <Delay = 0.00>
ST_10 : Operation 128 [1/1] (0.00ns)   --->   "%empty_33 = bitcast i32 %kernel_load_1"   --->   Operation 128 'bitcast' 'empty_33' <Predicate = true> <Delay = 0.00>
ST_10 : Operation 129 [1/1] (0.00ns)   --->   "%empty_34 = bitcast i32 %kernel_load_2"   --->   Operation 129 'bitcast' 'empty_34' <Predicate = true> <Delay = 0.00>
ST_10 : Operation 130 [1/1] (0.00ns)   --->   "%empty_35 = bitcast i32 %kernel_load_3"   --->   Operation 130 'bitcast' 'empty_35' <Predicate = true> <Delay = 0.00>
ST_10 : Operation 131 [1/1] (0.00ns)   --->   "%empty_36 = bitcast i32 %kernel_load_4"   --->   Operation 131 'bitcast' 'empty_36' <Predicate = true> <Delay = 0.00>
ST_10 : Operation 132 [1/1] (0.00ns)   --->   "%empty_37 = bitcast i32 %kernel_load_5"   --->   Operation 132 'bitcast' 'empty_37' <Predicate = true> <Delay = 0.00>
ST_10 : Operation 133 [1/1] (0.00ns)   --->   "%empty_38 = bitcast i32 %kernel_load_6"   --->   Operation 133 'bitcast' 'empty_38' <Predicate = true> <Delay = 0.00>
ST_10 : Operation 134 [1/1] (0.00ns)   --->   "%empty_39 = bitcast i32 %kernel_load_7"   --->   Operation 134 'bitcast' 'empty_39' <Predicate = true> <Delay = 0.00>
ST_10 : Operation 135 [1/2] ( I:2.32ns O:2.32ns )   --->   "%kernel_load_8 = load i4 %kernel_addr_8"   --->   Operation 135 'load' 'kernel_load_8' <Predicate = true> <Delay = 2.32> <CoreInst = "RAM_1P">   --->   Core 85 'RAM_1P' <Latency = 1> <II = 1> <Delay = 2.32> <Storage> <Opcode : 'load' 'store'> <Ports = 1> <Width = 32> <Depth = 9> <RAM>
ST_10 : Operation 136 [1/1] (0.00ns)   --->   "%empty_40 = bitcast i32 %kernel_load_8"   --->   Operation 136 'bitcast' 'empty_40' <Predicate = true> <Delay = 0.00>
ST_10 : Operation 137 [1/1] (0.00ns)   --->   "%br_ln136 = br void %VITIS_LOOP_137_8" [grayscale_kernel.cpp:136]   --->   Operation 137 'br' 'br_ln136' <Predicate = true> <Delay = 0.00>

State 11 <SV = 10> <Delay = 6.65>
ST_11 : Operation 138 [1/1] (0.00ns)   --->   "%row_1 = load i31 %row" [grayscale_kernel.cpp:136]   --->   Operation 138 'load' 'row_1' <Predicate = true> <Delay = 0.00>
ST_11 : Operation 139 [1/1] (0.00ns)   --->   "%zext_ln136 = zext i31 %row_1" [grayscale_kernel.cpp:136]   --->   Operation 139 'zext' 'zext_ln136' <Predicate = true> <Delay = 0.00>
ST_11 : Operation 140 [1/1] (2.55ns)   --->   "%icmp_ln136 = icmp_slt  i32 %zext_ln136, i32 %height_read" [grayscale_kernel.cpp:136]   --->   Operation 140 'icmp' 'icmp_ln136' <Predicate = true> <Delay = 2.55> <CoreInst = "Cmp">   --->   Core 9 'Cmp' <Latency = 0> <II = 1> <Delay = 2.55> <FuncUnit> <Opcode : 'seteq' 'setne' 'setle' 'setge' 'setlt' 'setgt'> <InPorts = 2> <OutPorts = 1>
ST_11 : Operation 141 [1/1] (2.52ns)   --->   "%row_2 = add i31 %row_1, i31 1" [grayscale_kernel.cpp:136]   --->   Operation 141 'add' 'row_2' <Predicate = true> <Delay = 2.52> <CoreInst = "Adder">   --->   Core 1 'Adder' <Latency = 0> <II = 1> <Delay = 2.52> <FuncUnit> <Opcode : 'add' 'sub'> <InPorts = 2> <OutPorts = 1>
ST_11 : Operation 142 [1/1] (0.00ns)   --->   "%br_ln136 = br i1 %icmp_ln136, void %for.end71.loopexit, void %VITIS_LOOP_137_8.split" [grayscale_kernel.cpp:136]   --->   Operation 142 'br' 'br_ln136' <Predicate = true> <Delay = 0.00>
ST_11 : Operation 143 [1/1] (0.00ns)   --->   "%src_row_4_cast = zext i31 %row_2" [grayscale_kernel.cpp:136]   --->   Operation 143 'zext' 'src_row_4_cast' <Predicate = (icmp_ln136)> <Delay = 0.00>
ST_11 : Operation 144 [1/1] (2.52ns)   --->   "%src_row = add i32 %zext_ln136, i32 4294967295" [grayscale_kernel.cpp:136]   --->   Operation 144 'add' 'src_row' <Predicate = (icmp_ln136)> <Delay = 2.52> <CoreInst = "Adder">   --->   Core 1 'Adder' <Latency = 0> <II = 1> <Delay = 2.52> <FuncUnit> <Opcode : 'add' 'sub'> <InPorts = 2> <OutPorts = 1>
ST_11 : Operation 145 [1/1] (0.00ns)   --->   "%tmp = bitselect i1 @_ssdm_op_BitSelect.i1.i32.i32, i32 %src_row, i32 31" [grayscale_kernel.cpp:136]   --->   Operation 145 'bitselect' 'tmp' <Predicate = (icmp_ln136)> <Delay = 0.00>
ST_11 : Operation 146 [36/36] (4.13ns)   --->   "%sub_i_op = urem i32 %src_row, i32 3" [grayscale_kernel.cpp:136]   --->   Operation 146 'urem' 'sub_i_op' <Predicate = (icmp_ln136)> <Delay = 4.13> <CoreInst = "DivnS_SEQ">   --->   Core 7 'DivnS_SEQ' <Latency = 35> <II = 2> <Delay = 4.13> <FuncUnit> <Opcode : 'udiv' 'sdiv' 'urem' 'srem'> <InPorts = 2> <OutPorts = 1>
ST_11 : Operation 147 [1/1] (2.55ns)   --->   "%slt = icmp_slt  i32 %src_row_4_cast, i32 %height_read" [grayscale_kernel.cpp:136]   --->   Operation 147 'icmp' 'slt' <Predicate = (icmp_ln136)> <Delay = 2.55> <CoreInst = "Cmp">   --->   Core 9 'Cmp' <Latency = 0> <II = 1> <Delay = 2.55> <FuncUnit> <Opcode : 'seteq' 'setne' 'setle' 'setge' 'setlt' 'setgt'> <InPorts = 2> <OutPorts = 1>
ST_11 : Operation 148 [1/1] (0.00ns) (grouped into LUT with out node src_row_3)   --->   "%rev = xor i1 %slt, i1 1" [grayscale_kernel.cpp:136]   --->   Operation 148 'xor' 'rev' <Predicate = (icmp_ln136)> <Delay = 0.00> <CoreInst = "LogicGate">   --->   Core 74 'LogicGate' <Latency = 0> <II = 1> <Delay = 0.97> <FuncUnit> <Opcode : 'and' 'or' 'xor'> <InPorts = 2> <OutPorts = 1>
ST_11 : Operation 149 [1/1] (0.97ns) (out node of the LUT)   --->   "%src_row_3 = select i1 %rev, i31 %sub14_i, i31 %row_2" [grayscale_kernel.cpp:136]   --->   Operation 149 'select' 'src_row_3' <Predicate = (icmp_ln136)> <Delay = 0.97> <CoreInst = "Sel">   --->   Core 73 'Sel' <Latency = 0> <II = 1> <Delay = 0.73> <FuncUnit> <Opcode : 'select'> <InPorts = 3> <OutPorts = 1>
ST_11 : Operation 150 [1/1] (1.58ns)   --->   "%store_ln136 = store i31 %row_2, i31 %row" [grayscale_kernel.cpp:136]   --->   Operation 150 'store' 'store_ln136' <Predicate = (icmp_ln136)> <Delay = 1.58>

State 12 <SV = 11> <Delay = 4.13>
ST_12 : Operation 151 [35/36] (4.13ns)   --->   "%sub_i_op = urem i32 %src_row, i32 3" [grayscale_kernel.cpp:136]   --->   Operation 151 'urem' 'sub_i_op' <Predicate = true> <Delay = 4.13> <CoreInst = "DivnS_SEQ">   --->   Core 7 'DivnS_SEQ' <Latency = 35> <II = 2> <Delay = 4.13> <FuncUnit> <Opcode : 'udiv' 'sdiv' 'urem' 'srem'> <InPorts = 2> <OutPorts = 1>
ST_12 : Operation 152 [35/35] (4.11ns)   --->   "%buffer_row = urem i31 %src_row_3, i31 3" [grayscale_kernel.cpp:136]   --->   Operation 152 'urem' 'buffer_row' <Predicate = true> <Delay = 4.11> <CoreInst = "DivnS_SEQ">   --->   Core 7 'DivnS_SEQ' <Latency = 34> <II = 2> <Delay = 4.11> <FuncUnit> <Opcode : 'udiv' 'sdiv' 'urem' 'srem'> <InPorts = 2> <OutPorts = 1>

State 13 <SV = 12> <Delay = 4.13>
ST_13 : Operation 153 [34/36] (4.13ns)   --->   "%sub_i_op = urem i32 %src_row, i32 3" [grayscale_kernel.cpp:136]   --->   Operation 153 'urem' 'sub_i_op' <Predicate = true> <Delay = 4.13> <CoreInst = "DivnS_SEQ">   --->   Core 7 'DivnS_SEQ' <Latency = 35> <II = 2> <Delay = 4.13> <FuncUnit> <Opcode : 'udiv' 'sdiv' 'urem' 'srem'> <InPorts = 2> <OutPorts = 1>
ST_13 : Operation 154 [34/35] (4.11ns)   --->   "%buffer_row = urem i31 %src_row_3, i31 3" [grayscale_kernel.cpp:136]   --->   Operation 154 'urem' 'buffer_row' <Predicate = true> <Delay = 4.11> <CoreInst = "DivnS_SEQ">   --->   Core 7 'DivnS_SEQ' <Latency = 34> <II = 2> <Delay = 4.11> <FuncUnit> <Opcode : 'udiv' 'sdiv' 'urem' 'srem'> <InPorts = 2> <OutPorts = 1>

State 14 <SV = 13> <Delay = 4.13>
ST_14 : Operation 155 [33/36] (4.13ns)   --->   "%sub_i_op = urem i32 %src_row, i32 3" [grayscale_kernel.cpp:136]   --->   Operation 155 'urem' 'sub_i_op' <Predicate = true> <Delay = 4.13> <CoreInst = "DivnS_SEQ">   --->   Core 7 'DivnS_SEQ' <Latency = 35> <II = 2> <Delay = 4.13> <FuncUnit> <Opcode : 'udiv' 'sdiv' 'urem' 'srem'> <InPorts = 2> <OutPorts = 1>
ST_14 : Operation 156 [33/35] (4.11ns)   --->   "%buffer_row = urem i31 %src_row_3, i31 3" [grayscale_kernel.cpp:136]   --->   Operation 156 'urem' 'buffer_row' <Predicate = true> <Delay = 4.11> <CoreInst = "DivnS_SEQ">   --->   Core 7 'DivnS_SEQ' <Latency = 34> <II = 2> <Delay = 4.11> <FuncUnit> <Opcode : 'udiv' 'sdiv' 'urem' 'srem'> <InPorts = 2> <OutPorts = 1>

State 15 <SV = 14> <Delay = 4.13>
ST_15 : Operation 157 [32/36] (4.13ns)   --->   "%sub_i_op = urem i32 %src_row, i32 3" [grayscale_kernel.cpp:136]   --->   Operation 157 'urem' 'sub_i_op' <Predicate = true> <Delay = 4.13> <CoreInst = "DivnS_SEQ">   --->   Core 7 'DivnS_SEQ' <Latency = 35> <II = 2> <Delay = 4.13> <FuncUnit> <Opcode : 'udiv' 'sdiv' 'urem' 'srem'> <InPorts = 2> <OutPorts = 1>
ST_15 : Operation 158 [32/35] (4.11ns)   --->   "%buffer_row = urem i31 %src_row_3, i31 3" [grayscale_kernel.cpp:136]   --->   Operation 158 'urem' 'buffer_row' <Predicate = true> <Delay = 4.11> <CoreInst = "DivnS_SEQ">   --->   Core 7 'DivnS_SEQ' <Latency = 34> <II = 2> <Delay = 4.11> <FuncUnit> <Opcode : 'udiv' 'sdiv' 'urem' 'srem'> <InPorts = 2> <OutPorts = 1>

State 16 <SV = 15> <Delay = 4.13>
ST_16 : Operation 159 [31/36] (4.13ns)   --->   "%sub_i_op = urem i32 %src_row, i32 3" [grayscale_kernel.cpp:136]   --->   Operation 159 'urem' 'sub_i_op' <Predicate = true> <Delay = 4.13> <CoreInst = "DivnS_SEQ">   --->   Core 7 'DivnS_SEQ' <Latency = 35> <II = 2> <Delay = 4.13> <FuncUnit> <Opcode : 'udiv' 'sdiv' 'urem' 'srem'> <InPorts = 2> <OutPorts = 1>
ST_16 : Operation 160 [31/35] (4.11ns)   --->   "%buffer_row = urem i31 %src_row_3, i31 3" [grayscale_kernel.cpp:136]   --->   Operation 160 'urem' 'buffer_row' <Predicate = true> <Delay = 4.11> <CoreInst = "DivnS_SEQ">   --->   Core 7 'DivnS_SEQ' <Latency = 34> <II = 2> <Delay = 4.11> <FuncUnit> <Opcode : 'udiv' 'sdiv' 'urem' 'srem'> <InPorts = 2> <OutPorts = 1>

State 17 <SV = 16> <Delay = 4.13>
ST_17 : Operation 161 [30/36] (4.13ns)   --->   "%sub_i_op = urem i32 %src_row, i32 3" [grayscale_kernel.cpp:136]   --->   Operation 161 'urem' 'sub_i_op' <Predicate = true> <Delay = 4.13> <CoreInst = "DivnS_SEQ">   --->   Core 7 'DivnS_SEQ' <Latency = 35> <II = 2> <Delay = 4.13> <FuncUnit> <Opcode : 'udiv' 'sdiv' 'urem' 'srem'> <InPorts = 2> <OutPorts = 1>
ST_17 : Operation 162 [30/35] (4.11ns)   --->   "%buffer_row = urem i31 %src_row_3, i31 3" [grayscale_kernel.cpp:136]   --->   Operation 162 'urem' 'buffer_row' <Predicate = true> <Delay = 4.11> <CoreInst = "DivnS_SEQ">   --->   Core 7 'DivnS_SEQ' <Latency = 34> <II = 2> <Delay = 4.11> <FuncUnit> <Opcode : 'udiv' 'sdiv' 'urem' 'srem'> <InPorts = 2> <OutPorts = 1>

State 18 <SV = 17> <Delay = 4.13>
ST_18 : Operation 163 [29/36] (4.13ns)   --->   "%sub_i_op = urem i32 %src_row, i32 3" [grayscale_kernel.cpp:136]   --->   Operation 163 'urem' 'sub_i_op' <Predicate = true> <Delay = 4.13> <CoreInst = "DivnS_SEQ">   --->   Core 7 'DivnS_SEQ' <Latency = 35> <II = 2> <Delay = 4.13> <FuncUnit> <Opcode : 'udiv' 'sdiv' 'urem' 'srem'> <InPorts = 2> <OutPorts = 1>
ST_18 : Operation 164 [29/35] (4.11ns)   --->   "%buffer_row = urem i31 %src_row_3, i31 3" [grayscale_kernel.cpp:136]   --->   Operation 164 'urem' 'buffer_row' <Predicate = true> <Delay = 4.11> <CoreInst = "DivnS_SEQ">   --->   Core 7 'DivnS_SEQ' <Latency = 34> <II = 2> <Delay = 4.11> <FuncUnit> <Opcode : 'udiv' 'sdiv' 'urem' 'srem'> <InPorts = 2> <OutPorts = 1>

State 19 <SV = 18> <Delay = 4.13>
ST_19 : Operation 165 [28/36] (4.13ns)   --->   "%sub_i_op = urem i32 %src_row, i32 3" [grayscale_kernel.cpp:136]   --->   Operation 165 'urem' 'sub_i_op' <Predicate = true> <Delay = 4.13> <CoreInst = "DivnS_SEQ">   --->   Core 7 'DivnS_SEQ' <Latency = 35> <II = 2> <Delay = 4.13> <FuncUnit> <Opcode : 'udiv' 'sdiv' 'urem' 'srem'> <InPorts = 2> <OutPorts = 1>
ST_19 : Operation 166 [28/35] (4.11ns)   --->   "%buffer_row = urem i31 %src_row_3, i31 3" [grayscale_kernel.cpp:136]   --->   Operation 166 'urem' 'buffer_row' <Predicate = true> <Delay = 4.11> <CoreInst = "DivnS_SEQ">   --->   Core 7 'DivnS_SEQ' <Latency = 34> <II = 2> <Delay = 4.11> <FuncUnit> <Opcode : 'udiv' 'sdiv' 'urem' 'srem'> <InPorts = 2> <OutPorts = 1>

State 20 <SV = 19> <Delay = 4.13>
ST_20 : Operation 167 [27/36] (4.13ns)   --->   "%sub_i_op = urem i32 %src_row, i32 3" [grayscale_kernel.cpp:136]   --->   Operation 167 'urem' 'sub_i_op' <Predicate = true> <Delay = 4.13> <CoreInst = "DivnS_SEQ">   --->   Core 7 'DivnS_SEQ' <Latency = 35> <II = 2> <Delay = 4.13> <FuncUnit> <Opcode : 'udiv' 'sdiv' 'urem' 'srem'> <InPorts = 2> <OutPorts = 1>
ST_20 : Operation 168 [27/35] (4.11ns)   --->   "%buffer_row = urem i31 %src_row_3, i31 3" [grayscale_kernel.cpp:136]   --->   Operation 168 'urem' 'buffer_row' <Predicate = true> <Delay = 4.11> <CoreInst = "DivnS_SEQ">   --->   Core 7 'DivnS_SEQ' <Latency = 34> <II = 2> <Delay = 4.11> <FuncUnit> <Opcode : 'udiv' 'sdiv' 'urem' 'srem'> <InPorts = 2> <OutPorts = 1>

State 21 <SV = 20> <Delay = 4.13>
ST_21 : Operation 169 [26/36] (4.13ns)   --->   "%sub_i_op = urem i32 %src_row, i32 3" [grayscale_kernel.cpp:136]   --->   Operation 169 'urem' 'sub_i_op' <Predicate = true> <Delay = 4.13> <CoreInst = "DivnS_SEQ">   --->   Core 7 'DivnS_SEQ' <Latency = 35> <II = 2> <Delay = 4.13> <FuncUnit> <Opcode : 'udiv' 'sdiv' 'urem' 'srem'> <InPorts = 2> <OutPorts = 1>
ST_21 : Operation 170 [26/35] (4.11ns)   --->   "%buffer_row = urem i31 %src_row_3, i31 3" [grayscale_kernel.cpp:136]   --->   Operation 170 'urem' 'buffer_row' <Predicate = true> <Delay = 4.11> <CoreInst = "DivnS_SEQ">   --->   Core 7 'DivnS_SEQ' <Latency = 34> <II = 2> <Delay = 4.11> <FuncUnit> <Opcode : 'udiv' 'sdiv' 'urem' 'srem'> <InPorts = 2> <OutPorts = 1>

State 22 <SV = 21> <Delay = 4.13>
ST_22 : Operation 171 [25/36] (4.13ns)   --->   "%sub_i_op = urem i32 %src_row, i32 3" [grayscale_kernel.cpp:136]   --->   Operation 171 'urem' 'sub_i_op' <Predicate = true> <Delay = 4.13> <CoreInst = "DivnS_SEQ">   --->   Core 7 'DivnS_SEQ' <Latency = 35> <II = 2> <Delay = 4.13> <FuncUnit> <Opcode : 'udiv' 'sdiv' 'urem' 'srem'> <InPorts = 2> <OutPorts = 1>
ST_22 : Operation 172 [25/35] (4.11ns)   --->   "%buffer_row = urem i31 %src_row_3, i31 3" [grayscale_kernel.cpp:136]   --->   Operation 172 'urem' 'buffer_row' <Predicate = true> <Delay = 4.11> <CoreInst = "DivnS_SEQ">   --->   Core 7 'DivnS_SEQ' <Latency = 34> <II = 2> <Delay = 4.11> <FuncUnit> <Opcode : 'udiv' 'sdiv' 'urem' 'srem'> <InPorts = 2> <OutPorts = 1>

State 23 <SV = 22> <Delay = 4.13>
ST_23 : Operation 173 [24/36] (4.13ns)   --->   "%sub_i_op = urem i32 %src_row, i32 3" [grayscale_kernel.cpp:136]   --->   Operation 173 'urem' 'sub_i_op' <Predicate = true> <Delay = 4.13> <CoreInst = "DivnS_SEQ">   --->   Core 7 'DivnS_SEQ' <Latency = 35> <II = 2> <Delay = 4.13> <FuncUnit> <Opcode : 'udiv' 'sdiv' 'urem' 'srem'> <InPorts = 2> <OutPorts = 1>
ST_23 : Operation 174 [24/35] (4.11ns)   --->   "%buffer_row = urem i31 %src_row_3, i31 3" [grayscale_kernel.cpp:136]   --->   Operation 174 'urem' 'buffer_row' <Predicate = true> <Delay = 4.11> <CoreInst = "DivnS_SEQ">   --->   Core 7 'DivnS_SEQ' <Latency = 34> <II = 2> <Delay = 4.11> <FuncUnit> <Opcode : 'udiv' 'sdiv' 'urem' 'srem'> <InPorts = 2> <OutPorts = 1>

State 24 <SV = 23> <Delay = 4.13>
ST_24 : Operation 175 [23/36] (4.13ns)   --->   "%sub_i_op = urem i32 %src_row, i32 3" [grayscale_kernel.cpp:136]   --->   Operation 175 'urem' 'sub_i_op' <Predicate = true> <Delay = 4.13> <CoreInst = "DivnS_SEQ">   --->   Core 7 'DivnS_SEQ' <Latency = 35> <II = 2> <Delay = 4.13> <FuncUnit> <Opcode : 'udiv' 'sdiv' 'urem' 'srem'> <InPorts = 2> <OutPorts = 1>
ST_24 : Operation 176 [23/35] (4.11ns)   --->   "%buffer_row = urem i31 %src_row_3, i31 3" [grayscale_kernel.cpp:136]   --->   Operation 176 'urem' 'buffer_row' <Predicate = true> <Delay = 4.11> <CoreInst = "DivnS_SEQ">   --->   Core 7 'DivnS_SEQ' <Latency = 34> <II = 2> <Delay = 4.11> <FuncUnit> <Opcode : 'udiv' 'sdiv' 'urem' 'srem'> <InPorts = 2> <OutPorts = 1>

State 25 <SV = 24> <Delay = 4.13>
ST_25 : Operation 177 [22/36] (4.13ns)   --->   "%sub_i_op = urem i32 %src_row, i32 3" [grayscale_kernel.cpp:136]   --->   Operation 177 'urem' 'sub_i_op' <Predicate = true> <Delay = 4.13> <CoreInst = "DivnS_SEQ">   --->   Core 7 'DivnS_SEQ' <Latency = 35> <II = 2> <Delay = 4.13> <FuncUnit> <Opcode : 'udiv' 'sdiv' 'urem' 'srem'> <InPorts = 2> <OutPorts = 1>
ST_25 : Operation 178 [22/35] (4.11ns)   --->   "%buffer_row = urem i31 %src_row_3, i31 3" [grayscale_kernel.cpp:136]   --->   Operation 178 'urem' 'buffer_row' <Predicate = true> <Delay = 4.11> <CoreInst = "DivnS_SEQ">   --->   Core 7 'DivnS_SEQ' <Latency = 34> <II = 2> <Delay = 4.11> <FuncUnit> <Opcode : 'udiv' 'sdiv' 'urem' 'srem'> <InPorts = 2> <OutPorts = 1>

State 26 <SV = 25> <Delay = 4.13>
ST_26 : Operation 179 [21/36] (4.13ns)   --->   "%sub_i_op = urem i32 %src_row, i32 3" [grayscale_kernel.cpp:136]   --->   Operation 179 'urem' 'sub_i_op' <Predicate = true> <Delay = 4.13> <CoreInst = "DivnS_SEQ">   --->   Core 7 'DivnS_SEQ' <Latency = 35> <II = 2> <Delay = 4.13> <FuncUnit> <Opcode : 'udiv' 'sdiv' 'urem' 'srem'> <InPorts = 2> <OutPorts = 1>
ST_26 : Operation 180 [21/35] (4.11ns)   --->   "%buffer_row = urem i31 %src_row_3, i31 3" [grayscale_kernel.cpp:136]   --->   Operation 180 'urem' 'buffer_row' <Predicate = true> <Delay = 4.11> <CoreInst = "DivnS_SEQ">   --->   Core 7 'DivnS_SEQ' <Latency = 34> <II = 2> <Delay = 4.11> <FuncUnit> <Opcode : 'udiv' 'sdiv' 'urem' 'srem'> <InPorts = 2> <OutPorts = 1>

State 27 <SV = 26> <Delay = 4.13>
ST_27 : Operation 181 [20/36] (4.13ns)   --->   "%sub_i_op = urem i32 %src_row, i32 3" [grayscale_kernel.cpp:136]   --->   Operation 181 'urem' 'sub_i_op' <Predicate = true> <Delay = 4.13> <CoreInst = "DivnS_SEQ">   --->   Core 7 'DivnS_SEQ' <Latency = 35> <II = 2> <Delay = 4.13> <FuncUnit> <Opcode : 'udiv' 'sdiv' 'urem' 'srem'> <InPorts = 2> <OutPorts = 1>
ST_27 : Operation 182 [20/35] (4.11ns)   --->   "%buffer_row = urem i31 %src_row_3, i31 3" [grayscale_kernel.cpp:136]   --->   Operation 182 'urem' 'buffer_row' <Predicate = true> <Delay = 4.11> <CoreInst = "DivnS_SEQ">   --->   Core 7 'DivnS_SEQ' <Latency = 34> <II = 2> <Delay = 4.11> <FuncUnit> <Opcode : 'udiv' 'sdiv' 'urem' 'srem'> <InPorts = 2> <OutPorts = 1>

State 28 <SV = 27> <Delay = 4.13>
ST_28 : Operation 183 [19/36] (4.13ns)   --->   "%sub_i_op = urem i32 %src_row, i32 3" [grayscale_kernel.cpp:136]   --->   Operation 183 'urem' 'sub_i_op' <Predicate = true> <Delay = 4.13> <CoreInst = "DivnS_SEQ">   --->   Core 7 'DivnS_SEQ' <Latency = 35> <II = 2> <Delay = 4.13> <FuncUnit> <Opcode : 'udiv' 'sdiv' 'urem' 'srem'> <InPorts = 2> <OutPorts = 1>
ST_28 : Operation 184 [19/35] (4.11ns)   --->   "%buffer_row = urem i31 %src_row_3, i31 3" [grayscale_kernel.cpp:136]   --->   Operation 184 'urem' 'buffer_row' <Predicate = true> <Delay = 4.11> <CoreInst = "DivnS_SEQ">   --->   Core 7 'DivnS_SEQ' <Latency = 34> <II = 2> <Delay = 4.11> <FuncUnit> <Opcode : 'udiv' 'sdiv' 'urem' 'srem'> <InPorts = 2> <OutPorts = 1>

State 29 <SV = 28> <Delay = 4.13>
ST_29 : Operation 185 [18/36] (4.13ns)   --->   "%sub_i_op = urem i32 %src_row, i32 3" [grayscale_kernel.cpp:136]   --->   Operation 185 'urem' 'sub_i_op' <Predicate = true> <Delay = 4.13> <CoreInst = "DivnS_SEQ">   --->   Core 7 'DivnS_SEQ' <Latency = 35> <II = 2> <Delay = 4.13> <FuncUnit> <Opcode : 'udiv' 'sdiv' 'urem' 'srem'> <InPorts = 2> <OutPorts = 1>
ST_29 : Operation 186 [18/35] (4.11ns)   --->   "%buffer_row = urem i31 %src_row_3, i31 3" [grayscale_kernel.cpp:136]   --->   Operation 186 'urem' 'buffer_row' <Predicate = true> <Delay = 4.11> <CoreInst = "DivnS_SEQ">   --->   Core 7 'DivnS_SEQ' <Latency = 34> <II = 2> <Delay = 4.11> <FuncUnit> <Opcode : 'udiv' 'sdiv' 'urem' 'srem'> <InPorts = 2> <OutPorts = 1>

State 30 <SV = 29> <Delay = 4.13>
ST_30 : Operation 187 [17/36] (4.13ns)   --->   "%sub_i_op = urem i32 %src_row, i32 3" [grayscale_kernel.cpp:136]   --->   Operation 187 'urem' 'sub_i_op' <Predicate = true> <Delay = 4.13> <CoreInst = "DivnS_SEQ">   --->   Core 7 'DivnS_SEQ' <Latency = 35> <II = 2> <Delay = 4.13> <FuncUnit> <Opcode : 'udiv' 'sdiv' 'urem' 'srem'> <InPorts = 2> <OutPorts = 1>
ST_30 : Operation 188 [17/35] (4.11ns)   --->   "%buffer_row = urem i31 %src_row_3, i31 3" [grayscale_kernel.cpp:136]   --->   Operation 188 'urem' 'buffer_row' <Predicate = true> <Delay = 4.11> <CoreInst = "DivnS_SEQ">   --->   Core 7 'DivnS_SEQ' <Latency = 34> <II = 2> <Delay = 4.11> <FuncUnit> <Opcode : 'udiv' 'sdiv' 'urem' 'srem'> <InPorts = 2> <OutPorts = 1>

State 31 <SV = 30> <Delay = 4.13>
ST_31 : Operation 189 [16/36] (4.13ns)   --->   "%sub_i_op = urem i32 %src_row, i32 3" [grayscale_kernel.cpp:136]   --->   Operation 189 'urem' 'sub_i_op' <Predicate = true> <Delay = 4.13> <CoreInst = "DivnS_SEQ">   --->   Core 7 'DivnS_SEQ' <Latency = 35> <II = 2> <Delay = 4.13> <FuncUnit> <Opcode : 'udiv' 'sdiv' 'urem' 'srem'> <InPorts = 2> <OutPorts = 1>
ST_31 : Operation 190 [16/35] (4.11ns)   --->   "%buffer_row = urem i31 %src_row_3, i31 3" [grayscale_kernel.cpp:136]   --->   Operation 190 'urem' 'buffer_row' <Predicate = true> <Delay = 4.11> <CoreInst = "DivnS_SEQ">   --->   Core 7 'DivnS_SEQ' <Latency = 34> <II = 2> <Delay = 4.11> <FuncUnit> <Opcode : 'udiv' 'sdiv' 'urem' 'srem'> <InPorts = 2> <OutPorts = 1>

State 32 <SV = 31> <Delay = 4.13>
ST_32 : Operation 191 [15/36] (4.13ns)   --->   "%sub_i_op = urem i32 %src_row, i32 3" [grayscale_kernel.cpp:136]   --->   Operation 191 'urem' 'sub_i_op' <Predicate = true> <Delay = 4.13> <CoreInst = "DivnS_SEQ">   --->   Core 7 'DivnS_SEQ' <Latency = 35> <II = 2> <Delay = 4.13> <FuncUnit> <Opcode : 'udiv' 'sdiv' 'urem' 'srem'> <InPorts = 2> <OutPorts = 1>
ST_32 : Operation 192 [15/35] (4.11ns)   --->   "%buffer_row = urem i31 %src_row_3, i31 3" [grayscale_kernel.cpp:136]   --->   Operation 192 'urem' 'buffer_row' <Predicate = true> <Delay = 4.11> <CoreInst = "DivnS_SEQ">   --->   Core 7 'DivnS_SEQ' <Latency = 34> <II = 2> <Delay = 4.11> <FuncUnit> <Opcode : 'udiv' 'sdiv' 'urem' 'srem'> <InPorts = 2> <OutPorts = 1>

State 33 <SV = 32> <Delay = 4.13>
ST_33 : Operation 193 [14/36] (4.13ns)   --->   "%sub_i_op = urem i32 %src_row, i32 3" [grayscale_kernel.cpp:136]   --->   Operation 193 'urem' 'sub_i_op' <Predicate = true> <Delay = 4.13> <CoreInst = "DivnS_SEQ">   --->   Core 7 'DivnS_SEQ' <Latency = 35> <II = 2> <Delay = 4.13> <FuncUnit> <Opcode : 'udiv' 'sdiv' 'urem' 'srem'> <InPorts = 2> <OutPorts = 1>
ST_33 : Operation 194 [14/35] (4.11ns)   --->   "%buffer_row = urem i31 %src_row_3, i31 3" [grayscale_kernel.cpp:136]   --->   Operation 194 'urem' 'buffer_row' <Predicate = true> <Delay = 4.11> <CoreInst = "DivnS_SEQ">   --->   Core 7 'DivnS_SEQ' <Latency = 34> <II = 2> <Delay = 4.11> <FuncUnit> <Opcode : 'udiv' 'sdiv' 'urem' 'srem'> <InPorts = 2> <OutPorts = 1>

State 34 <SV = 33> <Delay = 4.13>
ST_34 : Operation 195 [13/36] (4.13ns)   --->   "%sub_i_op = urem i32 %src_row, i32 3" [grayscale_kernel.cpp:136]   --->   Operation 195 'urem' 'sub_i_op' <Predicate = true> <Delay = 4.13> <CoreInst = "DivnS_SEQ">   --->   Core 7 'DivnS_SEQ' <Latency = 35> <II = 2> <Delay = 4.13> <FuncUnit> <Opcode : 'udiv' 'sdiv' 'urem' 'srem'> <InPorts = 2> <OutPorts = 1>
ST_34 : Operation 196 [13/35] (4.11ns)   --->   "%buffer_row = urem i31 %src_row_3, i31 3" [grayscale_kernel.cpp:136]   --->   Operation 196 'urem' 'buffer_row' <Predicate = true> <Delay = 4.11> <CoreInst = "DivnS_SEQ">   --->   Core 7 'DivnS_SEQ' <Latency = 34> <II = 2> <Delay = 4.11> <FuncUnit> <Opcode : 'udiv' 'sdiv' 'urem' 'srem'> <InPorts = 2> <OutPorts = 1>

State 35 <SV = 34> <Delay = 4.13>
ST_35 : Operation 197 [12/36] (4.13ns)   --->   "%sub_i_op = urem i32 %src_row, i32 3" [grayscale_kernel.cpp:136]   --->   Operation 197 'urem' 'sub_i_op' <Predicate = true> <Delay = 4.13> <CoreInst = "DivnS_SEQ">   --->   Core 7 'DivnS_SEQ' <Latency = 35> <II = 2> <Delay = 4.13> <FuncUnit> <Opcode : 'udiv' 'sdiv' 'urem' 'srem'> <InPorts = 2> <OutPorts = 1>
ST_35 : Operation 198 [12/35] (4.11ns)   --->   "%buffer_row = urem i31 %src_row_3, i31 3" [grayscale_kernel.cpp:136]   --->   Operation 198 'urem' 'buffer_row' <Predicate = true> <Delay = 4.11> <CoreInst = "DivnS_SEQ">   --->   Core 7 'DivnS_SEQ' <Latency = 34> <II = 2> <Delay = 4.11> <FuncUnit> <Opcode : 'udiv' 'sdiv' 'urem' 'srem'> <InPorts = 2> <OutPorts = 1>

State 36 <SV = 35> <Delay = 4.13>
ST_36 : Operation 199 [11/36] (4.13ns)   --->   "%sub_i_op = urem i32 %src_row, i32 3" [grayscale_kernel.cpp:136]   --->   Operation 199 'urem' 'sub_i_op' <Predicate = true> <Delay = 4.13> <CoreInst = "DivnS_SEQ">   --->   Core 7 'DivnS_SEQ' <Latency = 35> <II = 2> <Delay = 4.13> <FuncUnit> <Opcode : 'udiv' 'sdiv' 'urem' 'srem'> <InPorts = 2> <OutPorts = 1>
ST_36 : Operation 200 [11/35] (4.11ns)   --->   "%buffer_row = urem i31 %src_row_3, i31 3" [grayscale_kernel.cpp:136]   --->   Operation 200 'urem' 'buffer_row' <Predicate = true> <Delay = 4.11> <CoreInst = "DivnS_SEQ">   --->   Core 7 'DivnS_SEQ' <Latency = 34> <II = 2> <Delay = 4.11> <FuncUnit> <Opcode : 'udiv' 'sdiv' 'urem' 'srem'> <InPorts = 2> <OutPorts = 1>

State 37 <SV = 36> <Delay = 4.13>
ST_37 : Operation 201 [10/36] (4.13ns)   --->   "%sub_i_op = urem i32 %src_row, i32 3" [grayscale_kernel.cpp:136]   --->   Operation 201 'urem' 'sub_i_op' <Predicate = true> <Delay = 4.13> <CoreInst = "DivnS_SEQ">   --->   Core 7 'DivnS_SEQ' <Latency = 35> <II = 2> <Delay = 4.13> <FuncUnit> <Opcode : 'udiv' 'sdiv' 'urem' 'srem'> <InPorts = 2> <OutPorts = 1>
ST_37 : Operation 202 [10/35] (4.11ns)   --->   "%buffer_row = urem i31 %src_row_3, i31 3" [grayscale_kernel.cpp:136]   --->   Operation 202 'urem' 'buffer_row' <Predicate = true> <Delay = 4.11> <CoreInst = "DivnS_SEQ">   --->   Core 7 'DivnS_SEQ' <Latency = 34> <II = 2> <Delay = 4.11> <FuncUnit> <Opcode : 'udiv' 'sdiv' 'urem' 'srem'> <InPorts = 2> <OutPorts = 1>

State 38 <SV = 37> <Delay = 4.13>
ST_38 : Operation 203 [9/36] (4.13ns)   --->   "%sub_i_op = urem i32 %src_row, i32 3" [grayscale_kernel.cpp:136]   --->   Operation 203 'urem' 'sub_i_op' <Predicate = true> <Delay = 4.13> <CoreInst = "DivnS_SEQ">   --->   Core 7 'DivnS_SEQ' <Latency = 35> <II = 2> <Delay = 4.13> <FuncUnit> <Opcode : 'udiv' 'sdiv' 'urem' 'srem'> <InPorts = 2> <OutPorts = 1>
ST_38 : Operation 204 [9/35] (4.11ns)   --->   "%buffer_row = urem i31 %src_row_3, i31 3" [grayscale_kernel.cpp:136]   --->   Operation 204 'urem' 'buffer_row' <Predicate = true> <Delay = 4.11> <CoreInst = "DivnS_SEQ">   --->   Core 7 'DivnS_SEQ' <Latency = 34> <II = 2> <Delay = 4.11> <FuncUnit> <Opcode : 'udiv' 'sdiv' 'urem' 'srem'> <InPorts = 2> <OutPorts = 1>

State 39 <SV = 38> <Delay = 4.13>
ST_39 : Operation 205 [8/36] (4.13ns)   --->   "%sub_i_op = urem i32 %src_row, i32 3" [grayscale_kernel.cpp:136]   --->   Operation 205 'urem' 'sub_i_op' <Predicate = true> <Delay = 4.13> <CoreInst = "DivnS_SEQ">   --->   Core 7 'DivnS_SEQ' <Latency = 35> <II = 2> <Delay = 4.13> <FuncUnit> <Opcode : 'udiv' 'sdiv' 'urem' 'srem'> <InPorts = 2> <OutPorts = 1>
ST_39 : Operation 206 [8/35] (4.11ns)   --->   "%buffer_row = urem i31 %src_row_3, i31 3" [grayscale_kernel.cpp:136]   --->   Operation 206 'urem' 'buffer_row' <Predicate = true> <Delay = 4.11> <CoreInst = "DivnS_SEQ">   --->   Core 7 'DivnS_SEQ' <Latency = 34> <II = 2> <Delay = 4.11> <FuncUnit> <Opcode : 'udiv' 'sdiv' 'urem' 'srem'> <InPorts = 2> <OutPorts = 1>

State 40 <SV = 39> <Delay = 4.13>
ST_40 : Operation 207 [7/36] (4.13ns)   --->   "%sub_i_op = urem i32 %src_row, i32 3" [grayscale_kernel.cpp:136]   --->   Operation 207 'urem' 'sub_i_op' <Predicate = true> <Delay = 4.13> <CoreInst = "DivnS_SEQ">   --->   Core 7 'DivnS_SEQ' <Latency = 35> <II = 2> <Delay = 4.13> <FuncUnit> <Opcode : 'udiv' 'sdiv' 'urem' 'srem'> <InPorts = 2> <OutPorts = 1>
ST_40 : Operation 208 [7/35] (4.11ns)   --->   "%buffer_row = urem i31 %src_row_3, i31 3" [grayscale_kernel.cpp:136]   --->   Operation 208 'urem' 'buffer_row' <Predicate = true> <Delay = 4.11> <CoreInst = "DivnS_SEQ">   --->   Core 7 'DivnS_SEQ' <Latency = 34> <II = 2> <Delay = 4.11> <FuncUnit> <Opcode : 'udiv' 'sdiv' 'urem' 'srem'> <InPorts = 2> <OutPorts = 1>

State 41 <SV = 40> <Delay = 4.13>
ST_41 : Operation 209 [6/36] (4.13ns)   --->   "%sub_i_op = urem i32 %src_row, i32 3" [grayscale_kernel.cpp:136]   --->   Operation 209 'urem' 'sub_i_op' <Predicate = true> <Delay = 4.13> <CoreInst = "DivnS_SEQ">   --->   Core 7 'DivnS_SEQ' <Latency = 35> <II = 2> <Delay = 4.13> <FuncUnit> <Opcode : 'udiv' 'sdiv' 'urem' 'srem'> <InPorts = 2> <OutPorts = 1>
ST_41 : Operation 210 [6/35] (4.11ns)   --->   "%buffer_row = urem i31 %src_row_3, i31 3" [grayscale_kernel.cpp:136]   --->   Operation 210 'urem' 'buffer_row' <Predicate = true> <Delay = 4.11> <CoreInst = "DivnS_SEQ">   --->   Core 7 'DivnS_SEQ' <Latency = 34> <II = 2> <Delay = 4.11> <FuncUnit> <Opcode : 'udiv' 'sdiv' 'urem' 'srem'> <InPorts = 2> <OutPorts = 1>

State 42 <SV = 41> <Delay = 4.13>
ST_42 : Operation 211 [5/36] (4.13ns)   --->   "%sub_i_op = urem i32 %src_row, i32 3" [grayscale_kernel.cpp:136]   --->   Operation 211 'urem' 'sub_i_op' <Predicate = true> <Delay = 4.13> <CoreInst = "DivnS_SEQ">   --->   Core 7 'DivnS_SEQ' <Latency = 35> <II = 2> <Delay = 4.13> <FuncUnit> <Opcode : 'udiv' 'sdiv' 'urem' 'srem'> <InPorts = 2> <OutPorts = 1>
ST_42 : Operation 212 [5/35] (4.11ns)   --->   "%buffer_row = urem i31 %src_row_3, i31 3" [grayscale_kernel.cpp:136]   --->   Operation 212 'urem' 'buffer_row' <Predicate = true> <Delay = 4.11> <CoreInst = "DivnS_SEQ">   --->   Core 7 'DivnS_SEQ' <Latency = 34> <II = 2> <Delay = 4.11> <FuncUnit> <Opcode : 'udiv' 'sdiv' 'urem' 'srem'> <InPorts = 2> <OutPorts = 1>

State 43 <SV = 42> <Delay = 4.13>
ST_43 : Operation 213 [4/36] (4.13ns)   --->   "%sub_i_op = urem i32 %src_row, i32 3" [grayscale_kernel.cpp:136]   --->   Operation 213 'urem' 'sub_i_op' <Predicate = true> <Delay = 4.13> <CoreInst = "DivnS_SEQ">   --->   Core 7 'DivnS_SEQ' <Latency = 35> <II = 2> <Delay = 4.13> <FuncUnit> <Opcode : 'udiv' 'sdiv' 'urem' 'srem'> <InPorts = 2> <OutPorts = 1>
ST_43 : Operation 214 [4/35] (4.11ns)   --->   "%buffer_row = urem i31 %src_row_3, i31 3" [grayscale_kernel.cpp:136]   --->   Operation 214 'urem' 'buffer_row' <Predicate = true> <Delay = 4.11> <CoreInst = "DivnS_SEQ">   --->   Core 7 'DivnS_SEQ' <Latency = 34> <II = 2> <Delay = 4.11> <FuncUnit> <Opcode : 'udiv' 'sdiv' 'urem' 'srem'> <InPorts = 2> <OutPorts = 1>

State 44 <SV = 43> <Delay = 4.13>
ST_44 : Operation 215 [3/36] (4.13ns)   --->   "%sub_i_op = urem i32 %src_row, i32 3" [grayscale_kernel.cpp:136]   --->   Operation 215 'urem' 'sub_i_op' <Predicate = true> <Delay = 4.13> <CoreInst = "DivnS_SEQ">   --->   Core 7 'DivnS_SEQ' <Latency = 35> <II = 2> <Delay = 4.13> <FuncUnit> <Opcode : 'udiv' 'sdiv' 'urem' 'srem'> <InPorts = 2> <OutPorts = 1>
ST_44 : Operation 216 [3/35] (4.11ns)   --->   "%buffer_row = urem i31 %src_row_3, i31 3" [grayscale_kernel.cpp:136]   --->   Operation 216 'urem' 'buffer_row' <Predicate = true> <Delay = 4.11> <CoreInst = "DivnS_SEQ">   --->   Core 7 'DivnS_SEQ' <Latency = 34> <II = 2> <Delay = 4.11> <FuncUnit> <Opcode : 'udiv' 'sdiv' 'urem' 'srem'> <InPorts = 2> <OutPorts = 1>

State 45 <SV = 44> <Delay = 4.13>
ST_45 : Operation 217 [2/36] (4.13ns)   --->   "%sub_i_op = urem i32 %src_row, i32 3" [grayscale_kernel.cpp:136]   --->   Operation 217 'urem' 'sub_i_op' <Predicate = true> <Delay = 4.13> <CoreInst = "DivnS_SEQ">   --->   Core 7 'DivnS_SEQ' <Latency = 35> <II = 2> <Delay = 4.13> <FuncUnit> <Opcode : 'udiv' 'sdiv' 'urem' 'srem'> <InPorts = 2> <OutPorts = 1>
ST_45 : Operation 218 [2/35] (4.11ns)   --->   "%buffer_row = urem i31 %src_row_3, i31 3" [grayscale_kernel.cpp:136]   --->   Operation 218 'urem' 'buffer_row' <Predicate = true> <Delay = 4.11> <CoreInst = "DivnS_SEQ">   --->   Core 7 'DivnS_SEQ' <Latency = 34> <II = 2> <Delay = 4.11> <FuncUnit> <Opcode : 'udiv' 'sdiv' 'urem' 'srem'> <InPorts = 2> <OutPorts = 1>

State 46 <SV = 45> <Delay = 5.12>
ST_46 : Operation 219 [1/36] (4.13ns)   --->   "%sub_i_op = urem i32 %src_row, i32 3" [grayscale_kernel.cpp:136]   --->   Operation 219 'urem' 'sub_i_op' <Predicate = true> <Delay = 4.13> <CoreInst = "DivnS_SEQ">   --->   Core 7 'DivnS_SEQ' <Latency = 35> <II = 2> <Delay = 4.13> <FuncUnit> <Opcode : 'udiv' 'sdiv' 'urem' 'srem'> <InPorts = 2> <OutPorts = 1>
ST_46 : Operation 220 [1/1] (0.00ns)   --->   "%empty_41 = trunc i2 %sub_i_op" [grayscale_kernel.cpp:136]   --->   Operation 220 'trunc' 'empty_41' <Predicate = (!tmp)> <Delay = 0.00>
ST_46 : Operation 221 [1/1] (0.99ns)   --->   "%empty_42 = select i1 %tmp, i2 0, i2 %empty_41" [grayscale_kernel.cpp:136]   --->   Operation 221 'select' 'empty_42' <Predicate = true> <Delay = 0.99> <CoreInst = "Sel">   --->   Core 73 'Sel' <Latency = 0> <II = 1> <Delay = 0.99> <FuncUnit> <Opcode : 'select'> <InPorts = 3> <OutPorts = 1>
ST_46 : Operation 222 [1/35] (4.11ns)   --->   "%buffer_row = urem i31 %src_row_3, i31 3" [grayscale_kernel.cpp:136]   --->   Operation 222 'urem' 'buffer_row' <Predicate = true> <Delay = 4.11> <CoreInst = "DivnS_SEQ">   --->   Core 7 'DivnS_SEQ' <Latency = 34> <II = 2> <Delay = 4.11> <FuncUnit> <Opcode : 'udiv' 'sdiv' 'urem' 'srem'> <InPorts = 2> <OutPorts = 1>

State 47 <SV = 46> <Delay = 4.84>
ST_47 : Operation 223 [1/1] (0.00ns)   --->   "%phi_urem_load = load i31 %phi_urem" [grayscale_kernel.cpp:136]   --->   Operation 223 'load' 'phi_urem_load' <Predicate = true> <Delay = 0.00>
ST_47 : Operation 224 [1/1] (0.00ns)   --->   "%trunc_ln136 = trunc i31 %phi_urem_load" [grayscale_kernel.cpp:136]   --->   Operation 224 'trunc' 'trunc_ln136' <Predicate = true> <Delay = 0.00>
ST_47 : Operation 225 [1/1] (0.00ns)   --->   "%empty_43 = trunc i2 %buffer_row" [grayscale_kernel.cpp:136]   --->   Operation 225 'trunc' 'empty_43' <Predicate = true> <Delay = 0.00>
ST_47 : Operation 226 [2/2] (4.14ns)   --->   "%call_ln136 = call void @filter_kernel_Pipeline_VITIS_LOOP_137_8, i32 %width_read, i2 %empty_42, i32 %empty, i32 %empty_33, i32 %empty_34, i32 %empty_35, i32 %empty_36, i32 %empty_37, i32 %empty_38, i32 %empty_39, i32 %empty_40, i32 %output_stream_V_data_V, i4 %output_stream_V_keep_V, i4 %output_stream_V_strb_V, i1 %output_stream_V_last_V, i8 %line_buffer_8, i8 %line_buffer_7, i8 %line_buffer_6, i8 %line_buffer_5, i8 %line_buffer_4, i8 %line_buffer_3, i8 %line_buffer_2, i8 %line_buffer_1, i8 %line_buffer, i32 %input_stream_V_data_V, i4 %input_stream_V_keep_V, i4 %input_stream_V_strb_V, i1 %input_stream_V_last_V, i11 %sub23_i, i2 %trunc_ln136, i2 %empty_43" [grayscale_kernel.cpp:136]   --->   Operation 226 'call' 'call_ln136' <Predicate = true> <Delay = 4.14> <CoreType = "Generic">   --->   Generic Core
ST_47 : Operation 227 [1/1] (2.52ns)   --->   "%add_ln136_1 = add i31 %phi_urem_load, i31 1" [grayscale_kernel.cpp:136]   --->   Operation 227 'add' 'add_ln136_1' <Predicate = true> <Delay = 2.52> <CoreInst = "Adder">   --->   Core 1 'Adder' <Latency = 0> <II = 1> <Delay = 2.52> <FuncUnit> <Opcode : 'add' 'sub'> <InPorts = 2> <OutPorts = 1>
ST_47 : Operation 228 [1/1] (2.52ns)   --->   "%icmp_ln136_1 = icmp_eq  i31 %phi_urem_load, i31 2" [grayscale_kernel.cpp:136]   --->   Operation 228 'icmp' 'icmp_ln136_1' <Predicate = true> <Delay = 2.52> <CoreInst = "Cmp">   --->   Core 9 'Cmp' <Latency = 0> <II = 1> <Delay = 2.52> <FuncUnit> <Opcode : 'seteq' 'setne' 'setle' 'setge' 'setlt' 'setgt'> <InPorts = 2> <OutPorts = 1>
ST_47 : Operation 229 [1/1] (0.73ns)   --->   "%select_ln136 = select i1 %icmp_ln136_1, i31 0, i31 %add_ln136_1" [grayscale_kernel.cpp:136]   --->   Operation 229 'select' 'select_ln136' <Predicate = true> <Delay = 0.73> <CoreInst = "Sel">   --->   Core 73 'Sel' <Latency = 0> <II = 1> <Delay = 0.73> <FuncUnit> <Opcode : 'select'> <InPorts = 3> <OutPorts = 1>
ST_47 : Operation 230 [1/1] (1.58ns)   --->   "%store_ln136 = store i31 %select_ln136, i31 %phi_urem" [grayscale_kernel.cpp:136]   --->   Operation 230 'store' 'store_ln136' <Predicate = true> <Delay = 1.58>

State 48 <SV = 47> <Delay = 4.45>
ST_48 : Operation 231 [1/1] (0.00ns)   --->   "%specloopname_ln136 = specloopname void @_ssdm_op_SpecLoopName, void @empty_13" [grayscale_kernel.cpp:136]   --->   Operation 231 'specloopname' 'specloopname_ln136' <Predicate = true> <Delay = 0.00>
ST_48 : Operation 232 [1/2] (4.45ns)   --->   "%call_ln136 = call void @filter_kernel_Pipeline_VITIS_LOOP_137_8, i32 %width_read, i2 %empty_42, i32 %empty, i32 %empty_33, i32 %empty_34, i32 %empty_35, i32 %empty_36, i32 %empty_37, i32 %empty_38, i32 %empty_39, i32 %empty_40, i32 %output_stream_V_data_V, i4 %output_stream_V_keep_V, i4 %output_stream_V_strb_V, i1 %output_stream_V_last_V, i8 %line_buffer_8, i8 %line_buffer_7, i8 %line_buffer_6, i8 %line_buffer_5, i8 %line_buffer_4, i8 %line_buffer_3, i8 %line_buffer_2, i8 %line_buffer_1, i8 %line_buffer, i32 %input_stream_V_data_V, i4 %input_stream_V_keep_V, i4 %input_stream_V_strb_V, i1 %input_stream_V_last_V, i11 %sub23_i, i2 %trunc_ln136, i2 %empty_43" [grayscale_kernel.cpp:136]   --->   Operation 232 'call' 'call_ln136' <Predicate = true> <Delay = 4.45> <CoreType = "Generic">   --->   Generic Core
ST_48 : Operation 233 [1/1] (0.00ns)   --->   "%br_ln136 = br void %VITIS_LOOP_137_8" [grayscale_kernel.cpp:136]   --->   Operation 233 'br' 'br_ln136' <Predicate = true> <Delay = 0.00>

State 49 <SV = 48> <Delay = 0.00>
ST_49 : Operation 234 [1/1] (0.00ns)   --->   "%ret_ln157 = ret" [grayscale_kernel.cpp:157]   --->   Operation 234 'ret' 'ret_ln157' <Predicate = true> <Delay = 0.00>


============================================================
+ Verbose Summary: Timing violations
============================================================
Target clock period: 10.000ns, clock uncertainty: 2.700ns.

 <State 1>: 2.322ns
The critical path consists of the following:
	'getelementptr' operation 4 bit ('kernel_addr') [16]  (0.000 ns)
	'load' operation 32 bit ('kernel_load') on array 'kernel' [65]  (2.322 ns)

 <State 2>: 4.815ns
The critical path consists of the following:
	'call' operation 0 bit ('call_ln0') to 'filter_kernel_Pipeline_VITIS_LOOP_117_2' [60]  (4.815 ns)

 <State 3>: 2.322ns
The critical path consists of the following:
	'load' operation 32 bit ('kernel_load_1') on array 'kernel' [67]  (2.322 ns)

 <State 4>: 2.322ns
The critical path consists of the following:
	'load' operation 32 bit ('kernel_load_2') on array 'kernel' [69]  (2.322 ns)

 <State 5>: 2.322ns
The critical path consists of the following:
	'load' operation 32 bit ('kernel_load_3') on array 'kernel' [71]  (2.322 ns)

 <State 6>: 2.322ns
The critical path consists of the following:
	'load' operation 32 bit ('kernel_load_4') on array 'kernel' [73]  (2.322 ns)

 <State 7>: 2.322ns
The critical path consists of the following:
	'load' operation 32 bit ('kernel_load_5') on array 'kernel' [75]  (2.322 ns)

 <State 8>: 2.322ns
The critical path consists of the following:
	'load' operation 32 bit ('kernel_load_6') on array 'kernel' [77]  (2.322 ns)

 <State 9>: 2.322ns
The critical path consists of the following:
	'load' operation 32 bit ('kernel_load_7') on array 'kernel' [79]  (2.322 ns)

 <State 10>: 3.522ns
The critical path consists of the following:
	s_axi read operation ('height_read') on port 'height' [14]  (1.000 ns)
	'add' operation 31 bit ('sub14_i', grayscale_kernel.cpp:84) [63]  (2.522 ns)

 <State 11>: 6.657ns
The critical path consists of the following:
	'load' operation 31 bit ('row', grayscale_kernel.cpp:136) on local variable 'row', grayscale_kernel.cpp:136 [87]  (0.000 ns)
	'add' operation 32 bit ('src_row', grayscale_kernel.cpp:136) [97]  (2.522 ns)
	'urem' operation 2 bit ('sub_i_op', grayscale_kernel.cpp:136) [99]  (4.135 ns)

 <State 12>: 4.135ns
The critical path consists of the following:
	'urem' operation 2 bit ('sub_i_op', grayscale_kernel.cpp:136) [99]  (4.135 ns)

 <State 13>: 4.135ns
The critical path consists of the following:
	'urem' operation 2 bit ('sub_i_op', grayscale_kernel.cpp:136) [99]  (4.135 ns)

 <State 14>: 4.135ns
The critical path consists of the following:
	'urem' operation 2 bit ('sub_i_op', grayscale_kernel.cpp:136) [99]  (4.135 ns)

 <State 15>: 4.135ns
The critical path consists of the following:
	'urem' operation 2 bit ('sub_i_op', grayscale_kernel.cpp:136) [99]  (4.135 ns)

 <State 16>: 4.135ns
The critical path consists of the following:
	'urem' operation 2 bit ('sub_i_op', grayscale_kernel.cpp:136) [99]  (4.135 ns)

 <State 17>: 4.135ns
The critical path consists of the following:
	'urem' operation 2 bit ('sub_i_op', grayscale_kernel.cpp:136) [99]  (4.135 ns)

 <State 18>: 4.135ns
The critical path consists of the following:
	'urem' operation 2 bit ('sub_i_op', grayscale_kernel.cpp:136) [99]  (4.135 ns)

 <State 19>: 4.135ns
The critical path consists of the following:
	'urem' operation 2 bit ('sub_i_op', grayscale_kernel.cpp:136) [99]  (4.135 ns)

 <State 20>: 4.135ns
The critical path consists of the following:
	'urem' operation 2 bit ('sub_i_op', grayscale_kernel.cpp:136) [99]  (4.135 ns)

 <State 21>: 4.135ns
The critical path consists of the following:
	'urem' operation 2 bit ('sub_i_op', grayscale_kernel.cpp:136) [99]  (4.135 ns)

 <State 22>: 4.135ns
The critical path consists of the following:
	'urem' operation 2 bit ('sub_i_op', grayscale_kernel.cpp:136) [99]  (4.135 ns)

 <State 23>: 4.135ns
The critical path consists of the following:
	'urem' operation 2 bit ('sub_i_op', grayscale_kernel.cpp:136) [99]  (4.135 ns)

 <State 24>: 4.135ns
The critical path consists of the following:
	'urem' operation 2 bit ('sub_i_op', grayscale_kernel.cpp:136) [99]  (4.135 ns)

 <State 25>: 4.135ns
The critical path consists of the following:
	'urem' operation 2 bit ('sub_i_op', grayscale_kernel.cpp:136) [99]  (4.135 ns)

 <State 26>: 4.135ns
The critical path consists of the following:
	'urem' operation 2 bit ('sub_i_op', grayscale_kernel.cpp:136) [99]  (4.135 ns)

 <State 27>: 4.135ns
The critical path consists of the following:
	'urem' operation 2 bit ('sub_i_op', grayscale_kernel.cpp:136) [99]  (4.135 ns)

 <State 28>: 4.135ns
The critical path consists of the following:
	'urem' operation 2 bit ('sub_i_op', grayscale_kernel.cpp:136) [99]  (4.135 ns)

 <State 29>: 4.135ns
The critical path consists of the following:
	'urem' operation 2 bit ('sub_i_op', grayscale_kernel.cpp:136) [99]  (4.135 ns)

 <State 30>: 4.135ns
The critical path consists of the following:
	'urem' operation 2 bit ('sub_i_op', grayscale_kernel.cpp:136) [99]  (4.135 ns)

 <State 31>: 4.135ns
The critical path consists of the following:
	'urem' operation 2 bit ('sub_i_op', grayscale_kernel.cpp:136) [99]  (4.135 ns)

 <State 32>: 4.135ns
The critical path consists of the following:
	'urem' operation 2 bit ('sub_i_op', grayscale_kernel.cpp:136) [99]  (4.135 ns)

 <State 33>: 4.135ns
The critical path consists of the following:
	'urem' operation 2 bit ('sub_i_op', grayscale_kernel.cpp:136) [99]  (4.135 ns)

 <State 34>: 4.135ns
The critical path consists of the following:
	'urem' operation 2 bit ('sub_i_op', grayscale_kernel.cpp:136) [99]  (4.135 ns)

 <State 35>: 4.135ns
The critical path consists of the following:
	'urem' operation 2 bit ('sub_i_op', grayscale_kernel.cpp:136) [99]  (4.135 ns)

 <State 36>: 4.135ns
The critical path consists of the following:
	'urem' operation 2 bit ('sub_i_op', grayscale_kernel.cpp:136) [99]  (4.135 ns)

 <State 37>: 4.135ns
The critical path consists of the following:
	'urem' operation 2 bit ('sub_i_op', grayscale_kernel.cpp:136) [99]  (4.135 ns)

 <State 38>: 4.135ns
The critical path consists of the following:
	'urem' operation 2 bit ('sub_i_op', grayscale_kernel.cpp:136) [99]  (4.135 ns)

 <State 39>: 4.135ns
The critical path consists of the following:
	'urem' operation 2 bit ('sub_i_op', grayscale_kernel.cpp:136) [99]  (4.135 ns)

 <State 40>: 4.135ns
The critical path consists of the following:
	'urem' operation 2 bit ('sub_i_op', grayscale_kernel.cpp:136) [99]  (4.135 ns)

 <State 41>: 4.135ns
The critical path consists of the following:
	'urem' operation 2 bit ('sub_i_op', grayscale_kernel.cpp:136) [99]  (4.135 ns)

 <State 42>: 4.135ns
The critical path consists of the following:
	'urem' operation 2 bit ('sub_i_op', grayscale_kernel.cpp:136) [99]  (4.135 ns)

 <State 43>: 4.135ns
The critical path consists of the following:
	'urem' operation 2 bit ('sub_i_op', grayscale_kernel.cpp:136) [99]  (4.135 ns)

 <State 44>: 4.135ns
The critical path consists of the following:
	'urem' operation 2 bit ('sub_i_op', grayscale_kernel.cpp:136) [99]  (4.135 ns)

 <State 45>: 4.135ns
The critical path consists of the following:
	'urem' operation 2 bit ('sub_i_op', grayscale_kernel.cpp:136) [99]  (4.135 ns)

 <State 46>: 5.128ns
The critical path consists of the following:
	'urem' operation 2 bit ('sub_i_op', grayscale_kernel.cpp:136) [99]  (4.135 ns)
	'select' operation 2 bit ('empty_42', grayscale_kernel.cpp:136) [101]  (0.993 ns)

 <State 47>: 4.844ns
The critical path consists of the following:
	'load' operation 31 bit ('phi_urem_load', grayscale_kernel.cpp:136) on local variable 'phi_urem' [93]  (0.000 ns)
	'add' operation 31 bit ('add_ln136_1', grayscale_kernel.cpp:136) [108]  (2.522 ns)
	'select' operation 31 bit ('select_ln136', grayscale_kernel.cpp:136) [110]  (0.733 ns)
	'store' operation 0 bit ('store_ln136', grayscale_kernel.cpp:136) of variable 'select_ln136', grayscale_kernel.cpp:136 on local variable 'phi_urem' [112]  (1.588 ns)

 <State 48>: 4.453ns
The critical path consists of the following:
	'call' operation 0 bit ('call_ln136', grayscale_kernel.cpp:136) to 'filter_kernel_Pipeline_VITIS_LOOP_137_8' [107]  (4.453 ns)

 <State 49>: 0.000ns
The critical path consists of the following:


============================================================
+ Verbose Summary: Binding
============================================================
N/A
* FSMD analyzer results:
  - Output states:
 - Input state : 
  - Chain level:
	State 1
	State 2
	State 3
	State 4
	State 5
	State 6
	State 7
	State 8
	State 9
	State 10
	State 11
	State 12
	State 13
	State 14
	State 15
	State 16
	State 17
	State 18
	State 19
	State 20
	State 21
	State 22
	State 23
	State 24
	State 25
	State 26
	State 27
	State 28
	State 29
	State 30
	State 31
	State 32
	State 33
	State 34
	State 35
	State 36
	State 37
	State 38
	State 39
	State 40
	State 41
	State 42
	State 43
	State 44
	State 45
	State 46
	State 47
	State 48
	State 49


============================================================
+ Verbose Summary: Datapath Resource usage 
============================================================
N/A
