

================================================================
== Vitis HLS Report for 'filter_kernel_Pipeline_VITIS_LOOP_137_8'
================================================================
* Date:           Wed Mar 19 23:01:03 2025

* Version:        2024.2 (Build 5238294 on Nov  8 2024)
* Project:        grayscale
* Solution:       hls (Vivado IP Flow Target)
* Product family: zynq
* Target device:  xc7z020-clg400-1


================================================================
== Performance Estimates
================================================================
+ Timing: 
    * Summary: 
    +--------+----------+----------+------------+
    |  Clock |  Target  | Estimated| Uncertainty|
    +--------+----------+----------+------------+
    |ap_clk  |  10.00 ns|  7.256 ns|     2.70 ns|
    +--------+----------+----------+------------+

+ Latency: 
    * Summary: 
    +---------+---------+----------+----------+-----+-----+------------------------------------------------+
    |  Latency (cycles) |  Latency (absolute) |  Interval |                    Pipeline                    |
    |   min   |   max   |    min   |    max   | min | max |                      Type                      |
    +---------+---------+----------+----------+-----+-----+------------------------------------------------+
    |        ?|        ?|         ?|         ?|    0|    0|  loop auto-rewind stp (delay=0 clock cycles(s))|
    +---------+---------+----------+----------+-----+-----+------------------------------------------------+

    + Detail: 
        * Instance: 
        N/A

        * Loop: 
        +--------------------+---------+---------+----------+-----------+-----------+------+----------+
        |                    |  Latency (cycles) | Iteration|  Initiation Interval  | Trip |          |
        |      Loop Name     |   min   |   max   |  Latency |  achieved |   target  | Count| Pipelined|
        +--------------------+---------+---------+----------+-----------+-----------+------+----------+
        |- VITIS_LOOP_137_8  |        ?|        ?|        64|          1|          1|     ?|       yes|
        +--------------------+---------+---------+----------+-----------+-----------+------+----------+



================================================================
== Utilization Estimates
================================================================
* Summary: 
+-----------------+---------+-----+--------+-------+-----+
|       Name      | BRAM_18K| DSP |   FF   |  LUT  | URAM|
+-----------------+---------+-----+--------+-------+-----+
|DSP              |        -|    -|       -|      -|    -|
|Expression       |        -|    -|       0|   1398|    -|
|FIFO             |        -|    -|       -|      -|    -|
|Instance         |        -|  135|    9396|  19455|    -|
|Memory           |        -|    -|       -|      -|    -|
|Multiplexer      |        -|    -|       0|     54|    -|
|Register         |        -|    -|    5014|    768|    -|
+-----------------+---------+-----+--------+-------+-----+
|Total            |        0|  135|   14410|  21675|    0|
+-----------------+---------+-----+--------+-------+-----+
|Available        |      280|  220|  106400|  53200|    0|
+-----------------+---------+-----+--------+-------+-----+
|Utilization (%)  |        0|   61|      13|     40|    0|
+-----------------+---------+-----+--------+-------+-----+

+ Detail: 
    * Instance: 
    +------------------------------------+--------------------------------+---------+----+-----+-----+-----+
    |              Instance              |             Module             | BRAM_18K| DSP|  FF | LUT | URAM|
    +------------------------------------+--------------------------------+---------+----+-----+-----+-----+
    |fadd_32ns_32ns_32_5_full_dsp_1_U10  |fadd_32ns_32ns_32_5_full_dsp_1  |        0|   2|  205|  390|    0|
    |fadd_32ns_32ns_32_5_full_dsp_1_U11  |fadd_32ns_32ns_32_5_full_dsp_1  |        0|   2|  205|  390|    0|
    |fadd_32ns_32ns_32_5_full_dsp_1_U12  |fadd_32ns_32ns_32_5_full_dsp_1  |        0|   2|  205|  390|    0|
    |fadd_32ns_32ns_32_5_full_dsp_1_U13  |fadd_32ns_32ns_32_5_full_dsp_1  |        0|   2|  205|  390|    0|
    |fadd_32ns_32ns_32_5_full_dsp_1_U14  |fadd_32ns_32ns_32_5_full_dsp_1  |        0|   2|  205|  390|    0|
    |fadd_32ns_32ns_32_5_full_dsp_1_U15  |fadd_32ns_32ns_32_5_full_dsp_1  |        0|   2|  205|  390|    0|
    |fadd_32ns_32ns_32_5_full_dsp_1_U16  |fadd_32ns_32ns_32_5_full_dsp_1  |        0|   2|  205|  390|    0|
    |fadd_32ns_32ns_32_5_full_dsp_1_U17  |fadd_32ns_32ns_32_5_full_dsp_1  |        0|   2|  205|  390|    0|
    |fadd_32ns_32ns_32_5_full_dsp_1_U18  |fadd_32ns_32ns_32_5_full_dsp_1  |        0|   2|  205|  390|    0|
    |fadd_32ns_32ns_32_5_full_dsp_1_U19  |fadd_32ns_32ns_32_5_full_dsp_1  |        0|   2|  205|  390|    0|
    |fadd_32ns_32ns_32_5_full_dsp_1_U20  |fadd_32ns_32ns_32_5_full_dsp_1  |        0|   2|  205|  390|    0|
    |fadd_32ns_32ns_32_5_full_dsp_1_U21  |fadd_32ns_32ns_32_5_full_dsp_1  |        0|   2|  205|  390|    0|
    |fadd_32ns_32ns_32_5_full_dsp_1_U22  |fadd_32ns_32ns_32_5_full_dsp_1  |        0|   2|  205|  390|    0|
    |fadd_32ns_32ns_32_5_full_dsp_1_U23  |fadd_32ns_32ns_32_5_full_dsp_1  |        0|   2|  205|  390|    0|
    |fadd_32ns_32ns_32_5_full_dsp_1_U24  |fadd_32ns_32ns_32_5_full_dsp_1  |        0|   2|  205|  390|    0|
    |fadd_32ns_32ns_32_5_full_dsp_1_U25  |fadd_32ns_32ns_32_5_full_dsp_1  |        0|   2|  205|  390|    0|
    |fadd_32ns_32ns_32_5_full_dsp_1_U26  |fadd_32ns_32ns_32_5_full_dsp_1  |        0|   2|  205|  390|    0|
    |fadd_32ns_32ns_32_5_full_dsp_1_U27  |fadd_32ns_32ns_32_5_full_dsp_1  |        0|   2|  205|  390|    0|
    |fadd_32ns_32ns_32_5_full_dsp_1_U28  |fadd_32ns_32ns_32_5_full_dsp_1  |        0|   2|  205|  390|    0|
    |fadd_32ns_32ns_32_5_full_dsp_1_U29  |fadd_32ns_32ns_32_5_full_dsp_1  |        0|   2|  205|  390|    0|
    |fadd_32ns_32ns_32_5_full_dsp_1_U30  |fadd_32ns_32ns_32_5_full_dsp_1  |        0|   2|  205|  390|    0|
    |fadd_32ns_32ns_32_5_full_dsp_1_U31  |fadd_32ns_32ns_32_5_full_dsp_1  |        0|   2|  205|  390|    0|
    |fadd_32ns_32ns_32_5_full_dsp_1_U32  |fadd_32ns_32ns_32_5_full_dsp_1  |        0|   2|  205|  390|    0|
    |fadd_32ns_32ns_32_5_full_dsp_1_U33  |fadd_32ns_32ns_32_5_full_dsp_1  |        0|   2|  205|  390|    0|
    |fadd_32ns_32ns_32_5_full_dsp_1_U34  |fadd_32ns_32ns_32_5_full_dsp_1  |        0|   2|  205|  390|    0|
    |fadd_32ns_32ns_32_5_full_dsp_1_U35  |fadd_32ns_32ns_32_5_full_dsp_1  |        0|   2|  205|  390|    0|
    |fadd_32ns_32ns_32_5_full_dsp_1_U36  |fadd_32ns_32ns_32_5_full_dsp_1  |        0|   2|  205|  390|    0|
    |fcmp_32ns_32ns_1_2_no_dsp_1_U91     |fcmp_32ns_32ns_1_2_no_dsp_1     |        0|   0|    0|    0|    0|
    |fcmp_32ns_32ns_1_2_no_dsp_1_U92     |fcmp_32ns_32ns_1_2_no_dsp_1     |        0|   0|    0|    0|    0|
    |fcmp_32ns_32ns_1_2_no_dsp_1_U93     |fcmp_32ns_32ns_1_2_no_dsp_1     |        0|   0|    0|    0|    0|
    |fcmp_32ns_32ns_1_2_no_dsp_1_U94     |fcmp_32ns_32ns_1_2_no_dsp_1     |        0|   0|    0|    0|    0|
    |fcmp_32ns_32ns_1_2_no_dsp_1_U95     |fcmp_32ns_32ns_1_2_no_dsp_1     |        0|   0|    0|    0|    0|
    |fcmp_32ns_32ns_1_2_no_dsp_1_U96     |fcmp_32ns_32ns_1_2_no_dsp_1     |        0|   0|    0|    0|    0|
    |fmul_32ns_32ns_32_4_max_dsp_1_U37   |fmul_32ns_32ns_32_4_max_dsp_1   |        0|   3|  143|  321|    0|
    |fmul_32ns_32ns_32_4_max_dsp_1_U38   |fmul_32ns_32ns_32_4_max_dsp_1   |        0|   3|  143|  321|    0|
    |fmul_32ns_32ns_32_4_max_dsp_1_U39   |fmul_32ns_32ns_32_4_max_dsp_1   |        0|   3|  143|  321|    0|
    |fmul_32ns_32ns_32_4_max_dsp_1_U40   |fmul_32ns_32ns_32_4_max_dsp_1   |        0|   3|  143|  321|    0|
    |fmul_32ns_32ns_32_4_max_dsp_1_U41   |fmul_32ns_32ns_32_4_max_dsp_1   |        0|   3|  143|  321|    0|
    |fmul_32ns_32ns_32_4_max_dsp_1_U42   |fmul_32ns_32ns_32_4_max_dsp_1   |        0|   3|  143|  321|    0|
    |fmul_32ns_32ns_32_4_max_dsp_1_U43   |fmul_32ns_32ns_32_4_max_dsp_1   |        0|   3|  143|  321|    0|
    |fmul_32ns_32ns_32_4_max_dsp_1_U44   |fmul_32ns_32ns_32_4_max_dsp_1   |        0|   3|  143|  321|    0|
    |fmul_32ns_32ns_32_4_max_dsp_1_U45   |fmul_32ns_32ns_32_4_max_dsp_1   |        0|   3|  143|  321|    0|
    |fmul_32ns_32ns_32_4_max_dsp_1_U46   |fmul_32ns_32ns_32_4_max_dsp_1   |        0|   3|  143|  321|    0|
    |fmul_32ns_32ns_32_4_max_dsp_1_U47   |fmul_32ns_32ns_32_4_max_dsp_1   |        0|   3|  143|  321|    0|
    |fmul_32ns_32ns_32_4_max_dsp_1_U48   |fmul_32ns_32ns_32_4_max_dsp_1   |        0|   3|  143|  321|    0|
    |fmul_32ns_32ns_32_4_max_dsp_1_U49   |fmul_32ns_32ns_32_4_max_dsp_1   |        0|   3|  143|  321|    0|
    |fmul_32ns_32ns_32_4_max_dsp_1_U50   |fmul_32ns_32ns_32_4_max_dsp_1   |        0|   3|  143|  321|    0|
    |fmul_32ns_32ns_32_4_max_dsp_1_U51   |fmul_32ns_32ns_32_4_max_dsp_1   |        0|   3|  143|  321|    0|
    |fmul_32ns_32ns_32_4_max_dsp_1_U52   |fmul_32ns_32ns_32_4_max_dsp_1   |        0|   3|  143|  321|    0|
    |fmul_32ns_32ns_32_4_max_dsp_1_U53   |fmul_32ns_32ns_32_4_max_dsp_1   |        0|   3|  143|  321|    0|
    |fmul_32ns_32ns_32_4_max_dsp_1_U54   |fmul_32ns_32ns_32_4_max_dsp_1   |        0|   3|  143|  321|    0|
    |fmul_32ns_32ns_32_4_max_dsp_1_U55   |fmul_32ns_32ns_32_4_max_dsp_1   |        0|   3|  143|  321|    0|
    |fmul_32ns_32ns_32_4_max_dsp_1_U56   |fmul_32ns_32ns_32_4_max_dsp_1   |        0|   3|  143|  321|    0|
    |fmul_32ns_32ns_32_4_max_dsp_1_U57   |fmul_32ns_32ns_32_4_max_dsp_1   |        0|   3|  143|  321|    0|
    |fmul_32ns_32ns_32_4_max_dsp_1_U58   |fmul_32ns_32ns_32_4_max_dsp_1   |        0|   3|  143|  321|    0|
    |fmul_32ns_32ns_32_4_max_dsp_1_U59   |fmul_32ns_32ns_32_4_max_dsp_1   |        0|   3|  143|  321|    0|
    |fmul_32ns_32ns_32_4_max_dsp_1_U60   |fmul_32ns_32ns_32_4_max_dsp_1   |        0|   3|  143|  321|    0|
    |fmul_32ns_32ns_32_4_max_dsp_1_U61   |fmul_32ns_32ns_32_4_max_dsp_1   |        0|   3|  143|  321|    0|
    |fmul_32ns_32ns_32_4_max_dsp_1_U62   |fmul_32ns_32ns_32_4_max_dsp_1   |        0|   3|  143|  321|    0|
    |fmul_32ns_32ns_32_4_max_dsp_1_U63   |fmul_32ns_32ns_32_4_max_dsp_1   |        0|   3|  143|  321|    0|
    |sparsemux_7_2_8_1_1_U97             |sparsemux_7_2_8_1_1             |        0|   0|    0|    9|    0|
    |sparsemux_7_2_8_1_1_U98             |sparsemux_7_2_8_1_1             |        0|   0|    0|    9|    0|
    |sparsemux_7_2_8_1_1_U99             |sparsemux_7_2_8_1_1             |        0|   0|    0|    9|    0|
    |sparsemux_7_2_8_1_1_U100            |sparsemux_7_2_8_1_1             |        0|   0|    0|    9|    0|
    |sparsemux_7_2_8_1_1_U101            |sparsemux_7_2_8_1_1             |        0|   0|    0|    9|    0|
    |sparsemux_7_2_8_1_1_U102            |sparsemux_7_2_8_1_1             |        0|   0|    0|    9|    0|
    |sparsemux_7_2_8_1_1_U103            |sparsemux_7_2_8_1_1             |        0|   0|    0|    9|    0|
    |sparsemux_7_2_8_1_1_U104            |sparsemux_7_2_8_1_1             |        0|   0|    0|    9|    0|
    |sparsemux_7_2_8_1_1_U105            |sparsemux_7_2_8_1_1             |        0|   0|    0|    9|    0|
    |sparsemux_7_2_8_1_1_U106            |sparsemux_7_2_8_1_1             |        0|   0|    0|    9|    0|
    |sparsemux_7_2_8_1_1_U107            |sparsemux_7_2_8_1_1             |        0|   0|    0|    9|    0|
    |sparsemux_7_2_8_1_1_U108            |sparsemux_7_2_8_1_1             |        0|   0|    0|    9|    0|
    |sparsemux_7_2_8_1_1_U109            |sparsemux_7_2_8_1_1             |        0|   0|    0|    9|    0|
    |sparsemux_7_2_8_1_1_U110            |sparsemux_7_2_8_1_1             |        0|   0|    0|    9|    0|
    |sparsemux_7_2_8_1_1_U111            |sparsemux_7_2_8_1_1             |        0|   0|    0|    9|    0|
    |sparsemux_7_2_8_1_1_U112            |sparsemux_7_2_8_1_1             |        0|   0|    0|    9|    0|
    |sparsemux_7_2_8_1_1_U113            |sparsemux_7_2_8_1_1             |        0|   0|    0|    9|    0|
    |sparsemux_7_2_8_1_1_U114            |sparsemux_7_2_8_1_1             |        0|   0|    0|    9|    0|
    |sparsemux_7_2_8_1_1_U115            |sparsemux_7_2_8_1_1             |        0|   0|    0|    9|    0|
    |sparsemux_7_2_8_1_1_U116            |sparsemux_7_2_8_1_1             |        0|   0|    0|    9|    0|
    |sparsemux_7_2_8_1_1_U117            |sparsemux_7_2_8_1_1             |        0|   0|    0|    9|    0|
    |sparsemux_7_2_8_1_1_U118            |sparsemux_7_2_8_1_1             |        0|   0|    0|    9|    0|
    |sparsemux_7_2_8_1_1_U119            |sparsemux_7_2_8_1_1             |        0|   0|    0|    9|    0|
    |sparsemux_7_2_8_1_1_U120            |sparsemux_7_2_8_1_1             |        0|   0|    0|    9|    0|
    |sparsemux_9_3_8_1_1_U121            |sparsemux_9_3_8_1_1             |        0|   0|    0|   14|    0|
    |sparsemux_9_3_8_1_1_U122            |sparsemux_9_3_8_1_1             |        0|   0|    0|   14|    0|
    |sparsemux_9_3_8_1_1_U123            |sparsemux_9_3_8_1_1             |        0|   0|    0|   14|    0|
    |uitofp_32ns_32_6_no_dsp_1_U64       |uitofp_32ns_32_6_no_dsp_1       |        0|   0|    0|    0|    0|
    |uitofp_32ns_32_6_no_dsp_1_U65       |uitofp_32ns_32_6_no_dsp_1       |        0|   0|    0|    0|    0|
    |uitofp_32ns_32_6_no_dsp_1_U66       |uitofp_32ns_32_6_no_dsp_1       |        0|   0|    0|    0|    0|
    |uitofp_32ns_32_6_no_dsp_1_U67       |uitofp_32ns_32_6_no_dsp_1       |        0|   0|    0|    0|    0|
    |uitofp_32ns_32_6_no_dsp_1_U68       |uitofp_32ns_32_6_no_dsp_1       |        0|   0|    0|    0|    0|
    |uitofp_32ns_32_6_no_dsp_1_U69       |uitofp_32ns_32_6_no_dsp_1       |        0|   0|    0|    0|    0|
    |uitofp_32ns_32_6_no_dsp_1_U70       |uitofp_32ns_32_6_no_dsp_1       |        0|   0|    0|    0|    0|
    |uitofp_32ns_32_6_no_dsp_1_U71       |uitofp_32ns_32_6_no_dsp_1       |        0|   0|    0|    0|    0|
    |uitofp_32ns_32_6_no_dsp_1_U72       |uitofp_32ns_32_6_no_dsp_1       |        0|   0|    0|    0|    0|
    |uitofp_32ns_32_6_no_dsp_1_U73       |uitofp_32ns_32_6_no_dsp_1       |        0|   0|    0|    0|    0|
    |uitofp_32ns_32_6_no_dsp_1_U74       |uitofp_32ns_32_6_no_dsp_1       |        0|   0|    0|    0|    0|
    |uitofp_32ns_32_6_no_dsp_1_U75       |uitofp_32ns_32_6_no_dsp_1       |        0|   0|    0|    0|    0|
    |uitofp_32ns_32_6_no_dsp_1_U76       |uitofp_32ns_32_6_no_dsp_1       |        0|   0|    0|    0|    0|
    |uitofp_32ns_32_6_no_dsp_1_U77       |uitofp_32ns_32_6_no_dsp_1       |        0|   0|    0|    0|    0|
    |uitofp_32ns_32_6_no_dsp_1_U78       |uitofp_32ns_32_6_no_dsp_1       |        0|   0|    0|    0|    0|
    |uitofp_32ns_32_6_no_dsp_1_U79       |uitofp_32ns_32_6_no_dsp_1       |        0|   0|    0|    0|    0|
    |uitofp_32ns_32_6_no_dsp_1_U80       |uitofp_32ns_32_6_no_dsp_1       |        0|   0|    0|    0|    0|
    |uitofp_32ns_32_6_no_dsp_1_U81       |uitofp_32ns_32_6_no_dsp_1       |        0|   0|    0|    0|    0|
    |uitofp_32ns_32_6_no_dsp_1_U82       |uitofp_32ns_32_6_no_dsp_1       |        0|   0|    0|    0|    0|
    |uitofp_32ns_32_6_no_dsp_1_U83       |uitofp_32ns_32_6_no_dsp_1       |        0|   0|    0|    0|    0|
    |uitofp_32ns_32_6_no_dsp_1_U84       |uitofp_32ns_32_6_no_dsp_1       |        0|   0|    0|    0|    0|
    |uitofp_32ns_32_6_no_dsp_1_U85       |uitofp_32ns_32_6_no_dsp_1       |        0|   0|    0|    0|    0|
    |uitofp_32ns_32_6_no_dsp_1_U86       |uitofp_32ns_32_6_no_dsp_1       |        0|   0|    0|    0|    0|
    |uitofp_32ns_32_6_no_dsp_1_U87       |uitofp_32ns_32_6_no_dsp_1       |        0|   0|    0|    0|    0|
    |uitofp_32ns_32_6_no_dsp_1_U88       |uitofp_32ns_32_6_no_dsp_1       |        0|   0|    0|    0|    0|
    |uitofp_32ns_32_6_no_dsp_1_U89       |uitofp_32ns_32_6_no_dsp_1       |        0|   0|    0|    0|    0|
    |uitofp_32ns_32_6_no_dsp_1_U90       |uitofp_32ns_32_6_no_dsp_1       |        0|   0|    0|    0|    0|
    +------------------------------------+--------------------------------+---------+----+-----+-----+-----+
    |Total                               |                                |        0| 135| 9396|19455|    0|
    +------------------------------------+--------------------------------+---------+----+-----+-----+-----+

    * DSP: 
    N/A

    * Memory: 
    N/A

    * FIFO: 
    N/A

    * Expression: 
    +--------------------------------+----------+----+---+-----+------------+------------+
    |          Variable Name         | Operation| DSP| FF| LUT | Bitwidth P0| Bitwidth P1|
    +--------------------------------+----------+----+---+-----+------------+------------+
    |add_ln137_fu_1020_p2            |         +|   0|  0|   38|          31|           1|
    |empty_32_fu_1026_p2             |         +|   0|  0|   39|          32|           2|
    |sub_ln299_1_fu_1948_p2          |         -|   0|  0|   14|           1|           9|
    |sub_ln299_2_fu_2488_p2          |         -|   0|  0|   15|           1|           8|
    |sub_ln299_3_fu_2065_p2          |         -|   0|  0|   14|           8|           9|
    |sub_ln299_4_fu_2107_p2          |         -|   0|  0|   14|           1|           9|
    |sub_ln299_5_fu_2499_p2          |         -|   0|  0|   15|           1|           8|
    |sub_ln299_6_fu_2224_p2          |         -|   0|  0|   14|           8|           9|
    |sub_ln299_7_fu_2266_p2          |         -|   0|  0|   14|           1|           9|
    |sub_ln299_8_fu_2510_p2          |         -|   0|  0|   15|           1|           8|
    |sub_ln299_fu_1906_p2            |         -|   0|  0|   14|           8|           9|
    |and_ln299_1_fu_1990_p2          |       and|   0|  0|    2|           1|           1|
    |and_ln299_2_fu_2394_p2          |       and|   0|  0|    2|           1|           1|
    |and_ln299_3_fu_2149_p2          |       and|   0|  0|    2|           1|           1|
    |and_ln299_4_fu_2452_p2          |       and|   0|  0|    2|           1|           1|
    |and_ln299_5_fu_2308_p2          |       and|   0|  0|    2|           1|           1|
    |and_ln299_fu_2336_p2            |       and|   0|  0|    2|           1|           1|
    |and_ln73_1_fu_1837_p2           |       and|   0|  0|    2|           1|           1|
    |and_ln73_fu_1749_p2             |       and|   0|  0|    2|           1|           1|
    |and_ln74_1_fu_1996_p2           |       and|   0|  0|    2|           1|           1|
    |and_ln74_fu_1790_p2             |       and|   0|  0|    2|           1|           1|
    |and_ln75_1_fu_2155_p2           |       and|   0|  0|    2|           1|           1|
    |and_ln75_fu_1831_p2             |       and|   0|  0|    2|           1|           1|
    |icmp_ln137_fu_1014_p2           |      icmp|   0|  0|   39|          32|          32|
    |icmp_ln299_10_fu_2218_p2        |      icmp|   0|  0|   38|          31|           1|
    |icmp_ln299_11_fu_2234_p2        |      icmp|   0|  0|   15|           8|           8|
    |icmp_ln299_12_fu_2240_p2        |      icmp|   0|  0|   14|           9|           1|
    |icmp_ln299_13_fu_2246_p2        |      icmp|   0|  0|   14|           9|           5|
    |icmp_ln299_14_fu_2286_p2        |      icmp|   0|  0|   14|           6|           1|
    |icmp_ln299_1_fu_1916_p2         |      icmp|   0|  0|   15|           8|           8|
    |icmp_ln299_2_fu_1922_p2         |      icmp|   0|  0|   14|           9|           1|
    |icmp_ln299_3_fu_1928_p2         |      icmp|   0|  0|   14|           9|           5|
    |icmp_ln299_4_fu_1968_p2         |      icmp|   0|  0|   14|           6|           1|
    |icmp_ln299_5_fu_2059_p2         |      icmp|   0|  0|   38|          31|           1|
    |icmp_ln299_6_fu_2075_p2         |      icmp|   0|  0|   15|           8|           8|
    |icmp_ln299_7_fu_2081_p2         |      icmp|   0|  0|   14|           9|           1|
    |icmp_ln299_8_fu_2087_p2         |      icmp|   0|  0|   14|           9|           5|
    |icmp_ln299_9_fu_2127_p2         |      icmp|   0|  0|   14|           6|           1|
    |icmp_ln299_fu_1900_p2           |      icmp|   0|  0|   38|          31|           1|
    |icmp_ln73_1_fu_1737_p2          |      icmp|   0|  0|   30|          23|           1|
    |icmp_ln73_fu_1731_p2            |      icmp|   0|  0|   15|           8|           2|
    |icmp_ln74_1_fu_1778_p2          |      icmp|   0|  0|   30|          23|           1|
    |icmp_ln74_fu_1772_p2            |      icmp|   0|  0|   15|           8|           2|
    |icmp_ln75_1_fu_1819_p2          |      icmp|   0|  0|   30|          23|           1|
    |icmp_ln75_fu_1813_p2            |      icmp|   0|  0|   15|           8|           2|
    |slt_fu_1105_p2                  |      icmp|   0|  0|   39|          32|          32|
    |lshr_ln299_1_fu_2097_p2         |      lshr|   0|  0|  100|          32|          32|
    |lshr_ln299_2_fu_2256_p2         |      lshr|   0|  0|  100|          32|          32|
    |lshr_ln299_fu_1938_p2           |      lshr|   0|  0|  100|          32|          32|
    |ap_block_pp0_stage0_00001_grp1  |        or|   0|  0|    2|           1|           1|
    |or_ln299_1_fu_2137_p2           |        or|   0|  0|    2|           1|           1|
    |or_ln299_2_fu_2296_p2           |        or|   0|  0|    2|           1|           1|
    |or_ln299_fu_1978_p2             |        or|   0|  0|    2|           1|           1|
    |or_ln725_1_fu_2007_p2           |        or|   0|  0|    2|           1|           1|
    |or_ln725_2_fu_2166_p2           |        or|   0|  0|    2|           1|           1|
    |or_ln725_fu_1848_p2             |        or|   0|  0|    2|           1|           1|
    |or_ln73_fu_1743_p2              |        or|   0|  0|    2|           1|           1|
    |or_ln74_fu_1784_p2              |        or|   0|  0|    2|           1|           1|
    |or_ln75_fu_1825_p2              |        or|   0|  0|    2|           1|           1|
    |b_fu_2515_p3                    |    select|   0|  0|    8|           1|           8|
    |g_fu_2504_p3                    |    select|   0|  0|    8|           1|           8|
    |r_fu_2493_p3                    |    select|   0|  0|    8|           1|           8|
    |select_ln725_1_fu_1853_p3       |    select|   0|  0|   32|           1|          32|
    |select_ln725_2_fu_2000_p3       |    select|   0|  0|   31|           1|           1|
    |select_ln725_3_fu_2012_p3       |    select|   0|  0|   32|           1|          32|
    |select_ln725_4_fu_2159_p3       |    select|   0|  0|   31|           1|           1|
    |select_ln725_5_fu_2171_p3       |    select|   0|  0|   32|           1|          32|
    |select_ln725_fu_1841_p3         |    select|   0|  0|   31|           1|           1|
    |src_col_4_fu_1119_p3            |    select|   0|  0|   11|           1|          11|
    |src_col_fu_1044_p3              |    select|   0|  0|   11|           1|           1|
    |tmp_38_fu_2349_p6               |    select|   0|  0|    8|           1|           8|
    |tmp_38_fu_2349_p8               |    select|   0|  0|    8|           1|           8|
    |tmp_42_fu_2407_p6               |    select|   0|  0|    8|           1|           8|
    |tmp_42_fu_2407_p8               |    select|   0|  0|    8|           1|           8|
    |tmp_46_fu_2465_p6               |    select|   0|  0|    8|           1|           8|
    |tmp_46_fu_2465_p8               |    select|   0|  0|    8|           1|           8|
    |shl_ln299_1_fu_2378_p2          |       shl|   0|  0|   17|           8|           8|
    |shl_ln299_2_fu_2436_p2          |       shl|   0|  0|   17|           8|           8|
    |shl_ln299_fu_2320_p2            |       shl|   0|  0|   17|           8|           8|
    |ap_enable_pp0                   |       xor|   0|  0|    2|           1|           2|
    |rev59_fu_1110_p2                |       xor|   0|  0|    2|           1|           2|
    |xor_ln299_1_fu_1984_p2          |       xor|   0|  0|    2|           1|           2|
    |xor_ln299_2_fu_2389_p2          |       xor|   0|  0|    2|           1|           2|
    |xor_ln299_3_fu_2143_p2          |       xor|   0|  0|    2|           1|           2|
    |xor_ln299_4_fu_2447_p2          |       xor|   0|  0|    2|           1|           2|
    |xor_ln299_5_fu_2302_p2          |       xor|   0|  0|    2|           1|           2|
    |xor_ln299_fu_2331_p2            |       xor|   0|  0|    2|           1|           2|
    +--------------------------------+----------+----+---+-----+------------+------------+
    |Total                           |          |   0|  0| 1398|         606|         543|
    +--------------------------------+----------+----+---+-----+------------+------------+

    * Multiplexer: 
    +---------------------------+----+-----------+-----+-----------+
    |            Name           | LUT| Input Size| Bits| Total Bits|
    +---------------------------+----+-----------+-----+-----------+
    |ap_done_int                |   9|          2|    1|          2|
    |ap_enable_reg_pp0_iter1    |   9|          2|    1|          2|
    |ap_sig_allocacmp_col       |   9|          2|   31|         62|
    |input_stream_TDATA_blk_n   |   9|          2|    1|          2|
    |output_stream_TDATA_blk_n  |   9|          2|    1|          2|
    |src_col_1_fu_184           |   9|          2|   31|         62|
    +---------------------------+----+-----------+-----+-----------+
    |Total                      |  54|         12|   66|        132|
    +---------------------------+----+-----------+-----+-----------+

    * Register: 
    +-----------------------------------+----+----+-----+-----------+
    |                Name               | FF | LUT| Bits| Const Bits|
    +-----------------------------------+----+----+-----+-----------+
    |add_ln137_reg_2661                 |  31|   0|   31|          0|
    |and_ln299_1_reg_3598               |   1|   0|    1|          0|
    |and_ln299_3_reg_3645               |   1|   0|    1|          0|
    |and_ln299_5_reg_3692               |   1|   0|    1|          0|
    |and_ln73_reg_3503                  |   1|   0|    1|          0|
    |and_ln74_reg_3524                  |   1|   0|    1|          0|
    |and_ln75_reg_3545                  |   1|   0|    1|          0|
    |ap_CS_fsm                          |   1|   0|    1|          0|
    |ap_done_reg                        |   1|   0|    1|          0|
    |ap_enable_reg_pp0_iter1            |   1|   0|    1|          0|
    |ap_enable_reg_pp0_iter10           |   1|   0|    1|          0|
    |ap_enable_reg_pp0_iter11           |   1|   0|    1|          0|
    |ap_enable_reg_pp0_iter12           |   1|   0|    1|          0|
    |ap_enable_reg_pp0_iter13           |   1|   0|    1|          0|
    |ap_enable_reg_pp0_iter14           |   1|   0|    1|          0|
    |ap_enable_reg_pp0_iter15           |   1|   0|    1|          0|
    |ap_enable_reg_pp0_iter16           |   1|   0|    1|          0|
    |ap_enable_reg_pp0_iter17           |   1|   0|    1|          0|
    |ap_enable_reg_pp0_iter18           |   1|   0|    1|          0|
    |ap_enable_reg_pp0_iter19           |   1|   0|    1|          0|
    |ap_enable_reg_pp0_iter2            |   1|   0|    1|          0|
    |ap_enable_reg_pp0_iter20           |   1|   0|    1|          0|
    |ap_enable_reg_pp0_iter21           |   1|   0|    1|          0|
    |ap_enable_reg_pp0_iter22           |   1|   0|    1|          0|
    |ap_enable_reg_pp0_iter23           |   1|   0|    1|          0|
    |ap_enable_reg_pp0_iter24           |   1|   0|    1|          0|
    |ap_enable_reg_pp0_iter25           |   1|   0|    1|          0|
    |ap_enable_reg_pp0_iter26           |   1|   0|    1|          0|
    |ap_enable_reg_pp0_iter27           |   1|   0|    1|          0|
    |ap_enable_reg_pp0_iter28           |   1|   0|    1|          0|
    |ap_enable_reg_pp0_iter29           |   1|   0|    1|          0|
    |ap_enable_reg_pp0_iter3            |   1|   0|    1|          0|
    |ap_enable_reg_pp0_iter30           |   1|   0|    1|          0|
    |ap_enable_reg_pp0_iter31           |   1|   0|    1|          0|
    |ap_enable_reg_pp0_iter32           |   1|   0|    1|          0|
    |ap_enable_reg_pp0_iter33           |   1|   0|    1|          0|
    |ap_enable_reg_pp0_iter34           |   1|   0|    1|          0|
    |ap_enable_reg_pp0_iter35           |   1|   0|    1|          0|
    |ap_enable_reg_pp0_iter36           |   1|   0|    1|          0|
    |ap_enable_reg_pp0_iter37           |   1|   0|    1|          0|
    |ap_enable_reg_pp0_iter38           |   1|   0|    1|          0|
    |ap_enable_reg_pp0_iter39           |   1|   0|    1|          0|
    |ap_enable_reg_pp0_iter4            |   1|   0|    1|          0|
    |ap_enable_reg_pp0_iter40           |   1|   0|    1|          0|
    |ap_enable_reg_pp0_iter41           |   1|   0|    1|          0|
    |ap_enable_reg_pp0_iter42           |   1|   0|    1|          0|
    |ap_enable_reg_pp0_iter43           |   1|   0|    1|          0|
    |ap_enable_reg_pp0_iter44           |   1|   0|    1|          0|
    |ap_enable_reg_pp0_iter45           |   1|   0|    1|          0|
    |ap_enable_reg_pp0_iter46           |   1|   0|    1|          0|
    |ap_enable_reg_pp0_iter47           |   1|   0|    1|          0|
    |ap_enable_reg_pp0_iter48           |   1|   0|    1|          0|
    |ap_enable_reg_pp0_iter49           |   1|   0|    1|          0|
    |ap_enable_reg_pp0_iter5            |   1|   0|    1|          0|
    |ap_enable_reg_pp0_iter50           |   1|   0|    1|          0|
    |ap_enable_reg_pp0_iter51           |   1|   0|    1|          0|
    |ap_enable_reg_pp0_iter52           |   1|   0|    1|          0|
    |ap_enable_reg_pp0_iter53           |   1|   0|    1|          0|
    |ap_enable_reg_pp0_iter54           |   1|   0|    1|          0|
    |ap_enable_reg_pp0_iter55           |   1|   0|    1|          0|
    |ap_enable_reg_pp0_iter56           |   1|   0|    1|          0|
    |ap_enable_reg_pp0_iter57           |   1|   0|    1|          0|
    |ap_enable_reg_pp0_iter58           |   1|   0|    1|          0|
    |ap_enable_reg_pp0_iter59           |   1|   0|    1|          0|
    |ap_enable_reg_pp0_iter6            |   1|   0|    1|          0|
    |ap_enable_reg_pp0_iter60           |   1|   0|    1|          0|
    |ap_enable_reg_pp0_iter61           |   1|   0|    1|          0|
    |ap_enable_reg_pp0_iter62           |   1|   0|    1|          0|
    |ap_enable_reg_pp0_iter63           |   1|   0|    1|          0|
    |ap_enable_reg_pp0_iter7            |   1|   0|    1|          0|
    |ap_enable_reg_pp0_iter8            |   1|   0|    1|          0|
    |ap_enable_reg_pp0_iter9            |   1|   0|    1|          0|
    |ap_loop_exit_ready_pp0_iter10_reg  |   1|   0|    1|          0|
    |ap_loop_exit_ready_pp0_iter11_reg  |   1|   0|    1|          0|
    |ap_loop_exit_ready_pp0_iter12_reg  |   1|   0|    1|          0|
    |ap_loop_exit_ready_pp0_iter13_reg  |   1|   0|    1|          0|
    |ap_loop_exit_ready_pp0_iter14_reg  |   1|   0|    1|          0|
    |ap_loop_exit_ready_pp0_iter15_reg  |   1|   0|    1|          0|
    |ap_loop_exit_ready_pp0_iter16_reg  |   1|   0|    1|          0|
    |ap_loop_exit_ready_pp0_iter17_reg  |   1|   0|    1|          0|
    |ap_loop_exit_ready_pp0_iter18_reg  |   1|   0|    1|          0|
    |ap_loop_exit_ready_pp0_iter19_reg  |   1|   0|    1|          0|
    |ap_loop_exit_ready_pp0_iter1_reg   |   1|   0|    1|          0|
    |ap_loop_exit_ready_pp0_iter20_reg  |   1|   0|    1|          0|
    |ap_loop_exit_ready_pp0_iter21_reg  |   1|   0|    1|          0|
    |ap_loop_exit_ready_pp0_iter22_reg  |   1|   0|    1|          0|
    |ap_loop_exit_ready_pp0_iter23_reg  |   1|   0|    1|          0|
    |ap_loop_exit_ready_pp0_iter24_reg  |   1|   0|    1|          0|
    |ap_loop_exit_ready_pp0_iter25_reg  |   1|   0|    1|          0|
    |ap_loop_exit_ready_pp0_iter26_reg  |   1|   0|    1|          0|
    |ap_loop_exit_ready_pp0_iter27_reg  |   1|   0|    1|          0|
    |ap_loop_exit_ready_pp0_iter28_reg  |   1|   0|    1|          0|
    |ap_loop_exit_ready_pp0_iter29_reg  |   1|   0|    1|          0|
    |ap_loop_exit_ready_pp0_iter2_reg   |   1|   0|    1|          0|
    |ap_loop_exit_ready_pp0_iter30_reg  |   1|   0|    1|          0|
    |ap_loop_exit_ready_pp0_iter31_reg  |   1|   0|    1|          0|
    |ap_loop_exit_ready_pp0_iter32_reg  |   1|   0|    1|          0|
    |ap_loop_exit_ready_pp0_iter33_reg  |   1|   0|    1|          0|
    |ap_loop_exit_ready_pp0_iter34_reg  |   1|   0|    1|          0|
    |ap_loop_exit_ready_pp0_iter35_reg  |   1|   0|    1|          0|
    |ap_loop_exit_ready_pp0_iter36_reg  |   1|   0|    1|          0|
    |ap_loop_exit_ready_pp0_iter37_reg  |   1|   0|    1|          0|
    |ap_loop_exit_ready_pp0_iter38_reg  |   1|   0|    1|          0|
    |ap_loop_exit_ready_pp0_iter39_reg  |   1|   0|    1|          0|
    |ap_loop_exit_ready_pp0_iter3_reg   |   1|   0|    1|          0|
    |ap_loop_exit_ready_pp0_iter40_reg  |   1|   0|    1|          0|
    |ap_loop_exit_ready_pp0_iter41_reg  |   1|   0|    1|          0|
    |ap_loop_exit_ready_pp0_iter42_reg  |   1|   0|    1|          0|
    |ap_loop_exit_ready_pp0_iter43_reg  |   1|   0|    1|          0|
    |ap_loop_exit_ready_pp0_iter44_reg  |   1|   0|    1|          0|
    |ap_loop_exit_ready_pp0_iter45_reg  |   1|   0|    1|          0|
    |ap_loop_exit_ready_pp0_iter46_reg  |   1|   0|    1|          0|
    |ap_loop_exit_ready_pp0_iter47_reg  |   1|   0|    1|          0|
    |ap_loop_exit_ready_pp0_iter48_reg  |   1|   0|    1|          0|
    |ap_loop_exit_ready_pp0_iter49_reg  |   1|   0|    1|          0|
    |ap_loop_exit_ready_pp0_iter4_reg   |   1|   0|    1|          0|
    |ap_loop_exit_ready_pp0_iter50_reg  |   1|   0|    1|          0|
    |ap_loop_exit_ready_pp0_iter51_reg  |   1|   0|    1|          0|
    |ap_loop_exit_ready_pp0_iter52_reg  |   1|   0|    1|          0|
    |ap_loop_exit_ready_pp0_iter53_reg  |   1|   0|    1|          0|
    |ap_loop_exit_ready_pp0_iter54_reg  |   1|   0|    1|          0|
    |ap_loop_exit_ready_pp0_iter55_reg  |   1|   0|    1|          0|
    |ap_loop_exit_ready_pp0_iter56_reg  |   1|   0|    1|          0|
    |ap_loop_exit_ready_pp0_iter57_reg  |   1|   0|    1|          0|
    |ap_loop_exit_ready_pp0_iter58_reg  |   1|   0|    1|          0|
    |ap_loop_exit_ready_pp0_iter59_reg  |   1|   0|    1|          0|
    |ap_loop_exit_ready_pp0_iter5_reg   |   1|   0|    1|          0|
    |ap_loop_exit_ready_pp0_iter60_reg  |   1|   0|    1|          0|
    |ap_loop_exit_ready_pp0_iter61_reg  |   1|   0|    1|          0|
    |ap_loop_exit_ready_pp0_iter62_reg  |   1|   0|    1|          0|
    |ap_loop_exit_ready_pp0_iter6_reg   |   1|   0|    1|          0|
    |ap_loop_exit_ready_pp0_iter7_reg   |   1|   0|    1|          0|
    |ap_loop_exit_ready_pp0_iter8_reg   |   1|   0|    1|          0|
    |ap_loop_exit_ready_pp0_iter9_reg   |   1|   0|    1|          0|
    |bitcast_ln73_reg_3493              |  32|   0|   32|          0|
    |bitcast_ln74_reg_3514              |  32|   0|   32|          0|
    |bitcast_ln75_reg_3535              |  32|   0|   32|          0|
    |col_reg_2652                       |  31|   0|   31|          0|
    |conv_i_1447_1_reg_3012             |  32|   0|   32|          0|
    |conv_i_1447_2_reg_3017             |  32|   0|   32|          0|
    |conv_i_1_1_1_reg_3192              |  32|   0|   32|          0|
    |conv_i_1_1_2_reg_3197              |  32|   0|   32|          0|
    |conv_i_1_1_reg_3187                |  32|   0|   32|          0|
    |conv_i_1_2_1_reg_3252              |  32|   0|   32|          0|
    |conv_i_1_2_2_reg_3257              |  32|   0|   32|          0|
    |conv_i_1_2_reg_3247                |  32|   0|   32|          0|
    |conv_i_1_3_reg_3137                |  32|   0|   32|          0|
    |conv_i_1_reg_3127                  |  32|   0|   32|          0|
    |conv_i_1_s_reg_3132                |  32|   0|   32|          0|
    |conv_i_2456_1_reg_3072             |  32|   0|   32|          0|
    |conv_i_2456_2_reg_3077             |  32|   0|   32|          0|
    |conv_i_2_1_1_reg_3372              |  32|   0|   32|          0|
    |conv_i_2_1_2_reg_3377              |  32|   0|   32|          0|
    |conv_i_2_1_reg_3367                |  32|   0|   32|          0|
    |conv_i_2_2_1_reg_3432              |  32|   0|   32|          0|
    |conv_i_2_2_2_reg_3437              |  32|   0|   32|          0|
    |conv_i_2_2_reg_3427                |  32|   0|   32|          0|
    |conv_i_2_3_reg_3317                |  32|   0|   32|          0|
    |conv_i_2_reg_3307                  |  32|   0|   32|          0|
    |conv_i_2_s_reg_3312                |  32|   0|   32|          0|
    |conv_i_3_reg_2972                  |  32|   0|   32|          0|
    |conv_i_4_reg_3007                  |  32|   0|   32|          0|
    |conv_i_5_reg_3067                  |  32|   0|   32|          0|
    |conv_i_reg_2962                    |  32|   0|   32|          0|
    |conv_i_s_reg_2967                  |  32|   0|   32|          0|
    |icmp_ln299_10_reg_3661             |   1|   0|    1|          0|
    |icmp_ln299_11_reg_3667             |   1|   0|    1|          0|
    |icmp_ln299_13_reg_3672             |   1|   0|    1|          0|
    |icmp_ln299_14_reg_3682             |   1|   0|    1|          0|
    |icmp_ln299_1_reg_3573              |   1|   0|    1|          0|
    |icmp_ln299_3_reg_3578              |   1|   0|    1|          0|
    |icmp_ln299_4_reg_3588              |   1|   0|    1|          0|
    |icmp_ln299_5_reg_3614              |   1|   0|    1|          0|
    |icmp_ln299_6_reg_3620              |   1|   0|    1|          0|
    |icmp_ln299_8_reg_3625              |   1|   0|    1|          0|
    |icmp_ln299_9_reg_3635              |   1|   0|    1|          0|
    |icmp_ln299_reg_3567                |   1|   0|    1|          0|
    |line_buffer_1_addr_reg_2697        |  11|   0|   11|          0|
    |line_buffer_2_addr_reg_2717        |  11|   0|   11|          0|
    |line_buffer_3_addr_reg_2682        |  11|   0|   11|          0|
    |line_buffer_4_addr_reg_2702        |  11|   0|   11|          0|
    |line_buffer_5_addr_reg_2722        |  11|   0|   11|          0|
    |line_buffer_6_addr_reg_2687        |  11|   0|   11|          0|
    |line_buffer_7_addr_reg_2707        |  11|   0|   11|          0|
    |line_buffer_8_addr_reg_2727        |  11|   0|   11|          0|
    |line_buffer_addr_reg_2677          |  11|   0|   11|          0|
    |mul_i_1448_1_reg_3057              |  32|   0|   32|          0|
    |mul_i_1448_2_reg_3062              |  32|   0|   32|          0|
    |mul_i_1_1_1_reg_3237               |  32|   0|   32|          0|
    |mul_i_1_1_2_reg_3242               |  32|   0|   32|          0|
    |mul_i_1_1_reg_3232                 |  32|   0|   32|          0|
    |mul_i_1_2_1_reg_3297               |  32|   0|   32|          0|
    |mul_i_1_2_2_reg_3302               |  32|   0|   32|          0|
    |mul_i_1_2_reg_3292                 |  32|   0|   32|          0|
    |mul_i_1_3_reg_3182                 |  32|   0|   32|          0|
    |mul_i_1_reg_3172                   |  32|   0|   32|          0|
    |mul_i_1_s_reg_3177                 |  32|   0|   32|          0|
    |mul_i_2457_1_reg_3117              |  32|   0|   32|          0|
    |mul_i_2457_2_reg_3122              |  32|   0|   32|          0|
    |mul_i_2_1_1_reg_3417               |  32|   0|   32|          0|
    |mul_i_2_1_2_reg_3422               |  32|   0|   32|          0|
    |mul_i_2_1_reg_3412                 |  32|   0|   32|          0|
    |mul_i_2_2_1_reg_3462               |  32|   0|   32|          0|
    |mul_i_2_2_2_reg_3467               |  32|   0|   32|          0|
    |mul_i_2_2_reg_3457                 |  32|   0|   32|          0|
    |mul_i_2_3_reg_3362                 |  32|   0|   32|          0|
    |mul_i_2_reg_3352                   |  32|   0|   32|          0|
    |mul_i_2_s_reg_3357                 |  32|   0|   32|          0|
    |mul_i_3_reg_3002                   |  32|   0|   32|          0|
    |mul_i_4_reg_3052                   |  32|   0|   32|          0|
    |mul_i_5_reg_3112                   |  32|   0|   32|          0|
    |mul_i_reg_2992                     |  32|   0|   32|          0|
    |mul_i_s_reg_2997                   |  32|   0|   32|          0|
    |or_ln73_reg_3498                   |   1|   0|    1|          0|
    |or_ln74_reg_3519                   |   1|   0|    1|          0|
    |or_ln75_reg_3540                   |   1|   0|    1|          0|
    |sext_ln299_1cast_reg_3593          |   8|   0|    8|          0|
    |sext_ln299_3cast_reg_3640          |   8|   0|    8|          0|
    |sext_ln299_5cast_reg_3687          |   8|   0|    8|          0|
    |src_col_1_fu_184                   |  31|   0|   31|          0|
    |src_col_4_reg_2732                 |  11|   0|   11|          0|
    |src_col_reg_2667                   |  11|   0|   11|          0|
    |src_col_reg_2667_pp0_iter1_reg     |  11|   0|   11|          0|
    |sum_10_reg_3222                    |  32|   0|   32|          0|
    |sum_11_reg_3227                    |  32|   0|   32|          0|
    |sum_12_reg_3277                    |  32|   0|   32|          0|
    |sum_13_reg_3282                    |  32|   0|   32|          0|
    |sum_14_reg_3287                    |  32|   0|   32|          0|
    |sum_15_reg_3337                    |  32|   0|   32|          0|
    |sum_16_reg_3342                    |  32|   0|   32|          0|
    |sum_17_reg_3347                    |  32|   0|   32|          0|
    |sum_18_reg_3397                    |  32|   0|   32|          0|
    |sum_19_reg_3402                    |  32|   0|   32|          0|
    |sum_1_reg_3042                     |  32|   0|   32|          0|
    |sum_20_reg_3407                    |  32|   0|   32|          0|
    |sum_21_reg_3442                    |  32|   0|   32|          0|
    |sum_22_reg_3447                    |  32|   0|   32|          0|
    |sum_23_reg_3452                    |  32|   0|   32|          0|
    |sum_24_reg_3472                    |  32|   0|   32|          0|
    |sum_24_reg_3472_pp0_iter59_reg     |  32|   0|   32|          0|
    |sum_25_reg_3479                    |  32|   0|   32|          0|
    |sum_25_reg_3479_pp0_iter59_reg     |  32|   0|   32|          0|
    |sum_26_reg_3486                    |  32|   0|   32|          0|
    |sum_26_reg_3486_pp0_iter59_reg     |  32|   0|   32|          0|
    |sum_2_reg_3047                     |  32|   0|   32|          0|
    |sum_3_reg_3097                     |  32|   0|   32|          0|
    |sum_4_reg_3102                     |  32|   0|   32|          0|
    |sum_5_reg_3107                     |  32|   0|   32|          0|
    |sum_6_reg_3157                     |  32|   0|   32|          0|
    |sum_7_reg_3162                     |  32|   0|   32|          0|
    |sum_8_reg_3167                     |  32|   0|   32|          0|
    |sum_9_reg_3217                     |  32|   0|   32|          0|
    |sum_reg_3037                       |  32|   0|   32|          0|
    |tmp_10_reg_2867                    |   8|   0|    8|          0|
    |tmp_11_reg_2872                    |   8|   0|    8|          0|
    |tmp_12_reg_2877                    |   8|   0|    8|          0|
    |tmp_13_reg_2882                    |   8|   0|    8|          0|
    |tmp_14_reg_2887                    |   8|   0|    8|          0|
    |tmp_15_reg_2892                    |   8|   0|    8|          0|
    |tmp_16_reg_2897                    |   8|   0|    8|          0|
    |tmp_17_reg_2902                    |   8|   0|    8|          0|
    |tmp_18_reg_2907                    |   8|   0|    8|          0|
    |tmp_19_reg_2912                    |   8|   0|    8|          0|
    |tmp_1_reg_2692                     |   8|   0|    8|          0|
    |tmp_20_reg_2917                    |   8|   0|    8|          0|
    |tmp_21_reg_2922                    |   8|   0|    8|          0|
    |tmp_22_reg_2927                    |   8|   0|    8|          0|
    |tmp_23_reg_2932                    |   8|   0|    8|          0|
    |tmp_24_reg_2937                    |   8|   0|    8|          0|
    |tmp_25_reg_2942                    |   8|   0|    8|          0|
    |tmp_2_reg_2712                     |   8|   0|    8|          0|
    |tmp_37_reg_3509                    |   1|   0|    1|          0|
    |tmp_38_reg_3697                    |   8|   0|    8|          0|
    |tmp_3_reg_2827                     |   8|   0|    8|          0|
    |tmp_41_reg_3530                    |   1|   0|    1|          0|
    |tmp_42_reg_3703                    |   8|   0|    8|          0|
    |tmp_45_reg_3551                    |   1|   0|    1|          0|
    |tmp_46_reg_3709                    |   8|   0|    8|          0|
    |tmp_4_reg_2832                     |   8|   0|    8|          0|
    |tmp_51_reg_3556                    |   1|   0|    1|          0|
    |tmp_51_reg_3556_pp0_iter62_reg     |   1|   0|    1|          0|
    |tmp_53_reg_3603                    |   1|   0|    1|          0|
    |tmp_53_reg_3603_pp0_iter62_reg     |   1|   0|    1|          0|
    |tmp_55_reg_3650                    |   1|   0|    1|          0|
    |tmp_55_reg_3650_pp0_iter62_reg     |   1|   0|    1|          0|
    |tmp_5_reg_2837                     |   8|   0|    8|          0|
    |tmp_6_reg_2842                     |   8|   0|    8|          0|
    |tmp_7_reg_2847                     |   8|   0|    8|          0|
    |tmp_8_reg_2852                     |   8|   0|    8|          0|
    |tmp_9_reg_2857                     |   8|   0|    8|          0|
    |tmp_s_reg_2862                     |   8|   0|    8|          0|
    |trunc_ln19_reg_2672                |   8|   0|    8|          0|
    |trunc_ln299_12_reg_3655            |   8|   0|    8|          0|
    |trunc_ln299_13_reg_3677            |   8|   0|    8|          0|
    |trunc_ln299_2_reg_3561             |   8|   0|    8|          0|
    |trunc_ln299_3_reg_3583             |   8|   0|    8|          0|
    |trunc_ln299_7_reg_3608             |   8|   0|    8|          0|
    |trunc_ln299_8_reg_3630             |   8|   0|    8|          0|
    |tmp_10_reg_2867                    |  64|  32|    8|          0|
    |tmp_11_reg_2872                    |  64|  32|    8|          0|
    |tmp_12_reg_2877                    |  64|  32|    8|          0|
    |tmp_13_reg_2882                    |  64|  32|    8|          0|
    |tmp_14_reg_2887                    |  64|  32|    8|          0|
    |tmp_15_reg_2892                    |  64|  32|    8|          0|
    |tmp_16_reg_2897                    |  64|  32|    8|          0|
    |tmp_17_reg_2902                    |  64|  32|    8|          0|
    |tmp_18_reg_2907                    |  64|  32|    8|          0|
    |tmp_19_reg_2912                    |  64|  32|    8|          0|
    |tmp_1_reg_2692                     |  64|  32|    8|          0|
    |tmp_20_reg_2917                    |  64|  32|    8|          0|
    |tmp_21_reg_2922                    |  64|  32|    8|          0|
    |tmp_22_reg_2927                    |  64|  32|    8|          0|
    |tmp_23_reg_2932                    |  64|  32|    8|          0|
    |tmp_24_reg_2937                    |  64|  32|    8|          0|
    |tmp_25_reg_2942                    |  64|  32|    8|          0|
    |tmp_2_reg_2712                     |  64|  32|    8|          0|
    |tmp_6_reg_2842                     |  64|  32|    8|          0|
    |tmp_7_reg_2847                     |  64|  32|    8|          0|
    |tmp_8_reg_2852                     |  64|  32|    8|          0|
    |tmp_9_reg_2857                     |  64|  32|    8|          0|
    |tmp_s_reg_2862                     |  64|  32|    8|          0|
    |trunc_ln19_reg_2672                |  64|  32|    8|          0|
    +-----------------------------------+----+----+-----+-----------+
    |Total                              |5014| 768| 3670|          0|
    +-----------------------------------+----+----+-----+-----------+



================================================================
== Interface
================================================================
* Summary: 
+------------------------+-----+-----+------------+-----------------------------------------+--------------+
|        RTL Ports       | Dir | Bits|  Protocol  |              Source Object              |    C Type    |
+------------------------+-----+-----+------------+-----------------------------------------+--------------+
|ap_clk                  |   in|    1|  ap_ctrl_hs|  filter_kernel_Pipeline_VITIS_LOOP_137_8|  return value|
|ap_rst                  |   in|    1|  ap_ctrl_hs|  filter_kernel_Pipeline_VITIS_LOOP_137_8|  return value|
|ap_start                |   in|    1|  ap_ctrl_hs|  filter_kernel_Pipeline_VITIS_LOOP_137_8|  return value|
|ap_done                 |  out|    1|  ap_ctrl_hs|  filter_kernel_Pipeline_VITIS_LOOP_137_8|  return value|
|ap_idle                 |  out|    1|  ap_ctrl_hs|  filter_kernel_Pipeline_VITIS_LOOP_137_8|  return value|
|ap_ready                |  out|    1|  ap_ctrl_hs|  filter_kernel_Pipeline_VITIS_LOOP_137_8|  return value|
|input_stream_TVALID     |   in|    1|        axis|                    input_stream_V_data_V|       pointer|
|input_stream_TDATA      |   in|   32|        axis|                    input_stream_V_data_V|       pointer|
|output_stream_TREADY    |   in|    1|        axis|                   output_stream_V_data_V|       pointer|
|output_stream_TDATA     |  out|   32|        axis|                   output_stream_V_data_V|       pointer|
|width                   |   in|   32|     ap_none|                                    width|        scalar|
|empty_22                |   in|    2|     ap_none|                                 empty_22|        scalar|
|empty_23                |   in|   32|     ap_none|                                 empty_23|        scalar|
|empty_24                |   in|   32|     ap_none|                                 empty_24|        scalar|
|empty_25                |   in|   32|     ap_none|                                 empty_25|        scalar|
|empty_26                |   in|   32|     ap_none|                                 empty_26|        scalar|
|empty_27                |   in|   32|     ap_none|                                 empty_27|        scalar|
|empty_28                |   in|   32|     ap_none|                                 empty_28|        scalar|
|empty_29                |   in|   32|     ap_none|                                 empty_29|        scalar|
|empty_30                |   in|   32|     ap_none|                                 empty_30|        scalar|
|empty                   |   in|   32|     ap_none|                                    empty|        scalar|
|output_stream_TVALID    |  out|    1|        axis|                   output_stream_V_last_V|       pointer|
|output_stream_TLAST     |  out|    1|        axis|                   output_stream_V_last_V|       pointer|
|output_stream_TKEEP     |  out|    4|        axis|                   output_stream_V_keep_V|       pointer|
|output_stream_TSTRB     |  out|    4|        axis|                   output_stream_V_strb_V|       pointer|
|line_buffer_8_address0  |  out|   11|   ap_memory|                            line_buffer_8|         array|
|line_buffer_8_ce0       |  out|    1|   ap_memory|                            line_buffer_8|         array|
|line_buffer_8_we0       |  out|    1|   ap_memory|                            line_buffer_8|         array|
|line_buffer_8_d0        |  out|    8|   ap_memory|                            line_buffer_8|         array|
|line_buffer_8_address1  |  out|   11|   ap_memory|                            line_buffer_8|         array|
|line_buffer_8_ce1       |  out|    1|   ap_memory|                            line_buffer_8|         array|
|line_buffer_8_q1        |   in|    8|   ap_memory|                            line_buffer_8|         array|
|line_buffer_8_address2  |  out|   11|   ap_memory|                            line_buffer_8|         array|
|line_buffer_8_ce2       |  out|    1|   ap_memory|                            line_buffer_8|         array|
|line_buffer_8_q2        |   in|    8|   ap_memory|                            line_buffer_8|         array|
|line_buffer_8_address3  |  out|   11|   ap_memory|                            line_buffer_8|         array|
|line_buffer_8_ce3       |  out|    1|   ap_memory|                            line_buffer_8|         array|
|line_buffer_8_q3        |   in|    8|   ap_memory|                            line_buffer_8|         array|
|line_buffer_7_address0  |  out|   11|   ap_memory|                            line_buffer_7|         array|
|line_buffer_7_ce0       |  out|    1|   ap_memory|                            line_buffer_7|         array|
|line_buffer_7_we0       |  out|    1|   ap_memory|                            line_buffer_7|         array|
|line_buffer_7_d0        |  out|    8|   ap_memory|                            line_buffer_7|         array|
|line_buffer_7_address1  |  out|   11|   ap_memory|                            line_buffer_7|         array|
|line_buffer_7_ce1       |  out|    1|   ap_memory|                            line_buffer_7|         array|
|line_buffer_7_q1        |   in|    8|   ap_memory|                            line_buffer_7|         array|
|line_buffer_7_address2  |  out|   11|   ap_memory|                            line_buffer_7|         array|
|line_buffer_7_ce2       |  out|    1|   ap_memory|                            line_buffer_7|         array|
|line_buffer_7_q2        |   in|    8|   ap_memory|                            line_buffer_7|         array|
|line_buffer_7_address3  |  out|   11|   ap_memory|                            line_buffer_7|         array|
|line_buffer_7_ce3       |  out|    1|   ap_memory|                            line_buffer_7|         array|
|line_buffer_7_q3        |   in|    8|   ap_memory|                            line_buffer_7|         array|
|line_buffer_6_address0  |  out|   11|   ap_memory|                            line_buffer_6|         array|
|line_buffer_6_ce0       |  out|    1|   ap_memory|                            line_buffer_6|         array|
|line_buffer_6_we0       |  out|    1|   ap_memory|                            line_buffer_6|         array|
|line_buffer_6_d0        |  out|    8|   ap_memory|                            line_buffer_6|         array|
|line_buffer_6_address1  |  out|   11|   ap_memory|                            line_buffer_6|         array|
|line_buffer_6_ce1       |  out|    1|   ap_memory|                            line_buffer_6|         array|
|line_buffer_6_q1        |   in|    8|   ap_memory|                            line_buffer_6|         array|
|line_buffer_6_address2  |  out|   11|   ap_memory|                            line_buffer_6|         array|
|line_buffer_6_ce2       |  out|    1|   ap_memory|                            line_buffer_6|         array|
|line_buffer_6_q2        |   in|    8|   ap_memory|                            line_buffer_6|         array|
|line_buffer_6_address3  |  out|   11|   ap_memory|                            line_buffer_6|         array|
|line_buffer_6_ce3       |  out|    1|   ap_memory|                            line_buffer_6|         array|
|line_buffer_6_q3        |   in|    8|   ap_memory|                            line_buffer_6|         array|
|line_buffer_5_address0  |  out|   11|   ap_memory|                            line_buffer_5|         array|
|line_buffer_5_ce0       |  out|    1|   ap_memory|                            line_buffer_5|         array|
|line_buffer_5_we0       |  out|    1|   ap_memory|                            line_buffer_5|         array|
|line_buffer_5_d0        |  out|    8|   ap_memory|                            line_buffer_5|         array|
|line_buffer_5_address1  |  out|   11|   ap_memory|                            line_buffer_5|         array|
|line_buffer_5_ce1       |  out|    1|   ap_memory|                            line_buffer_5|         array|
|line_buffer_5_q1        |   in|    8|   ap_memory|                            line_buffer_5|         array|
|line_buffer_5_address2  |  out|   11|   ap_memory|                            line_buffer_5|         array|
|line_buffer_5_ce2       |  out|    1|   ap_memory|                            line_buffer_5|         array|
|line_buffer_5_q2        |   in|    8|   ap_memory|                            line_buffer_5|         array|
|line_buffer_5_address3  |  out|   11|   ap_memory|                            line_buffer_5|         array|
|line_buffer_5_ce3       |  out|    1|   ap_memory|                            line_buffer_5|         array|
|line_buffer_5_q3        |   in|    8|   ap_memory|                            line_buffer_5|         array|
|line_buffer_4_address0  |  out|   11|   ap_memory|                            line_buffer_4|         array|
|line_buffer_4_ce0       |  out|    1|   ap_memory|                            line_buffer_4|         array|
|line_buffer_4_we0       |  out|    1|   ap_memory|                            line_buffer_4|         array|
|line_buffer_4_d0        |  out|    8|   ap_memory|                            line_buffer_4|         array|
|line_buffer_4_address1  |  out|   11|   ap_memory|                            line_buffer_4|         array|
|line_buffer_4_ce1       |  out|    1|   ap_memory|                            line_buffer_4|         array|
|line_buffer_4_q1        |   in|    8|   ap_memory|                            line_buffer_4|         array|
|line_buffer_4_address2  |  out|   11|   ap_memory|                            line_buffer_4|         array|
|line_buffer_4_ce2       |  out|    1|   ap_memory|                            line_buffer_4|         array|
|line_buffer_4_q2        |   in|    8|   ap_memory|                            line_buffer_4|         array|
|line_buffer_4_address3  |  out|   11|   ap_memory|                            line_buffer_4|         array|
|line_buffer_4_ce3       |  out|    1|   ap_memory|                            line_buffer_4|         array|
|line_buffer_4_q3        |   in|    8|   ap_memory|                            line_buffer_4|         array|
|line_buffer_3_address0  |  out|   11|   ap_memory|                            line_buffer_3|         array|
|line_buffer_3_ce0       |  out|    1|   ap_memory|                            line_buffer_3|         array|
|line_buffer_3_we0       |  out|    1|   ap_memory|                            line_buffer_3|         array|
|line_buffer_3_d0        |  out|    8|   ap_memory|                            line_buffer_3|         array|
|line_buffer_3_address1  |  out|   11|   ap_memory|                            line_buffer_3|         array|
|line_buffer_3_ce1       |  out|    1|   ap_memory|                            line_buffer_3|         array|
|line_buffer_3_q1        |   in|    8|   ap_memory|                            line_buffer_3|         array|
|line_buffer_3_address2  |  out|   11|   ap_memory|                            line_buffer_3|         array|
|line_buffer_3_ce2       |  out|    1|   ap_memory|                            line_buffer_3|         array|
|line_buffer_3_q2        |   in|    8|   ap_memory|                            line_buffer_3|         array|
|line_buffer_3_address3  |  out|   11|   ap_memory|                            line_buffer_3|         array|
|line_buffer_3_ce3       |  out|    1|   ap_memory|                            line_buffer_3|         array|
|line_buffer_3_q3        |   in|    8|   ap_memory|                            line_buffer_3|         array|
|line_buffer_2_address0  |  out|   11|   ap_memory|                            line_buffer_2|         array|
|line_buffer_2_ce0       |  out|    1|   ap_memory|                            line_buffer_2|         array|
|line_buffer_2_we0       |  out|    1|   ap_memory|                            line_buffer_2|         array|
|line_buffer_2_d0        |  out|    8|   ap_memory|                            line_buffer_2|         array|
|line_buffer_2_address1  |  out|   11|   ap_memory|                            line_buffer_2|         array|
|line_buffer_2_ce1       |  out|    1|   ap_memory|                            line_buffer_2|         array|
|line_buffer_2_q1        |   in|    8|   ap_memory|                            line_buffer_2|         array|
|line_buffer_2_address2  |  out|   11|   ap_memory|                            line_buffer_2|         array|
|line_buffer_2_ce2       |  out|    1|   ap_memory|                            line_buffer_2|         array|
|line_buffer_2_q2        |   in|    8|   ap_memory|                            line_buffer_2|         array|
|line_buffer_2_address3  |  out|   11|   ap_memory|                            line_buffer_2|         array|
|line_buffer_2_ce3       |  out|    1|   ap_memory|                            line_buffer_2|         array|
|line_buffer_2_q3        |   in|    8|   ap_memory|                            line_buffer_2|         array|
|line_buffer_1_address0  |  out|   11|   ap_memory|                            line_buffer_1|         array|
|line_buffer_1_ce0       |  out|    1|   ap_memory|                            line_buffer_1|         array|
|line_buffer_1_we0       |  out|    1|   ap_memory|                            line_buffer_1|         array|
|line_buffer_1_d0        |  out|    8|   ap_memory|                            line_buffer_1|         array|
|line_buffer_1_address1  |  out|   11|   ap_memory|                            line_buffer_1|         array|
|line_buffer_1_ce1       |  out|    1|   ap_memory|                            line_buffer_1|         array|
|line_buffer_1_q1        |   in|    8|   ap_memory|                            line_buffer_1|         array|
|line_buffer_1_address2  |  out|   11|   ap_memory|                            line_buffer_1|         array|
|line_buffer_1_ce2       |  out|    1|   ap_memory|                            line_buffer_1|         array|
|line_buffer_1_q2        |   in|    8|   ap_memory|                            line_buffer_1|         array|
|line_buffer_1_address3  |  out|   11|   ap_memory|                            line_buffer_1|         array|
|line_buffer_1_ce3       |  out|    1|   ap_memory|                            line_buffer_1|         array|
|line_buffer_1_q3        |   in|    8|   ap_memory|                            line_buffer_1|         array|
|line_buffer_address0    |  out|   11|   ap_memory|                              line_buffer|         array|
|line_buffer_ce0         |  out|    1|   ap_memory|                              line_buffer|         array|
|line_buffer_we0         |  out|    1|   ap_memory|                              line_buffer|         array|
|line_buffer_d0          |  out|    8|   ap_memory|                              line_buffer|         array|
|line_buffer_address1    |  out|   11|   ap_memory|                              line_buffer|         array|
|line_buffer_ce1         |  out|    1|   ap_memory|                              line_buffer|         array|
|line_buffer_q1          |   in|    8|   ap_memory|                              line_buffer|         array|
|line_buffer_address2    |  out|   11|   ap_memory|                              line_buffer|         array|
|line_buffer_ce2         |  out|    1|   ap_memory|                              line_buffer|         array|
|line_buffer_q2          |   in|    8|   ap_memory|                              line_buffer|         array|
|line_buffer_address3    |  out|   11|   ap_memory|                              line_buffer|         array|
|line_buffer_ce3         |  out|    1|   ap_memory|                              line_buffer|         array|
|line_buffer_q3          |   in|    8|   ap_memory|                              line_buffer|         array|
|input_stream_TREADY     |  out|    1|        axis|                    input_stream_V_last_V|       pointer|
|input_stream_TLAST      |   in|    1|        axis|                    input_stream_V_last_V|       pointer|
|input_stream_TKEEP      |   in|    4|        axis|                    input_stream_V_keep_V|       pointer|
|input_stream_TSTRB      |   in|    4|        axis|                    input_stream_V_strb_V|       pointer|
|sub23_i                 |   in|   11|     ap_none|                                  sub23_i|        scalar|
|phi_urem                |   in|    2|     ap_none|                                 phi_urem|        scalar|
|buffer_row              |   in|    2|     ap_none|                               buffer_row|        scalar|
+------------------------+-----+-----+------------+-----------------------------------------+--------------+

