Copyright 1986-2022 Xilinx, Inc. All Rights Reserved. Copyright 2022-2024 Advanced Micro Devices, Inc. All Rights Reserved.
---------------------------------------------------------------------------------------------------------------------------------------------
| Tool Version : Vivado v.2024.2 (win64) Build 5239630 Fri Nov 08 22:35:27 MST 2024
| Date         : Thu Mar  6 02:11:58 2025
| Host         : LAPTOP-D6BOEUU6 running 64-bit major release  (build 9200)
| Command      : upgrade_ip
| Device       : xc7z020clg400-1
---------------------------------------------------------------------------------------------------------------------------------------------

Upgrade Log for IP 'grayscale_grayscale_kernel_0_1'

1. Summary
----------

SUCCESS in the upgrade of grayscale_grayscale_kernel_0_1 (xilinx.com:hls:grayscale_kernel:1.0) from (Rev. 2113982878) to (Rev. 2113982887)






Copyright 1986-2022 Xilinx, Inc. All Rights Reserved. Copyright 2022-2024 Advanced Micro Devices, Inc. All Rights Reserved.
---------------------------------------------------------------------------------------------------------------------------------------------
| Tool Version : Vivado v.2024.2 (win64) Build 5239630 Fri Nov 08 22:35:27 MST 2024
| Date         : Thu Mar  6 02:02:52 2025
| Host         : LAPTOP-D6BOEUU6 running 64-bit major release  (build 9200)
| Command      : upgrade_ip
| Device       : xc7z020clg400-1
---------------------------------------------------------------------------------------------------------------------------------------------

Upgrade Log for IP 'grayscale_grayscale_kernel_0_0'

1. Summary
----------

SUCCESS in the upgrade of grayscale_grayscale_kernel_0_0 (xilinx.com:hls:grayscale_kernel:1.0) from (Rev. 2113982839) to (Rev. 2113982878)

