================================================================
== Design Size Report
================================================================

* Total Instructions per Compilation Phase
+---------------+-----------------------------+--------------+----------------------------------------------------------------------------------------+
| Phase         | Step                        | Instructions | Description                                                                            |
+---------------+-----------------------------+--------------+----------------------------------------------------------------------------------------+
| Compile/Link  |                             | 2,094        | After all functions are compiled and linked into a single design                       |
|               |                             |              |                                                                                        |
| Unroll/Inline |                             |              | After user unroll and inline pragmas are applied                                       |
|               | (1) unroll                  | 1,426        | user unroll pragmas are applied                                                        |
|               | (2) simplification          |   636        | simplification of applied user unroll pragmas                                          |
|               | (3) inline                  |   601        | user inline pragmas are applied                                                        |
|               | (4) simplification          |   585        | simplification of applied user inline pragmas                                          |
|               |                             |              |                                                                                        |
| Array/Struct  |                             |              | After user array partition and struct aggregate/disaggregate pragmas are applied       |
|               | (1) array partition         |   978        | user array partition pragmas are applied                                               |
|               | (2) simplification          |   612        | simplification of applied user array partition & struct aggregate/disaggregate pragmas |
|               | (3) aggregate/disaggregate  |   612        | user struct aggregate/disaggregate pragmas are applied                                 |
|               | (4) array reshape           |   612        | apply array reshape pragmas                                                            |
|               | (5) access patterns         |   656        | array access pattern optmizations                                                      |
|               |                             |              |                                                                                        |
| Performance   |                             |              | After transformations are applied to meet performance pragma targets                   |
|               | (1) loop simplification     |   662        | loop and instruction simplification                                                    |
|               | (2) parallelization         |   656        | loops are unrolled or pipelined to meet performance targets                            |
|               | (3) array partition         |   606        | arrays are partitioned to meet performance targets                                     |
|               | (4) simplification          |   606        | simplification of design after performance transformations                             |
|               |                             |              |                                                                                        |
| HW Transforms |                             |              | After hardware transfomations                                                          |
|               | (1) lowering                |   588        | initial conversion to HW specific instructions                                         |
|               | (2) optimizations           |   576        | high level synthesis optimizations                                                     |
+---------------+-----------------------------+--------------+----------------------------------------------------------------------------------------+

* Instructions per Function for each Compilation Phase
+------------------+---------------+--------------+---------------+--------------+-------------+---------------+
| Function         | Location      | Compile/Link | Unroll/Inline | Array/Struct | Performance | HW Transforms |
+------------------+---------------+--------------+---------------+--------------+-------------+---------------+
| + filter_kernel  | filter.cpp:84 | 2,094        | 585           | 656          | 606         | 576           |
|    store         | filter.cpp:10 |  193         |               |              |             |               |
|    create_window | filter.cpp:23 |   69         |               |              |             |               |
|    apply_kernel  | filter.cpp:54 | 1,517        |               |              |             |               |
+------------------+---------------+--------------+---------------+--------------+-------------+---------------+

* Design Size Message Settings
+---------------------------------------------+--------+------------------------------------------------------------------+
| Message Setting                             | Value  | Description                                                      |
+---------------------------------------------+--------+------------------------------------------------------------------+
| config_compile -design_size_maximum_warning | 100000 | Show a warning when total design instructions exceeds this value |
+---------------------------------------------+--------+------------------------------------------------------------------+


