

================================================================
== Vitis HLS Report for 'filter_kernel'
================================================================
* Date:           Mon Mar 24 04:06:42 2025

* Version:        2024.2 (Build 5238294 on Nov  8 2024)
* Project:        filter
* Solution:       hls (Vivado IP Flow Target)
* Product family: zynq
* Target device:  xc7z020-clg400-1


================================================================
== Performance Estimates
================================================================
+ Timing: 
    * Summary: 
    +--------+----------+----------+------------+
    |  Clock |  Target  | Estimated| Uncertainty|
    +--------+----------+----------+------------+
    |ap_clk  |  10.00 ns|  7.256 ns|     2.70 ns|
    +--------+----------+----------+------------+

+ Latency: 
    * Summary: 
    +---------+---------+----------+----------+-----+-----+---------+
    |  Latency (cycles) |  Latency (absolute) |  Interval | Pipeline|
    |   min   |   max   |    min   |    max   | min | max |   Type  |
    +---------+---------+----------+----------+-----+-----+---------+
    |        ?|        ?|         ?|         ?|    ?|    ?|       no|
    +---------+---------+----------+----------+-----+-----+---------+

    + Detail: 
        * Instance: 
        +-----------------------------------------------------+------------------------------------------+---------+---------+-----------+-----------+------+------+------------------------------------------------+
        |                                                     |                                          |  Latency (cycles) |   Latency (absolute)  |   Interval  |                    Pipeline                    |
        |                       Instance                      |                  Module                  |   min   |   max   |    min    |    max    |  min |  max |                      Type                      |
        +-----------------------------------------------------+------------------------------------------+---------+---------+-----------+-----------+------+------+------------------------------------------------+
        |grp_filter_kernel_Pipeline_VITIS_LOOP_119_2_fu_272   |filter_kernel_Pipeline_VITIS_LOOP_119_2   |     1922|     1922|  19.220 us|  19.220 us|  1921|  1921|  loop auto-rewind stp (delay=0 clock cycles(s))|
        |grp_filter_kernel_Pipeline_VITIS_LOOP_119_21_fu_282  |filter_kernel_Pipeline_VITIS_LOOP_119_21  |     1922|     1922|  19.220 us|  19.220 us|  1921|  1921|  loop auto-rewind stp (delay=0 clock cycles(s))|
        |grp_filter_kernel_Pipeline_VITIS_LOOP_119_22_fu_292  |filter_kernel_Pipeline_VITIS_LOOP_119_22  |     1922|     1922|  19.220 us|  19.220 us|  1921|  1921|  loop auto-rewind stp (delay=0 clock cycles(s))|
        |grp_filter_kernel_Pipeline_VITIS_LOOP_139_8_fu_302   |filter_kernel_Pipeline_VITIS_LOOP_139_8   |        ?|        ?|          ?|          ?|     0|     0|  loop auto-rewind stp (delay=0 clock cycles(s))|
        +-----------------------------------------------------+------------------------------------------+---------+---------+-----------+-----------+------+------+------------------------------------------------+

        * Loop: 
        +--------------------+---------+---------+----------+-----------+-----------+------+----------+
        |                    |  Latency (cycles) | Iteration|  Initiation Interval  | Trip |          |
        |      Loop Name     |   min   |   max   |  Latency |  achieved |   target  | Count| Pipelined|
        +--------------------+---------+---------+----------+-----------+-----------+------+----------+
        |- VITIS_LOOP_138_7  |        ?|        ?|         ?|          -|          -|     ?|        no|
        +--------------------+---------+---------+----------+-----------+-----------+------+----------+



================================================================
== Utilization Estimates
================================================================
* Summary: 
+-----------------+---------+-----+--------+-------+-----+
|       Name      | BRAM_18K| DSP |   FF   |  LUT  | URAM|
+-----------------+---------+-----+--------+-------+-----+
|DSP              |        -|    -|       -|      -|    -|
|Expression       |        -|    -|       0|    418|    -|
|FIFO             |        -|    -|       -|      -|    -|
|Instance         |        0|  135|   16636|  22740|    -|
|Memory           |       27|    -|       0|      0|    0|
|Multiplexer      |        -|    -|       0|   1104|    -|
|Register         |        -|    -|    1109|      -|    -|
+-----------------+---------+-----+--------+-------+-----+
|Total            |       27|  135|   17745|  24262|    0|
+-----------------+---------+-----+--------+-------+-----+
|Available        |      280|  220|  106400|  53200|    0|
+-----------------+---------+-----+--------+-------+-----+
|Utilization (%)  |        9|   61|      16|     45|    0|
+-----------------+---------+-----+--------+-------+-----+

+ Detail: 
    * Instance: 
    +-----------------------------------------------------+------------------------------------------+---------+-----+-------+-------+-----+
    |                       Instance                      |                  Module                  | BRAM_18K| DSP |   FF  |  LUT  | URAM|
    +-----------------------------------------------------+------------------------------------------+---------+-----+-------+-------+-----+
    |control_s_axi_U                                      |control_s_axi                             |        0|    0|    294|    307|    0|
    |grp_filter_kernel_Pipeline_VITIS_LOOP_119_2_fu_272   |filter_kernel_Pipeline_VITIS_LOOP_119_2   |        0|    0|     13|     51|    0|
    |grp_filter_kernel_Pipeline_VITIS_LOOP_119_21_fu_282  |filter_kernel_Pipeline_VITIS_LOOP_119_21  |        0|    0|     13|     51|    0|
    |grp_filter_kernel_Pipeline_VITIS_LOOP_119_22_fu_292  |filter_kernel_Pipeline_VITIS_LOOP_119_22  |        0|    0|     13|     51|    0|
    |grp_filter_kernel_Pipeline_VITIS_LOOP_139_8_fu_302   |filter_kernel_Pipeline_VITIS_LOOP_139_8   |        0|  135|  15527|  21812|    0|
    |sitofp_32ns_32_6_no_dsp_1_U192                       |sitofp_32ns_32_6_no_dsp_1                 |        0|    0|      0|      0|    0|
    |sitofp_32ns_32_6_no_dsp_1_U193                       |sitofp_32ns_32_6_no_dsp_1                 |        0|    0|      0|      0|    0|
    |sitofp_32ns_32_6_no_dsp_1_U194                       |sitofp_32ns_32_6_no_dsp_1                 |        0|    0|      0|      0|    0|
    |sitofp_32ns_32_6_no_dsp_1_U195                       |sitofp_32ns_32_6_no_dsp_1                 |        0|    0|      0|      0|    0|
    |sitofp_32ns_32_6_no_dsp_1_U196                       |sitofp_32ns_32_6_no_dsp_1                 |        0|    0|      0|      0|    0|
    |sitofp_32ns_32_6_no_dsp_1_U197                       |sitofp_32ns_32_6_no_dsp_1                 |        0|    0|      0|      0|    0|
    |sitofp_32ns_32_6_no_dsp_1_U198                       |sitofp_32ns_32_6_no_dsp_1                 |        0|    0|      0|      0|    0|
    |sitofp_32ns_32_6_no_dsp_1_U199                       |sitofp_32ns_32_6_no_dsp_1                 |        0|    0|      0|      0|    0|
    |sitofp_32ns_32_6_no_dsp_1_U200                       |sitofp_32ns_32_6_no_dsp_1                 |        0|    0|      0|      0|    0|
    |sitofp_32ns_32_6_no_dsp_1_U201                       |sitofp_32ns_32_6_no_dsp_1                 |        0|    0|      0|      0|    0|
    |urem_31ns_3ns_2_35_seq_1_U203                        |urem_31ns_3ns_2_35_seq_1                  |        0|    0|    382|    230|    0|
    |urem_32ns_3ns_2_36_seq_1_U202                        |urem_32ns_3ns_2_36_seq_1                  |        0|    0|    394|    238|    0|
    +-----------------------------------------------------+------------------------------------------+---------+-----+-------+-------+-----+
    |Total                                                |                                          |        0|  135|  16636|  22740|    0|
    +-----------------------------------------------------+------------------------------------------+---------+-----+-------+-------+-----+

    * DSP: 
    N/A

    * Memory: 
    +-----------------+--------------------------------+---------+---+----+-----+------+-----+------+-------------+
    |      Memory     |             Module             | BRAM_18K| FF| LUT| URAM| Words| Bits| Banks| W*Bits*Banks|
    +-----------------+--------------------------------+---------+---+----+-----+------+-----+------+-------------+
    |line_buffer_U    |line_buffer_RAM_1WNR_AUTO_1R1W  |        3|  0|   0|    0|  1920|    8|     1|        15360|
    |line_buffer_1_U  |line_buffer_RAM_1WNR_AUTO_1R1W  |        3|  0|   0|    0|  1920|    8|     1|        15360|
    |line_buffer_2_U  |line_buffer_RAM_1WNR_AUTO_1R1W  |        3|  0|   0|    0|  1920|    8|     1|        15360|
    |line_buffer_3_U  |line_buffer_RAM_1WNR_AUTO_1R1W  |        3|  0|   0|    0|  1920|    8|     1|        15360|
    |line_buffer_4_U  |line_buffer_RAM_1WNR_AUTO_1R1W  |        3|  0|   0|    0|  1920|    8|     1|        15360|
    |line_buffer_5_U  |line_buffer_RAM_1WNR_AUTO_1R1W  |        3|  0|   0|    0|  1920|    8|     1|        15360|
    |line_buffer_6_U  |line_buffer_RAM_1WNR_AUTO_1R1W  |        3|  0|   0|    0|  1920|    8|     1|        15360|
    |line_buffer_7_U  |line_buffer_RAM_1WNR_AUTO_1R1W  |        3|  0|   0|    0|  1920|    8|     1|        15360|
    |line_buffer_8_U  |line_buffer_RAM_1WNR_AUTO_1R1W  |        3|  0|   0|    0|  1920|    8|     1|        15360|
    +-----------------+--------------------------------+---------+---+----+-----+------+-----+------+-------------+
    |Total            |                                |       27|  0|   0|    0| 17280|   72|     9|       138240|
    +-----------------+--------------------------------+---------+---+----+-----+------+-----+------+-------------+

    * FIFO: 
    N/A

    * Expression: 
    +-------------------------------------------------------------------------+----------+----+---+----+------------+------------+
    |                              Variable Name                              | Operation| DSP| FF| LUT| Bitwidth P0| Bitwidth P1|
    +-------------------------------------------------------------------------+----------+----+---+----+------------+------------+
    |add_ln138_1_fu_504_p2                                                    |         +|   0|  0|  38|          31|           1|
    |row_2_fu_418_p2                                                          |         +|   0|  0|  38|          31|           1|
    |src_row_fu_433_p2                                                        |         +|   0|  0|  39|          32|           2|
    |sub14_i_fu_388_p2                                                        |         +|   0|  0|  39|          32|           2|
    |sub23_i_fu_397_p2                                                        |         +|   0|  0|  39|          32|           2|
    |grp_filter_kernel_Pipeline_VITIS_LOOP_139_8_fu_302_output_stream_TREADY  |       and|   0|  0|   2|           1|           1|
    |cmp62_fu_424_p2                                                          |      icmp|   0|  0|  39|          32|          32|
    |icmp_ln138_1_fu_510_p2                                                   |      icmp|   0|  0|  38|          31|           2|
    |icmp_ln138_fu_413_p2                                                     |      icmp|   0|  0|  39|          32|          32|
    |slt_fu_453_p2                                                            |      icmp|   0|  0|  39|          32|          32|
    |ap_block_state2_on_subcall_done                                          |        or|   0|  0|   2|           1|           1|
    |empty_29_fu_485_p3                                                       |    select|   0|  0|   2|           1|           1|
    |select_ln138_fu_516_p3                                                   |    select|   0|  0|  31|           1|           1|
    |src_row_3_fu_464_p3                                                      |    select|   0|  0|  31|           1|          31|
    |rev_fu_458_p2                                                            |       xor|   0|  0|   2|           1|           2|
    +-------------------------------------------------------------------------+----------+----+---+----+------------+------------+
    |Total                                                                    |          |   0|  0| 418|         291|         143|
    +-------------------------------------------------------------------------+----------+----+---+----+------------+------------+

    * Multiplexer: 
    +----------------------------------+-----+-----------+-----+-----------+
    |               Name               | LUT | Input Size| Bits| Total Bits|
    +----------------------------------+-----+-----------+-----+-----------+
    |ap_NS_fsm                         |  241|         56|    1|         56|
    |input_stream_TREADY_int_regslice  |    9|          2|    1|          2|
    |kernel_address0_local             |   53|         10|    4|         40|
    |line_buffer_1_address0            |   14|          3|   11|         33|
    |line_buffer_1_ce0                 |   14|          3|    1|          3|
    |line_buffer_1_ce1                 |    9|          2|    1|          2|
    |line_buffer_1_ce2                 |    9|          2|    1|          2|
    |line_buffer_1_ce3                 |    9|          2|    1|          2|
    |line_buffer_1_d0                  |   14|          3|    8|         24|
    |line_buffer_1_we0                 |   14|          3|    1|          3|
    |line_buffer_2_address0            |   14|          3|   11|         33|
    |line_buffer_2_ce0                 |   14|          3|    1|          3|
    |line_buffer_2_ce1                 |    9|          2|    1|          2|
    |line_buffer_2_ce2                 |    9|          2|    1|          2|
    |line_buffer_2_ce3                 |    9|          2|    1|          2|
    |line_buffer_2_d0                  |   14|          3|    8|         24|
    |line_buffer_2_we0                 |   14|          3|    1|          3|
    |line_buffer_3_address0            |   14|          3|   11|         33|
    |line_buffer_3_ce0                 |   14|          3|    1|          3|
    |line_buffer_3_ce1                 |    9|          2|    1|          2|
    |line_buffer_3_ce2                 |    9|          2|    1|          2|
    |line_buffer_3_ce3                 |    9|          2|    1|          2|
    |line_buffer_3_d0                  |   14|          3|    8|         24|
    |line_buffer_3_we0                 |   14|          3|    1|          3|
    |line_buffer_4_address0            |   14|          3|   11|         33|
    |line_buffer_4_ce0                 |   14|          3|    1|          3|
    |line_buffer_4_ce1                 |    9|          2|    1|          2|
    |line_buffer_4_ce2                 |    9|          2|    1|          2|
    |line_buffer_4_ce3                 |    9|          2|    1|          2|
    |line_buffer_4_d0                  |   14|          3|    8|         24|
    |line_buffer_4_we0                 |   14|          3|    1|          3|
    |line_buffer_5_address0            |   14|          3|   11|         33|
    |line_buffer_5_ce0                 |   14|          3|    1|          3|
    |line_buffer_5_ce1                 |    9|          2|    1|          2|
    |line_buffer_5_ce2                 |    9|          2|    1|          2|
    |line_buffer_5_ce3                 |    9|          2|    1|          2|
    |line_buffer_5_d0                  |   14|          3|    8|         24|
    |line_buffer_5_we0                 |   14|          3|    1|          3|
    |line_buffer_6_address0            |   14|          3|   11|         33|
    |line_buffer_6_ce0                 |   14|          3|    1|          3|
    |line_buffer_6_ce1                 |    9|          2|    1|          2|
    |line_buffer_6_ce2                 |    9|          2|    1|          2|
    |line_buffer_6_ce3                 |    9|          2|    1|          2|
    |line_buffer_6_d0                  |   14|          3|    8|         24|
    |line_buffer_6_we0                 |   14|          3|    1|          3|
    |line_buffer_7_address0            |   14|          3|   11|         33|
    |line_buffer_7_ce0                 |   14|          3|    1|          3|
    |line_buffer_7_ce1                 |    9|          2|    1|          2|
    |line_buffer_7_ce2                 |    9|          2|    1|          2|
    |line_buffer_7_ce3                 |    9|          2|    1|          2|
    |line_buffer_7_d0                  |   14|          3|    8|         24|
    |line_buffer_7_we0                 |   14|          3|    1|          3|
    |line_buffer_8_address0            |   14|          3|   11|         33|
    |line_buffer_8_ce0                 |   14|          3|    1|          3|
    |line_buffer_8_ce1                 |    9|          2|    1|          2|
    |line_buffer_8_ce2                 |    9|          2|    1|          2|
    |line_buffer_8_ce3                 |    9|          2|    1|          2|
    |line_buffer_8_d0                  |   14|          3|    8|         24|
    |line_buffer_8_we0                 |   14|          3|    1|          3|
    |line_buffer_address0              |   14|          3|   11|         33|
    |line_buffer_ce0                   |   14|          3|    1|          3|
    |line_buffer_ce1                   |    9|          2|    1|          2|
    |line_buffer_ce2                   |    9|          2|    1|          2|
    |line_buffer_ce3                   |    9|          2|    1|          2|
    |line_buffer_d0                    |   14|          3|    8|         24|
    |line_buffer_we0                   |   14|          3|    1|          3|
    |output_stream_TDATA_int_regslice  |    9|          2|   32|         64|
    |output_stream_TKEEP_int_regslice  |    9|          2|    4|          8|
    |output_stream_TLAST_int_regslice  |    9|          2|    1|          2|
    |output_stream_TSTRB_int_regslice  |    9|          2|    4|          8|
    |phi_urem_fu_124                   |    9|          2|   31|         62|
    |row_fu_128                        |    9|          2|   31|         62|
    +----------------------------------+-----+-----------+-----+-----------+
    |Total                             | 1104|        242|  325|        925|
    +----------------------------------+-----+-----------+-----+-----------+

    * Register: 
    +------------------------------------------------------------------+----+----+-----+-----------+
    |                               Name                               | FF | LUT| Bits| Const Bits|
    +------------------------------------------------------------------+----+----+-----+-----------+
    |ap_CS_fsm                                                         |  55|   0|   55|          0|
    |buffer_row_reg_749                                                |   2|   0|    2|          0|
    |cmp62_reg_724                                                     |   1|   0|    1|          0|
    |conv17_i_1_1_reg_696                                              |  32|   0|   32|          0|
    |conv17_i_1_2_reg_701                                              |  32|   0|   32|          0|
    |conv17_i_1_reg_691                                                |  32|   0|   32|          0|
    |conv17_i_2_1_reg_711                                              |  32|   0|   32|          0|
    |conv17_i_2_2_reg_716                                              |  32|   0|   32|          0|
    |conv17_i_2_reg_706                                                |  32|   0|   32|          0|
    |conv17_i_3_reg_686                                                |  32|   0|   32|          0|
    |conv17_i_reg_676                                                  |  32|   0|   32|          0|
    |conv17_i_s_reg_681                                                |  32|   0|   32|          0|
    |conv18_i_reg_671                                                  |  32|   0|   32|          0|
    |empty_27_reg_666                                                  |  11|   0|   11|          0|
    |empty_29_reg_744                                                  |   2|   0|    2|          0|
    |empty_30_reg_759                                                  |   2|   0|    2|          0|
    |empty_reg_656                                                     |  31|   0|   31|          0|
    |grp_filter_kernel_Pipeline_VITIS_LOOP_119_21_fu_282_ap_start_reg  |   1|   0|    1|          0|
    |grp_filter_kernel_Pipeline_VITIS_LOOP_119_22_fu_292_ap_start_reg  |   1|   0|    1|          0|
    |grp_filter_kernel_Pipeline_VITIS_LOOP_119_2_fu_272_ap_start_reg   |   1|   0|    1|          0|
    |grp_filter_kernel_Pipeline_VITIS_LOOP_139_8_fu_302_ap_start_reg   |   1|   0|    1|          0|
    |image_height_0_data_reg                                           |  32|   0|   32|          0|
    |image_height_0_vld_reg                                            |   0|   0|    1|          1|
    |image_height_read_reg_633                                         |  32|   0|   32|          0|
    |image_width_0_data_reg                                            |  32|   0|   32|          0|
    |image_width_0_vld_reg                                             |   0|   0|    1|          1|
    |image_width_read_reg_640                                          |  32|   0|   32|          0|
    |kernel_factor_0_data_reg                                          |  32|   0|   32|          0|
    |kernel_factor_0_vld_reg                                           |   0|   0|    1|          1|
    |kernel_factor_read_reg_628                                        |  32|   0|   32|          0|
    |kernel_load_1_reg_563                                             |  32|   0|   32|          0|
    |kernel_load_2_reg_573                                             |  32|   0|   32|          0|
    |kernel_load_3_reg_583                                             |  32|   0|   32|          0|
    |kernel_load_4_reg_593                                             |  32|   0|   32|          0|
    |kernel_load_5_reg_603                                             |  32|   0|   32|          0|
    |kernel_load_6_reg_613                                             |  32|   0|   32|          0|
    |kernel_load_7_reg_623                                             |  32|   0|   32|          0|
    |kernel_load_8_reg_646                                             |  32|   0|   32|          0|
    |kernel_load_reg_553                                               |  32|   0|   32|          0|
    |output_stream_TDATA_reg                                           |  32|   0|   32|          0|
    |output_stream_TKEEP_reg                                           |   4|   0|    4|          0|
    |output_stream_TLAST_reg                                           |   1|   0|    1|          0|
    |output_stream_TSTRB_reg                                           |   4|   0|    4|          0|
    |phi_urem_fu_124                                                   |  31|   0|   31|          0|
    |row_fu_128                                                        |  31|   0|   31|          0|
    |src_row_3_reg_739                                                 |  31|   0|   31|          0|
    |sub14_i_reg_651                                                   |  32|   0|   32|          0|
    |sub23_i_reg_661                                                   |  32|   0|   32|          0|
    |tmp_reg_734                                                       |   1|   0|    1|          0|
    |trunc_ln138_reg_754                                               |   2|   0|    2|          0|
    +------------------------------------------------------------------+----+----+-----+-----------+
    |Total                                                             |1109|   0| 1112|          3|
    +------------------------------------------------------------------+----+----+-----+-----------+



================================================================
== Interface
================================================================
* Summary: 
+-----------------------+-----+-----+------------+------------------------+--------------+
|       RTL Ports       | Dir | Bits|  Protocol  |      Source Object     |    C Type    |
+-----------------------+-----+-----+------------+------------------------+--------------+
|s_axi_control_AWVALID  |   in|    1|       s_axi|                 control|         array|
|s_axi_control_AWREADY  |  out|    1|       s_axi|                 control|         array|
|s_axi_control_AWADDR   |   in|    7|       s_axi|                 control|         array|
|s_axi_control_WVALID   |   in|    1|       s_axi|                 control|         array|
|s_axi_control_WREADY   |  out|    1|       s_axi|                 control|         array|
|s_axi_control_WDATA    |   in|   32|       s_axi|                 control|         array|
|s_axi_control_WSTRB    |   in|    4|       s_axi|                 control|         array|
|s_axi_control_ARVALID  |   in|    1|       s_axi|                 control|         array|
|s_axi_control_ARREADY  |  out|    1|       s_axi|                 control|         array|
|s_axi_control_ARADDR   |   in|    7|       s_axi|                 control|         array|
|s_axi_control_RVALID   |  out|    1|       s_axi|                 control|         array|
|s_axi_control_RREADY   |   in|    1|       s_axi|                 control|         array|
|s_axi_control_RDATA    |  out|   32|       s_axi|                 control|         array|
|s_axi_control_RRESP    |  out|    2|       s_axi|                 control|         array|
|s_axi_control_BVALID   |  out|    1|       s_axi|                 control|         array|
|s_axi_control_BREADY   |   in|    1|       s_axi|                 control|         array|
|s_axi_control_BRESP    |  out|    2|       s_axi|                 control|         array|
|ap_clk                 |   in|    1|  ap_ctrl_hs|           filter_kernel|  return value|
|ap_rst_n               |   in|    1|  ap_ctrl_hs|           filter_kernel|  return value|
|interrupt              |  out|    1|  ap_ctrl_hs|           filter_kernel|  return value|
|input_stream_TDATA     |   in|   32|        axis|   input_stream_V_data_V|       pointer|
|input_stream_TVALID    |   in|    1|        axis|   input_stream_V_last_V|       pointer|
|input_stream_TREADY    |  out|    1|        axis|   input_stream_V_last_V|       pointer|
|input_stream_TLAST     |   in|    1|        axis|   input_stream_V_last_V|       pointer|
|input_stream_TKEEP     |   in|    4|        axis|   input_stream_V_keep_V|       pointer|
|input_stream_TSTRB     |   in|    4|        axis|   input_stream_V_strb_V|       pointer|
|output_stream_TDATA    |  out|   32|        axis|  output_stream_V_data_V|       pointer|
|output_stream_TVALID   |  out|    1|        axis|  output_stream_V_last_V|       pointer|
|output_stream_TREADY   |   in|    1|        axis|  output_stream_V_last_V|       pointer|
|output_stream_TLAST    |  out|    1|        axis|  output_stream_V_last_V|       pointer|
|output_stream_TKEEP    |  out|    4|        axis|  output_stream_V_keep_V|       pointer|
|output_stream_TSTRB    |  out|    4|        axis|  output_stream_V_strb_V|       pointer|
+-----------------------+-----+-----+------------+------------------------+--------------+

