

================================================================
== Vitis HLS Report for 'filter_kernel'
================================================================
* Date:           Wed Mar 19 23:02:49 2025

* Version:        2024.2 (Build 5238294 on Nov  8 2024)
* Project:        filter
* Solution:       hls (Vivado IP Flow Target)
* Product family: zynq
* Target device:  xc7z020-clg400-1


================================================================
== Performance Estimates
================================================================
+ Timing: 
    * Summary: 
    +--------+----------+----------+------------+
    |  Clock |  Target  | Estimated| Uncertainty|
    +--------+----------+----------+------------+
    |ap_clk  |  10.00 ns|  7.256 ns|     2.70 ns|
    +--------+----------+----------+------------+

+ Latency: 
    * Summary: 
    +---------+---------+----------+----------+-----+-----+---------+
    |  Latency (cycles) |  Latency (absolute) |  Interval | Pipeline|
    |   min   |   max   |    min   |    max   | min | max |   Type  |
    +---------+---------+----------+----------+-----+-----+---------+
    |        ?|        ?|         ?|         ?|    ?|    ?|       no|
    +---------+---------+----------+----------+-----+-----+---------+

    + Detail: 
        * Instance: 
        +-----------------------------------------------------+------------------------------------------+---------+---------+-----------+-----------+------+------+------------------------------------------------+
        |                                                     |                                          |  Latency (cycles) |   Latency (absolute)  |   Interval  |                    Pipeline                    |
        |                       Instance                      |                  Module                  |   min   |   max   |    min    |    max    |  min |  max |                      Type                      |
        +-----------------------------------------------------+------------------------------------------+---------+---------+-----------+-----------+------+------+------------------------------------------------+
        |grp_filter_kernel_Pipeline_VITIS_LOOP_117_2_fu_266   |filter_kernel_Pipeline_VITIS_LOOP_117_2   |     1922|     1922|  19.220 us|  19.220 us|  1921|  1921|  loop auto-rewind stp (delay=0 clock cycles(s))|
        |grp_filter_kernel_Pipeline_VITIS_LOOP_117_21_fu_276  |filter_kernel_Pipeline_VITIS_LOOP_117_21  |     1922|     1922|  19.220 us|  19.220 us|  1921|  1921|  loop auto-rewind stp (delay=0 clock cycles(s))|
        |grp_filter_kernel_Pipeline_VITIS_LOOP_117_22_fu_286  |filter_kernel_Pipeline_VITIS_LOOP_117_22  |     1922|     1922|  19.220 us|  19.220 us|  1921|  1921|  loop auto-rewind stp (delay=0 clock cycles(s))|
        |grp_filter_kernel_Pipeline_VITIS_LOOP_137_8_fu_296   |filter_kernel_Pipeline_VITIS_LOOP_137_8   |        ?|        ?|          ?|          ?|     0|     0|  loop auto-rewind stp (delay=0 clock cycles(s))|
        +-----------------------------------------------------+------------------------------------------+---------+---------+-----------+-----------+------+------+------------------------------------------------+

        * Loop: 
        +--------------------+---------+---------+----------+-----------+-----------+------+----------+
        |                    |  Latency (cycles) | Iteration|  Initiation Interval  | Trip |          |
        |      Loop Name     |   min   |   max   |  Latency |  achieved |   target  | Count| Pipelined|
        +--------------------+---------+---------+----------+-----------+-----------+------+----------+
        |- VITIS_LOOP_136_7  |        ?|        ?|         ?|          -|          -|     ?|        no|
        +--------------------+---------+---------+----------+-----------+-----------+------+----------+



================================================================
== Utilization Estimates
================================================================
* Summary: 
+-----------------+---------+-----+--------+-------+-----+
|       Name      | BRAM_18K| DSP |   FF   |  LUT  | URAM|
+-----------------+---------+-----+--------+-------+-----+
|DSP              |        -|    -|       -|      -|    -|
|Expression       |        -|    -|       0|    351|    -|
|FIFO             |        -|    -|       -|      -|    -|
|Instance         |        0|  135|   15481|  22539|    -|
|Memory           |       27|    -|       0|      0|    0|
|Multiplexer      |        -|    -|       0|   1080|    -|
|Register         |        -|    -|     910|      -|    -|
+-----------------+---------+-----+--------+-------+-----+
|Total            |       27|  135|   16391|  23970|    0|
+-----------------+---------+-----+--------+-------+-----+
|Available        |      280|  220|  106400|  53200|    0|
+-----------------+---------+-----+--------+-------+-----+
|Utilization (%)  |        9|   61|      15|     45|    0|
+-----------------+---------+-----+--------+-------+-----+

+ Detail: 
    * Instance: 
    +-----------------------------------------------------+------------------------------------------+---------+-----+-------+-------+-----+
    |                       Instance                      |                  Module                  | BRAM_18K| DSP |   FF  |  LUT  | URAM|
    +-----------------------------------------------------+------------------------------------------+---------+-----+-------+-------+-----+
    |control_s_axi_U                                      |control_s_axi                             |        0|    0|    256|    243|    0|
    |grp_filter_kernel_Pipeline_VITIS_LOOP_117_2_fu_266   |filter_kernel_Pipeline_VITIS_LOOP_117_2   |        0|    0|     13|     51|    0|
    |grp_filter_kernel_Pipeline_VITIS_LOOP_117_21_fu_276  |filter_kernel_Pipeline_VITIS_LOOP_117_21  |        0|    0|     13|     51|    0|
    |grp_filter_kernel_Pipeline_VITIS_LOOP_117_22_fu_286  |filter_kernel_Pipeline_VITIS_LOOP_117_22  |        0|    0|     13|     51|    0|
    |grp_filter_kernel_Pipeline_VITIS_LOOP_137_8_fu_296   |filter_kernel_Pipeline_VITIS_LOOP_137_8   |        0|  135|  14410|  21675|    0|
    |urem_31ns_3ns_2_35_seq_1_U162                        |urem_31ns_3ns_2_35_seq_1                  |        0|    0|    382|    230|    0|
    |urem_32ns_3ns_2_36_seq_1_U161                        |urem_32ns_3ns_2_36_seq_1                  |        0|    0|    394|    238|    0|
    +-----------------------------------------------------+------------------------------------------+---------+-----+-------+-------+-----+
    |Total                                                |                                          |        0|  135|  15481|  22539|    0|
    +-----------------------------------------------------+------------------------------------------+---------+-----+-------+-------+-----+

    * DSP: 
    N/A

    * Memory: 
    +-----------------+--------------------------------+---------+---+----+-----+------+-----+------+-------------+
    |      Memory     |             Module             | BRAM_18K| FF| LUT| URAM| Words| Bits| Banks| W*Bits*Banks|
    +-----------------+--------------------------------+---------+---+----+-----+------+-----+------+-------------+
    |line_buffer_U    |line_buffer_RAM_1WNR_AUTO_1R1W  |        3|  0|   0|    0|  1920|    8|     1|        15360|
    |line_buffer_1_U  |line_buffer_RAM_1WNR_AUTO_1R1W  |        3|  0|   0|    0|  1920|    8|     1|        15360|
    |line_buffer_2_U  |line_buffer_RAM_1WNR_AUTO_1R1W  |        3|  0|   0|    0|  1920|    8|     1|        15360|
    |line_buffer_3_U  |line_buffer_RAM_1WNR_AUTO_1R1W  |        3|  0|   0|    0|  1920|    8|     1|        15360|
    |line_buffer_4_U  |line_buffer_RAM_1WNR_AUTO_1R1W  |        3|  0|   0|    0|  1920|    8|     1|        15360|
    |line_buffer_5_U  |line_buffer_RAM_1WNR_AUTO_1R1W  |        3|  0|   0|    0|  1920|    8|     1|        15360|
    |line_buffer_6_U  |line_buffer_RAM_1WNR_AUTO_1R1W  |        3|  0|   0|    0|  1920|    8|     1|        15360|
    |line_buffer_7_U  |line_buffer_RAM_1WNR_AUTO_1R1W  |        3|  0|   0|    0|  1920|    8|     1|        15360|
    |line_buffer_8_U  |line_buffer_RAM_1WNR_AUTO_1R1W  |        3|  0|   0|    0|  1920|    8|     1|        15360|
    +-----------------+--------------------------------+---------+---+----+-----+------+-----+------+-------------+
    |Total            |                                |       27|  0|   0|    0| 17280|   72|     9|       138240|
    +-----------------+--------------------------------+---------+---+----+-----+------+-----+------+-------------+

    * FIFO: 
    N/A

    * Expression: 
    +-------------------------------------------------------------------------+----------+----+---+----+------------+------------+
    |                              Variable Name                              | Operation| DSP| FF| LUT| Bitwidth P0| Bitwidth P1|
    +-------------------------------------------------------------------------+----------+----+---+----+------------+------------+
    |add_ln136_1_fu_490_p2                                                    |         +|   0|  0|  38|          31|           1|
    |row_2_fu_409_p2                                                          |         +|   0|  0|  38|          31|           1|
    |src_row_fu_419_p2                                                        |         +|   0|  0|  39|          32|           2|
    |sub14_i_fu_357_p2                                                        |         +|   0|  0|  38|          31|           2|
    |sub23_i_fu_363_p2                                                        |         +|   0|  0|  12|          11|           2|
    |grp_filter_kernel_Pipeline_VITIS_LOOP_137_8_fu_296_output_stream_TREADY  |       and|   0|  0|   2|           1|           1|
    |icmp_ln136_1_fu_496_p2                                                   |      icmp|   0|  0|  38|          31|           2|
    |icmp_ln136_fu_404_p2                                                     |      icmp|   0|  0|  39|          32|          32|
    |slt_fu_439_p2                                                            |      icmp|   0|  0|  39|          32|          32|
    |ap_block_state2_on_subcall_done                                          |        or|   0|  0|   2|           1|           1|
    |empty_42_fu_471_p3                                                       |    select|   0|  0|   2|           1|           1|
    |select_ln136_fu_502_p3                                                   |    select|   0|  0|  31|           1|           1|
    |src_row_3_fu_450_p3                                                      |    select|   0|  0|  31|           1|          31|
    |rev_fu_444_p2                                                            |       xor|   0|  0|   2|           1|           2|
    +-------------------------------------------------------------------------+----------+----+---+----+------------+------------+
    |Total                                                                    |          |   0|  0| 351|         237|         111|
    +-------------------------------------------------------------------------+----------+----+---+----+------------+------------+

    * Multiplexer: 
    +----------------------------------+-----+-----------+-----+-----------+
    |               Name               | LUT | Input Size| Bits| Total Bits|
    +----------------------------------+-----+-----------+-----+-----------+
    |ap_NS_fsm                         |  217|         50|    1|         50|
    |input_stream_TREADY_int_regslice  |    9|          2|    1|          2|
    |kernel_address0_local             |   53|         10|    4|         40|
    |line_buffer_1_address0            |   14|          3|   11|         33|
    |line_buffer_1_ce0                 |   14|          3|    1|          3|
    |line_buffer_1_ce1                 |    9|          2|    1|          2|
    |line_buffer_1_ce2                 |    9|          2|    1|          2|
    |line_buffer_1_ce3                 |    9|          2|    1|          2|
    |line_buffer_1_d0                  |   14|          3|    8|         24|
    |line_buffer_1_we0                 |   14|          3|    1|          3|
    |line_buffer_2_address0            |   14|          3|   11|         33|
    |line_buffer_2_ce0                 |   14|          3|    1|          3|
    |line_buffer_2_ce1                 |    9|          2|    1|          2|
    |line_buffer_2_ce2                 |    9|          2|    1|          2|
    |line_buffer_2_ce3                 |    9|          2|    1|          2|
    |line_buffer_2_d0                  |   14|          3|    8|         24|
    |line_buffer_2_we0                 |   14|          3|    1|          3|
    |line_buffer_3_address0            |   14|          3|   11|         33|
    |line_buffer_3_ce0                 |   14|          3|    1|          3|
    |line_buffer_3_ce1                 |    9|          2|    1|          2|
    |line_buffer_3_ce2                 |    9|          2|    1|          2|
    |line_buffer_3_ce3                 |    9|          2|    1|          2|
    |line_buffer_3_d0                  |   14|          3|    8|         24|
    |line_buffer_3_we0                 |   14|          3|    1|          3|
    |line_buffer_4_address0            |   14|          3|   11|         33|
    |line_buffer_4_ce0                 |   14|          3|    1|          3|
    |line_buffer_4_ce1                 |    9|          2|    1|          2|
    |line_buffer_4_ce2                 |    9|          2|    1|          2|
    |line_buffer_4_ce3                 |    9|          2|    1|          2|
    |line_buffer_4_d0                  |   14|          3|    8|         24|
    |line_buffer_4_we0                 |   14|          3|    1|          3|
    |line_buffer_5_address0            |   14|          3|   11|         33|
    |line_buffer_5_ce0                 |   14|          3|    1|          3|
    |line_buffer_5_ce1                 |    9|          2|    1|          2|
    |line_buffer_5_ce2                 |    9|          2|    1|          2|
    |line_buffer_5_ce3                 |    9|          2|    1|          2|
    |line_buffer_5_d0                  |   14|          3|    8|         24|
    |line_buffer_5_we0                 |   14|          3|    1|          3|
    |line_buffer_6_address0            |   14|          3|   11|         33|
    |line_buffer_6_ce0                 |   14|          3|    1|          3|
    |line_buffer_6_ce1                 |    9|          2|    1|          2|
    |line_buffer_6_ce2                 |    9|          2|    1|          2|
    |line_buffer_6_ce3                 |    9|          2|    1|          2|
    |line_buffer_6_d0                  |   14|          3|    8|         24|
    |line_buffer_6_we0                 |   14|          3|    1|          3|
    |line_buffer_7_address0            |   14|          3|   11|         33|
    |line_buffer_7_ce0                 |   14|          3|    1|          3|
    |line_buffer_7_ce1                 |    9|          2|    1|          2|
    |line_buffer_7_ce2                 |    9|          2|    1|          2|
    |line_buffer_7_ce3                 |    9|          2|    1|          2|
    |line_buffer_7_d0                  |   14|          3|    8|         24|
    |line_buffer_7_we0                 |   14|          3|    1|          3|
    |line_buffer_8_address0            |   14|          3|   11|         33|
    |line_buffer_8_ce0                 |   14|          3|    1|          3|
    |line_buffer_8_ce1                 |    9|          2|    1|          2|
    |line_buffer_8_ce2                 |    9|          2|    1|          2|
    |line_buffer_8_ce3                 |    9|          2|    1|          2|
    |line_buffer_8_d0                  |   14|          3|    8|         24|
    |line_buffer_8_we0                 |   14|          3|    1|          3|
    |line_buffer_address0              |   14|          3|   11|         33|
    |line_buffer_ce0                   |   14|          3|    1|          3|
    |line_buffer_ce1                   |    9|          2|    1|          2|
    |line_buffer_ce2                   |    9|          2|    1|          2|
    |line_buffer_ce3                   |    9|          2|    1|          2|
    |line_buffer_d0                    |   14|          3|    8|         24|
    |line_buffer_we0                   |   14|          3|    1|          3|
    |output_stream_TDATA_int_regslice  |    9|          2|   32|         64|
    |output_stream_TKEEP_int_regslice  |    9|          2|    4|          8|
    |output_stream_TLAST_int_regslice  |    9|          2|    1|          2|
    |output_stream_TSTRB_int_regslice  |    9|          2|    4|          8|
    |phi_urem_fu_124                   |    9|          2|   31|         62|
    |row_fu_128                        |    9|          2|   31|         62|
    +----------------------------------+-----+-----------+-----+-----------+
    |Total                             | 1080|        236|  325|        919|
    +----------------------------------+-----+-----------+-----+-----------+

    * Register: 
    +------------------------------------------------------------------+----+----+-----+-----------+
    |                               Name                               | FF | LUT| Bits| Const Bits|
    +------------------------------------------------------------------+----+----+-----+-----------+
    |ap_CS_fsm                                                         |  49|   0|   49|          0|
    |buffer_row_reg_703                                                |   2|   0|    2|          0|
    |empty_33_reg_640                                                  |  32|   0|   32|          0|
    |empty_34_reg_645                                                  |  32|   0|   32|          0|
    |empty_35_reg_650                                                  |  32|   0|   32|          0|
    |empty_36_reg_655                                                  |  32|   0|   32|          0|
    |empty_37_reg_660                                                  |  32|   0|   32|          0|
    |empty_38_reg_665                                                  |  32|   0|   32|          0|
    |empty_39_reg_670                                                  |  32|   0|   32|          0|
    |empty_40_reg_675                                                  |  32|   0|   32|          0|
    |empty_42_reg_698                                                  |   2|   0|    2|          0|
    |empty_43_reg_713                                                  |   2|   0|    2|          0|
    |empty_reg_635                                                     |  32|   0|   32|          0|
    |grp_filter_kernel_Pipeline_VITIS_LOOP_117_21_fu_276_ap_start_reg  |   1|   0|    1|          0|
    |grp_filter_kernel_Pipeline_VITIS_LOOP_117_22_fu_286_ap_start_reg  |   1|   0|    1|          0|
    |grp_filter_kernel_Pipeline_VITIS_LOOP_117_2_fu_266_ap_start_reg   |   1|   0|    1|          0|
    |grp_filter_kernel_Pipeline_VITIS_LOOP_137_8_fu_296_ap_start_reg   |   1|   0|    1|          0|
    |height_0_data_reg                                                 |  32|   0|   32|          0|
    |height_0_vld_reg                                                  |   0|   0|    1|          1|
    |height_read_reg_614                                               |  32|   0|   32|          0|
    |kernel_load_1_reg_549                                             |  32|   0|   32|          0|
    |kernel_load_2_reg_559                                             |  32|   0|   32|          0|
    |kernel_load_3_reg_569                                             |  32|   0|   32|          0|
    |kernel_load_4_reg_579                                             |  32|   0|   32|          0|
    |kernel_load_5_reg_589                                             |  32|   0|   32|          0|
    |kernel_load_6_reg_599                                             |  32|   0|   32|          0|
    |kernel_load_7_reg_609                                             |  32|   0|   32|          0|
    |kernel_load_reg_539                                               |  32|   0|   32|          0|
    |output_stream_TDATA_reg                                           |  32|   0|   32|          0|
    |output_stream_TKEEP_reg                                           |   4|   0|    4|          0|
    |output_stream_TLAST_reg                                           |   1|   0|    1|          0|
    |output_stream_TSTRB_reg                                           |   4|   0|    4|          0|
    |phi_urem_fu_124                                                   |  31|   0|   31|          0|
    |row_fu_128                                                        |  31|   0|   31|          0|
    |src_row_3_reg_693                                                 |  31|   0|   31|          0|
    |sub14_i_reg_625                                                   |  31|   0|   31|          0|
    |sub23_i_reg_630                                                   |  11|   0|   11|          0|
    |tmp_reg_688                                                       |   1|   0|    1|          0|
    |trunc_ln136_reg_708                                               |   2|   0|    2|          0|
    |width_0_data_reg                                                  |  32|   0|   32|          0|
    |width_0_vld_reg                                                   |   0|   0|    1|          1|
    |width_read_reg_620                                                |  32|   0|   32|          0|
    +------------------------------------------------------------------+----+----+-----+-----------+
    |Total                                                             | 910|   0|  912|          2|
    +------------------------------------------------------------------+----+----+-----+-----------+



================================================================
== Interface
================================================================
* Summary: 
+-----------------------+-----+-----+------------+------------------------+--------------+
|       RTL Ports       | Dir | Bits|  Protocol  |      Source Object     |    C Type    |
+-----------------------+-----+-----+------------+------------------------+--------------+
|s_axi_control_AWVALID  |   in|    1|       s_axi|                 control|         array|
|s_axi_control_AWREADY  |  out|    1|       s_axi|                 control|         array|
|s_axi_control_AWADDR   |   in|    7|       s_axi|                 control|         array|
|s_axi_control_WVALID   |   in|    1|       s_axi|                 control|         array|
|s_axi_control_WREADY   |  out|    1|       s_axi|                 control|         array|
|s_axi_control_WDATA    |   in|   32|       s_axi|                 control|         array|
|s_axi_control_WSTRB    |   in|    4|       s_axi|                 control|         array|
|s_axi_control_ARVALID  |   in|    1|       s_axi|                 control|         array|
|s_axi_control_ARREADY  |  out|    1|       s_axi|                 control|         array|
|s_axi_control_ARADDR   |   in|    7|       s_axi|                 control|         array|
|s_axi_control_RVALID   |  out|    1|       s_axi|                 control|         array|
|s_axi_control_RREADY   |   in|    1|       s_axi|                 control|         array|
|s_axi_control_RDATA    |  out|   32|       s_axi|                 control|         array|
|s_axi_control_RRESP    |  out|    2|       s_axi|                 control|         array|
|s_axi_control_BVALID   |  out|    1|       s_axi|                 control|         array|
|s_axi_control_BREADY   |   in|    1|       s_axi|                 control|         array|
|s_axi_control_BRESP    |  out|    2|       s_axi|                 control|         array|
|ap_clk                 |   in|    1|  ap_ctrl_hs|           filter_kernel|  return value|
|ap_rst_n               |   in|    1|  ap_ctrl_hs|           filter_kernel|  return value|
|interrupt              |  out|    1|  ap_ctrl_hs|           filter_kernel|  return value|
|input_stream_TDATA     |   in|   32|        axis|   input_stream_V_data_V|       pointer|
|input_stream_TVALID    |   in|    1|        axis|   input_stream_V_last_V|       pointer|
|input_stream_TREADY    |  out|    1|        axis|   input_stream_V_last_V|       pointer|
|input_stream_TLAST     |   in|    1|        axis|   input_stream_V_last_V|       pointer|
|input_stream_TKEEP     |   in|    4|        axis|   input_stream_V_keep_V|       pointer|
|input_stream_TSTRB     |   in|    4|        axis|   input_stream_V_strb_V|       pointer|
|output_stream_TDATA    |  out|   32|        axis|  output_stream_V_data_V|       pointer|
|output_stream_TVALID   |  out|    1|        axis|  output_stream_V_last_V|       pointer|
|output_stream_TREADY   |   in|    1|        axis|  output_stream_V_last_V|       pointer|
|output_stream_TLAST    |  out|    1|        axis|  output_stream_V_last_V|       pointer|
|output_stream_TKEEP    |  out|    4|        axis|  output_stream_V_keep_V|       pointer|
|output_stream_TSTRB    |  out|    4|        axis|  output_stream_V_strb_V|       pointer|
+-----------------------+-----+-----+------------+------------------------+--------------+

