#-----------------------------------------------------------
# Vivado v2024.2 (64-bit)
# SW Build 5239630 on Fri Nov 08 22:35:27 MST 2024
# IP Build 5239520 on Sun Nov 10 16:12:51 MST 2024
# SharedData Build 5239561 on Fri Nov 08 14:39:27 MST 2024
# Start of session at: Thu Mar  6 03:16:25 2025
# Process ID         : 17624
# Current directory  : D:/cse_462/fgpa_convolution_acceleration/grayscale/grayscale/hls/impl/ip
# Command line       : vivado.exe -notrace -mode batch -source run_ippack.tcl
# Log file           : D:/cse_462/fgpa_convolution_acceleration/grayscale/grayscale/hls/impl/ip/vivado.log
# Journal file       : D:/cse_462/fgpa_convolution_acceleration/grayscale/grayscale/hls/impl/ip\vivado.jou
# Running On         : LAPTOP-D6BOEUU6
# Platform           : Windows Server 2016 or Windows 10
# Operating System   : 22631
# Processor Detail   : AMD Ryzen 7 5800H with Radeon Graphics         
# CPU Frequency      : 3194 MHz
# CPU Physical cores : 8
# CPU Logical cores  : 16
# Host memory        : 14877 MB
# Swap memory        : 11261 MB
# Total Virtual      : 26138 MB
# Available Virtual  : 3625 MB
#-----------------------------------------------------------
source run_ippack.tcl -notrace
INFO: calling package_hls_ip ip_types=vitis sysgen json_file=D:/cse_462/fgpa_convolution_acceleration/grayscale/grayscale/hls/hls_data.json outdir=D:/cse_462/fgpa_convolution_acceleration/grayscale/grayscale/hls/impl/ip srcdir=D:/cse_462/fgpa_convolution_acceleration/grayscale/grayscale/hls sort_interfaces_ports=false
INFO: Copied 1 ipmisc file(s) to D:/cse_462/fgpa_convolution_acceleration/grayscale/grayscale/hls/impl/ip/misc
INFO: Copied 12 verilog file(s) to D:/cse_462/fgpa_convolution_acceleration/grayscale/grayscale/hls/impl/ip/hdl/verilog
INFO: Copied 9 vhdl file(s) to D:/cse_462/fgpa_convolution_acceleration/grayscale/grayscale/hls/impl/ip/hdl/vhdl
INFO: Copied 10 swdriver file(s) to D:/cse_462/fgpa_convolution_acceleration/grayscale/grayscale/hls/impl/ip/drivers
Generating 3 subcores in D:/cse_462/fgpa_convolution_acceleration/grayscale/grayscale/hls/impl/ip/hdl/ip.tmp:
impl/misc/grayscale_kernel_fadd_32ns_32ns_32_5_full_dsp_1_ip.tcl
impl/misc/grayscale_kernel_fmul_32ns_32ns_32_4_max_dsp_1_ip.tcl
impl/misc/grayscale_kernel_uitofp_32ns_32_6_no_dsp_1_ip.tcl
INFO: [ProjectBase 1-489] The host OS only allows 260 characters in a normal path. The project is stored in a path with more than 80 characters. If you experience issues with IP, Block Designs, or files not being found, please consider moving the project to a location with a shorter path. Alternately consider using the OS subst command to map part of the path to a drive letter.
Current project path is 'D:/cse_462/fgpa_convolution_acceleration/grayscale/grayscale/hls/impl/ip/hdl/ip.tmp'
INFO: Using COE_DIR=D:/cse_462/fgpa_convolution_acceleration/grayscale/grayscale/hls/impl/ip/hdl/verilog
INFO: Generating grayscale_kernel_fadd_32ns_32ns_32_5_full_dsp_1_ip via file impl/misc/grayscale_kernel_fadd_32ns_32ns_32_5_full_dsp_1_ip.tcl
INFO: [IP_Flow 19-234] Refreshing IP repositories
INFO: [IP_Flow 19-1704] No user IP repositories specified
INFO: [IP_Flow 19-2313] Loaded Vivado IP repository 'C:/Xilinx/Vivado/2024.2/data/ip'.
WARNING: [IP_Flow 19-4832] The IP name 'grayscale_kernel_fadd_32ns_32ns_32_5_full_dsp_1_ip' you have specified is long. The Windows operating system has path length limitations. It is recommended you use shorter names to reduce the likelihood of issues.
INFO: [IP_Flow 19-1686] Generating 'Synthesis' target for IP 'grayscale_kernel_fadd_32ns_32ns_32_5_full_dsp_1_ip'...
INFO: [IP_Flow 19-1686] Generating 'Simulation' target for IP 'grayscale_kernel_fadd_32ns_32ns_32_5_full_dsp_1_ip'...
INFO: Done generating grayscale_kernel_fadd_32ns_32ns_32_5_full_dsp_1_ip via file impl/misc/grayscale_kernel_fadd_32ns_32ns_32_5_full_dsp_1_ip.tcl
INFO: Generating grayscale_kernel_fmul_32ns_32ns_32_4_max_dsp_1_ip via file impl/misc/grayscale_kernel_fmul_32ns_32ns_32_4_max_dsp_1_ip.tcl
WARNING: [IP_Flow 19-4832] The IP name 'grayscale_kernel_fmul_32ns_32ns_32_4_max_dsp_1_ip' you have specified is long. The Windows operating system has path length limitations. It is recommended you use shorter names to reduce the likelihood of issues.
INFO: [IP_Flow 19-1686] Generating 'Synthesis' target for IP 'grayscale_kernel_fmul_32ns_32ns_32_4_max_dsp_1_ip'...
INFO: [IP_Flow 19-1686] Generating 'Simulation' target for IP 'grayscale_kernel_fmul_32ns_32ns_32_4_max_dsp_1_ip'...
INFO: Done generating grayscale_kernel_fmul_32ns_32ns_32_4_max_dsp_1_ip via file impl/misc/grayscale_kernel_fmul_32ns_32ns_32_4_max_dsp_1_ip.tcl
INFO: Generating grayscale_kernel_uitofp_32ns_32_6_no_dsp_1_ip via file impl/misc/grayscale_kernel_uitofp_32ns_32_6_no_dsp_1_ip.tcl
WARNING: [IP_Flow 19-4832] The IP name 'grayscale_kernel_uitofp_32ns_32_6_no_dsp_1_ip' you have specified is long. The Windows operating system has path length limitations. It is recommended you use shorter names to reduce the likelihood of issues.
INFO: [IP_Flow 19-1686] Generating 'Synthesis' target for IP 'grayscale_kernel_uitofp_32ns_32_6_no_dsp_1_ip'...
INFO: [IP_Flow 19-1686] Generating 'Simulation' target for IP 'grayscale_kernel_uitofp_32ns_32_6_no_dsp_1_ip'...
INFO: Done generating grayscale_kernel_uitofp_32ns_32_6_no_dsp_1_ip via file impl/misc/grayscale_kernel_uitofp_32ns_32_6_no_dsp_1_ip.tcl
INFO: Import ports from HDL: D:/cse_462/fgpa_convolution_acceleration/grayscale/grayscale/hls/impl/ip/hdl/vhdl/grayscale_kernel.vhd (grayscale_kernel)
INFO: Add axi4lite interface s_axi_control
INFO: Add clock interface ap_clk
INFO: Add reset interface ap_rst_n
INFO: Add interrupt interface interrupt
INFO: [IP_Flow 19-234] Refreshing IP repositories
INFO: [IP_Flow 19-1704] No user IP repositories specified
INFO: [IP_Flow 19-2313] Loaded Vivado IP repository 'C:/Xilinx/Vivado/2024.2/data/ip'.
INFO: Add axi4stream interface input_stream
INFO: Add axi4stream interface output_stream
INFO: Calling post_process_vitis to specialize IP
INFO: Calling post_process_sysgen to specialize IP
Generating sysgen info xml from json file
INFO: Created IP D:/cse_462/fgpa_convolution_acceleration/grayscale/grayscale/hls/impl/ip/component.xml
INFO: Created IP archive D:/cse_462/fgpa_convolution_acceleration/grayscale/grayscale/hls/impl/ip/xilinx_com_hls_grayscale_kernel_1_0.zip
INFO: [Common 17-206] Exiting Vivado at Thu Mar  6 03:16:37 2025...
