  **** HLS Build v2024.2 5238294
INFO: [HLS 200-2005] Using work_dir D:/cse_462/fgpa_convolution_acceleration/grayscale/grayscale 
INFO: [HLS 200-1505] Using default flow_target 'vivado'
Resolution: For help on HLS 200-1505 see docs.xilinx.com/access/sources/dita/topic?Doc_Version=2024.2%20English&url=ug1448-hls-guidance&resourceid=200-1505.html
INFO: [HLS 200-1465] Applying ini 'syn.file=grayscale_kernel.cpp' from D:/cse_462/fgpa_convolution_acceleration/grayscale/hls_config.cfg(7)
INFO: [HLS 200-10] Adding design file 'D:/cse_462/fgpa_convolution_acceleration/grayscale/grayscale_kernel.cpp' to the project
INFO: [HLS 200-1465] Applying ini 'syn.top=filter_kernel' from D:/cse_462/fgpa_convolution_acceleration/grayscale/hls_config.cfg(8)
INFO: [HLS 200-1465] Applying ini 'flow_target=vivado' from D:/cse_462/fgpa_convolution_acceleration/grayscale/hls_config.cfg(4)
INFO: [HLS 200-1505] Using flow_target 'vivado'
Resolution: For help on HLS 200-1505 see docs.xilinx.com/access/sources/dita/topic?Doc_Version=2024.2%20English&url=ug1448-hls-guidance&resourceid=200-1505.html
INFO: [HLS 200-1465] Applying ini 'part=xc7z020clg400-1' from D:/cse_462/fgpa_convolution_acceleration/grayscale/hls_config.cfg(1)
INFO: [HLS 200-1611] Setting target device to 'xc7z020-clg400-1'
INFO: [HLS 200-1465] Applying ini 'package.output.format=ip_catalog' from D:/cse_462/fgpa_convolution_acceleration/grayscale/hls_config.cfg(5)
INFO: [HLS 200-111] Finished File checks and directory preparation: CPU user time: 1 seconds. CPU system time: 1 seconds. Elapsed time: 2.501 seconds; current allocated memory: 162.094 MB.
INFO: [HLS 200-10] Analyzing design file 'grayscale_kernel.cpp' ... 
INFO: [HLS 200-111] Finished Source Code Analysis and Preprocessing: CPU user time: 0 seconds. CPU system time: 0 seconds. Elapsed time: 4.709 seconds; current allocated memory: 165.414 MB.
INFO: [HLS 200-777] Using interface defaults for 'Vivado' flow target.
INFO: [HLS 200-1995] There were 2,119 instructions in the design after the 'Compile/Link' phase of compilation. See the Design Size Report for more details: D:/cse_462/fgpa_convolution_acceleration/grayscale/grayscale/hls/syn/report/csynth_design_size.rpt
INFO: [HLS 200-1995] There were 1,373 instructions in the design after the 'Unroll/Inline (step 1)' phase of compilation. See the Design Size Report for more details: D:/cse_462/fgpa_convolution_acceleration/grayscale/grayscale/hls/syn/report/csynth_design_size.rpt
INFO: [HLS 200-1995] There were 584 instructions in the design after the 'Unroll/Inline (step 2)' phase of compilation. See the Design Size Report for more details: D:/cse_462/fgpa_convolution_acceleration/grayscale/grayscale/hls/syn/report/csynth_design_size.rpt
INFO: [HLS 200-1995] There were 548 instructions in the design after the 'Unroll/Inline (step 3)' phase of compilation. See the Design Size Report for more details: D:/cse_462/fgpa_convolution_acceleration/grayscale/grayscale/hls/syn/report/csynth_design_size.rpt
INFO: [HLS 200-1995] There were 532 instructions in the design after the 'Unroll/Inline (step 4)' phase of compilation. See the Design Size Report for more details: D:/cse_462/fgpa_convolution_acceleration/grayscale/grayscale/hls/syn/report/csynth_design_size.rpt
INFO: [HLS 200-1995] There were 925 instructions in the design after the 'Array/Struct (step 1)' phase of compilation. See the Design Size Report for more details: D:/cse_462/fgpa_convolution_acceleration/grayscale/grayscale/hls/syn/report/csynth_design_size.rpt
INFO: [HLS 200-1995] There were 559 instructions in the design after the 'Array/Struct (step 2)' phase of compilation. See the Design Size Report for more details: D:/cse_462/fgpa_convolution_acceleration/grayscale/grayscale/hls/syn/report/csynth_design_size.rpt
INFO: [HLS 200-1995] There were 559 instructions in the design after the 'Array/Struct (step 3)' phase of compilation. See the Design Size Report for more details: D:/cse_462/fgpa_convolution_acceleration/grayscale/grayscale/hls/syn/report/csynth_design_size.rpt
INFO: [HLS 200-1995] There were 559 instructions in the design after the 'Array/Struct (step 4)' phase of compilation. See the Design Size Report for more details: D:/cse_462/fgpa_convolution_acceleration/grayscale/grayscale/hls/syn/report/csynth_design_size.rpt
INFO: [HLS 200-1995] There were 571 instructions in the design after the 'Array/Struct (step 5)' phase of compilation. See the Design Size Report for more details: D:/cse_462/fgpa_convolution_acceleration/grayscale/grayscale/hls/syn/report/csynth_design_size.rpt
INFO: [HLS 200-1995] There were 555 instructions in the design after the 'Performance (step 1)' phase of compilation. See the Design Size Report for more details: D:/cse_462/fgpa_convolution_acceleration/grayscale/grayscale/hls/syn/report/csynth_design_size.rpt
INFO: [HLS 200-1995] There were 553 instructions in the design after the 'Performance (step 2)' phase of compilation. See the Design Size Report for more details: D:/cse_462/fgpa_convolution_acceleration/grayscale/grayscale/hls/syn/report/csynth_design_size.rpt
INFO: [HLS 200-1995] There were 533 instructions in the design after the 'Performance (step 3)' phase of compilation. See the Design Size Report for more details: D:/cse_462/fgpa_convolution_acceleration/grayscale/grayscale/hls/syn/report/csynth_design_size.rpt
INFO: [HLS 200-1995] There were 533 instructions in the design after the 'Performance (step 4)' phase of compilation. See the Design Size Report for more details: D:/cse_462/fgpa_convolution_acceleration/grayscale/grayscale/hls/syn/report/csynth_design_size.rpt
INFO: [HLS 200-1995] There were 542 instructions in the design after the 'HW Transforms (step 1)' phase of compilation. See the Design Size Report for more details: D:/cse_462/fgpa_convolution_acceleration/grayscale/grayscale/hls/syn/report/csynth_design_size.rpt
INFO: [HLS 200-1995] There were 536 instructions in the design after the 'HW Transforms (step 2)' phase of compilation. See the Design Size Report for more details: D:/cse_462/fgpa_convolution_acceleration/grayscale/grayscale/hls/syn/report/csynth_design_size.rpt
INFO: [HLS 214-131] Inlining function 'apply_kernel(ap_uint<8> (*) [3][3], float (*) [3], hls::axis<ap_int<32>, 0ul, 0ul, 0ul, (unsigned char)56, false>&)' into 'filter_kernel(int, int, float (*) [3], hls::stream<hls::axis<ap_int<32>, 0ul, 0ul, 0ul, (unsigned char)56, false>, 0>&, hls::stream<hls::axis<ap_int<32>, 0ul, 0ul, 0ul, (unsigned char)56, false>, 0>&)' (grayscale_kernel.cpp:152:13)
INFO: [HLS 214-131] Inlining function 'store(hls::axis<ap_int<32>, 0ul, 0ul, 0ul, (unsigned char)56, false>&, int, int, ap_uint<8> (*) [1920][3])' into 'filter_kernel(int, int, float (*) [3], hls::stream<hls::axis<ap_int<32>, 0ul, 0ul, 0ul, (unsigned char)56, false>, 0>&, hls::stream<hls::axis<ap_int<32>, 0ul, 0ul, 0ul, (unsigned char)56, false>, 0>&)' (grayscale_kernel.cpp:145:13)
INFO: [HLS 214-131] Inlining function 'create_window(int, int, int, int, ap_uint<8> (*) [1920][3], ap_uint<8> (*) [3][3])' into 'filter_kernel(int, int, float (*) [3], hls::stream<hls::axis<ap_int<32>, 0ul, 0ul, 0ul, (unsigned char)56, false>, 0>&, hls::stream<hls::axis<ap_int<32>, 0ul, 0ul, 0ul, (unsigned char)56, false>, 0>&)' (grayscale_kernel.cpp:151:13)
INFO: [HLS 214-291] Loop 'VITIS_LOOP_34_1' is marked as complete unroll implied by the pipeline pragma (grayscale_kernel.cpp:34:19)
INFO: [HLS 214-291] Loop 'VITIS_LOOP_35_2' is marked as complete unroll implied by the pipeline pragma (grayscale_kernel.cpp:35:26)
INFO: [HLS 214-291] Loop 'VITIS_LOOP_36_3' is marked as complete unroll implied by the pipeline pragma (grayscale_kernel.cpp:36:30)
INFO: [HLS 214-291] Loop 'anonymous' is marked as complete unroll implied by the pipeline pragma
INFO: [HLS 214-291] Loop 'VITIS_LOOP_63_1' is marked as complete unroll implied by the pipeline pragma (grayscale_kernel.cpp:63:22)
INFO: [HLS 214-291] Loop 'VITIS_LOOP_64_2' is marked as complete unroll implied by the pipeline pragma (grayscale_kernel.cpp:64:26)
INFO: [HLS 214-291] Loop 'VITIS_LOOP_66_3' is marked as complete unroll implied by the pipeline pragma (grayscale_kernel.cpp:66:19)
INFO: [HLS 214-291] Loop 'VITIS_LOOP_119_3' is marked as complete unroll implied by the pipeline pragma (grayscale_kernel.cpp:119:20)
INFO: [HLS 214-186] Unrolling loop 'VITIS_LOOP_34_1' (grayscale_kernel.cpp:34:19) in function 'filter_kernel' completely with a factor of 3 (grayscale_kernel.cpp:90:0)
INFO: [HLS 214-186] Unrolling loop 'VITIS_LOOP_35_2' (grayscale_kernel.cpp:35:26) in function 'filter_kernel' completely with a factor of 3 (grayscale_kernel.cpp:90:0)
INFO: [HLS 214-186] Unrolling loop 'VITIS_LOOP_36_3' (grayscale_kernel.cpp:36:30) in function 'filter_kernel' completely with a factor of 3 (grayscale_kernel.cpp:90:0)
INFO: [HLS 214-186] Unrolling loop 'anonymous' () in function 'filter_kernel' completely with a factor of 3 (grayscale_kernel.cpp:90:0)
INFO: [HLS 214-186] Unrolling loop 'VITIS_LOOP_63_1' (grayscale_kernel.cpp:63:22) in function 'filter_kernel' completely with a factor of 3 (grayscale_kernel.cpp:90:0)
INFO: [HLS 214-186] Unrolling loop 'VITIS_LOOP_64_2' (grayscale_kernel.cpp:64:26) in function 'filter_kernel' completely with a factor of 3 (grayscale_kernel.cpp:90:0)
INFO: [HLS 214-186] Unrolling loop 'VITIS_LOOP_66_3' (grayscale_kernel.cpp:66:19) in function 'filter_kernel' completely with a factor of 3 (grayscale_kernel.cpp:90:0)
INFO: [HLS 214-186] Unrolling loop 'VITIS_LOOP_129_6' (grayscale_kernel.cpp:129:31) in function 'filter_kernel' completely with a factor of 3 (grayscale_kernel.cpp:90:0)
INFO: [HLS 214-186] Unrolling loop 'VITIS_LOOP_115_1' (grayscale_kernel.cpp:115:20) in function 'filter_kernel' completely with a factor of 3 (grayscale_kernel.cpp:90:0)
INFO: [HLS 214-186] Unrolling loop 'VITIS_LOOP_119_3' (grayscale_kernel.cpp:119:20) in function 'filter_kernel' completely with a factor of 3 (grayscale_kernel.cpp:90:0)
INFO: [HLS 214-178] Inlining function 'ap_uint<8>::ap_uint(float)' into 'filter_kernel(int, int, float (*) [3], hls::stream<hls::axis<ap_int<32>, 0ul, 0ul, 0ul, (unsigned char)56, false>, 0>&, hls::stream<hls::axis<ap_int<32>, 0ul, 0ul, 0ul, (unsigned char)56, false>, 0>&)' (grayscale_kernel.cpp:90:0)
INFO: [HLS 214-248] Applying array_partition to 'line_buffer': Complete partitioning on dimension 1. Complete partitioning on dimension 3. (grayscale_kernel.cpp:107:13)
INFO: [HLS 214-437] Automatically disabling loop flattening for loop 'VITIS_LOOP_136_7'. (grayscale_kernel.cpp:136:23)
INFO: [HLS 200-111] Finished Compiling Optimization and Transform: CPU user time: 0 seconds. CPU system time: 0 seconds. Elapsed time: 11.87 seconds; current allocated memory: 167.418 MB.
INFO: [HLS 200-111] Finished Checking Pragmas: CPU user time: 0 seconds. CPU system time: 0 seconds. Elapsed time: 0.002 seconds; current allocated memory: 167.418 MB.
INFO: [HLS 200-10] Starting code transformations ...
INFO: [HLS 200-111] Finished Standard Transforms: CPU user time: 0 seconds. CPU system time: 0 seconds. Elapsed time: 0.11 seconds; current allocated memory: 172.887 MB.
INFO: [HLS 200-10] Checking synthesizability ...
INFO: [HLS 200-111] Finished Checking Synthesizability: CPU user time: 0 seconds. CPU system time: 0 seconds. Elapsed time: 0.059 seconds; current allocated memory: 174.922 MB.
INFO: [XFORM 203-401] Performing if-conversion on hyperblock from (grayscale_kernel.cpp:49:33) to (grayscale_kernel.cpp:137:27) in function 'filter_kernel'... converting 16 basic blocks.
INFO: [HLS 200-111] Finished Loop, function and other optimizations: CPU user time: 0 seconds. CPU system time: 0 seconds. Elapsed time: 0.149 seconds; current allocated memory: 197.555 MB.
INFO: [HLS 200-111] Finished Architecture Synthesis: CPU user time: 0 seconds. CPU system time: 0 seconds. Elapsed time: 0.175 seconds; current allocated memory: 227.094 MB.
INFO: [HLS 200-10] Starting hardware synthesis ...
INFO: [HLS 200-10] Synthesizing 'filter_kernel' ...
INFO: [SYN 201-201] Setting up clock 'default' with a period of 10ns.
INFO: [HLS 200-10] ----------------------------------------------------------------
INFO: [HLS 200-42] -- Implementing module 'filter_kernel_Pipeline_VITIS_LOOP_117_2' 
INFO: [HLS 200-10] ----------------------------------------------------------------
INFO: [SCHED 204-11] Starting scheduling ...
INFO: [HLS 200-1457] Automatically inferring inferring RAM_1WNR storage type for array 'line_buffer_2'. Use bind_storage pragma to override this type.
INFO: [HLS 200-1457] Automatically inferring inferring RAM_1WNR storage type for array 'line_buffer_1'. Use bind_storage pragma to override this type.
INFO: [HLS 200-1457] Automatically inferring inferring RAM_1WNR storage type for array 'line_buffer'. Use bind_storage pragma to override this type.
INFO: [SCHED 204-61] Pipelining loop 'VITIS_LOOP_117_2'.
INFO: [HLS 200-1470] Pipelining result : Target II = NA, Final II = 1, Depth = 1, loop 'VITIS_LOOP_117_2'
INFO: [SCHED 204-11] Finished scheduling.
INFO: [HLS 200-111] Finished Scheduling: CPU user time: 0 seconds. CPU system time: 0 seconds. Elapsed time: 0.359 seconds; current allocated memory: 230.453 MB.
INFO: [BIND 205-100] Starting micro-architecture generation ...
INFO: [BIND 205-101] Performing variable lifetime analysis.
INFO: [BIND 205-101] Exploring resource sharing.
INFO: [BIND 205-101] Binding ...
INFO: [BIND 205-100] Finished micro-architecture generation.
INFO: [HLS 200-111] Finished Binding: CPU user time: 0 seconds. CPU system time: 0 seconds. Elapsed time: 0.058 seconds; current allocated memory: 231.516 MB.
INFO: [HLS 200-10] ----------------------------------------------------------------
INFO: [HLS 200-42] -- Implementing module 'filter_kernel_Pipeline_VITIS_LOOP_117_21' 
INFO: [HLS 200-10] ----------------------------------------------------------------
INFO: [SCHED 204-11] Starting scheduling ...
INFO: [HLS 200-1457] Automatically inferring inferring RAM_1WNR storage type for array 'line_buffer_5'. Use bind_storage pragma to override this type.
INFO: [HLS 200-1457] Automatically inferring inferring RAM_1WNR storage type for array 'line_buffer_4'. Use bind_storage pragma to override this type.
INFO: [HLS 200-1457] Automatically inferring inferring RAM_1WNR storage type for array 'line_buffer_3'. Use bind_storage pragma to override this type.
INFO: [SCHED 204-61] Pipelining loop 'VITIS_LOOP_117_2'.
INFO: [HLS 200-1470] Pipelining result : Target II = NA, Final II = 1, Depth = 1, loop 'VITIS_LOOP_117_2'
INFO: [SCHED 204-11] Finished scheduling.
INFO: [HLS 200-111] Finished Scheduling: CPU user time: 0 seconds. CPU system time: 0 seconds. Elapsed time: 1.062 seconds; current allocated memory: 231.562 MB.
INFO: [BIND 205-100] Starting micro-architecture generation ...
INFO: [BIND 205-101] Performing variable lifetime analysis.
INFO: [BIND 205-101] Exploring resource sharing.
INFO: [BIND 205-101] Binding ...
INFO: [BIND 205-100] Finished micro-architecture generation.
INFO: [HLS 200-111] Finished Binding: CPU user time: 0 seconds. CPU system time: 0 seconds. Elapsed time: 0.051 seconds; current allocated memory: 231.566 MB.
INFO: [HLS 200-10] ----------------------------------------------------------------
INFO: [HLS 200-42] -- Implementing module 'filter_kernel_Pipeline_VITIS_LOOP_117_22' 
INFO: [HLS 200-10] ----------------------------------------------------------------
INFO: [SCHED 204-11] Starting scheduling ...
INFO: [HLS 200-1457] Automatically inferring inferring RAM_1WNR storage type for array 'line_buffer_8'. Use bind_storage pragma to override this type.
INFO: [HLS 200-1457] Automatically inferring inferring RAM_1WNR storage type for array 'line_buffer_7'. Use bind_storage pragma to override this type.
INFO: [HLS 200-1457] Automatically inferring inferring RAM_1WNR storage type for array 'line_buffer_6'. Use bind_storage pragma to override this type.
INFO: [SCHED 204-61] Pipelining loop 'VITIS_LOOP_117_2'.
INFO: [HLS 200-1470] Pipelining result : Target II = NA, Final II = 1, Depth = 1, loop 'VITIS_LOOP_117_2'
INFO: [SCHED 204-11] Finished scheduling.
INFO: [HLS 200-111] Finished Scheduling: CPU user time: 0 seconds. CPU system time: 0 seconds. Elapsed time: 0.101 seconds; current allocated memory: 231.582 MB.
INFO: [BIND 205-100] Starting micro-architecture generation ...
INFO: [BIND 205-101] Performing variable lifetime analysis.
INFO: [BIND 205-101] Exploring resource sharing.
INFO: [BIND 205-101] Binding ...
INFO: [BIND 205-100] Finished micro-architecture generation.
INFO: [HLS 200-111] Finished Binding: CPU user time: 0 seconds. CPU system time: 0 seconds. Elapsed time: 0.051 seconds; current allocated memory: 231.582 MB.
INFO: [HLS 200-10] ----------------------------------------------------------------
INFO: [HLS 200-42] -- Implementing module 'filter_kernel_Pipeline_VITIS_LOOP_137_8' 
INFO: [HLS 200-10] ----------------------------------------------------------------
INFO: [SCHED 204-11] Starting scheduling ...
INFO: [HLS 200-1457] Automatically inferring inferring RAM_1WNR storage type for array 'line_buffer_8'. Use bind_storage pragma to override this type.
INFO: [HLS 200-1457] Automatically inferring inferring RAM_1WNR storage type for array 'line_buffer_5'. Use bind_storage pragma to override this type.
INFO: [HLS 200-1457] Automatically inferring inferring RAM_1WNR storage type for array 'line_buffer_2'. Use bind_storage pragma to override this type.
INFO: [HLS 200-1457] Automatically inferring inferring RAM_1WNR storage type for array 'line_buffer_7'. Use bind_storage pragma to override this type.
INFO: [HLS 200-1457] Automatically inferring inferring RAM_1WNR storage type for array 'line_buffer_4'. Use bind_storage pragma to override this type.
INFO: [HLS 200-1457] Automatically inferring inferring RAM_1WNR storage type for array 'line_buffer_1'. Use bind_storage pragma to override this type.
INFO: [HLS 200-1457] Automatically inferring inferring RAM_1WNR storage type for array 'line_buffer_6'. Use bind_storage pragma to override this type.
INFO: [HLS 200-1457] Automatically inferring inferring RAM_1WNR storage type for array 'line_buffer_3'. Use bind_storage pragma to override this type.
INFO: [HLS 200-1457] Automatically inferring inferring RAM_1WNR storage type for array 'line_buffer'. Use bind_storage pragma to override this type.
INFO: [SCHED 204-61] Pipelining loop 'VITIS_LOOP_137_8'.
INFO: [HLS 200-1470] Pipelining result : Target II = 1, Final II = 1, Depth = 64, loop 'VITIS_LOOP_137_8'
INFO: [SCHED 204-11] Finished scheduling.
INFO: [HLS 200-111] Finished Scheduling: CPU user time: 0 seconds. CPU system time: 0 seconds. Elapsed time: 1.757 seconds; current allocated memory: 236.234 MB.
INFO: [BIND 205-100] Starting micro-architecture generation ...
INFO: [BIND 205-101] Performing variable lifetime analysis.
INFO: [BIND 205-101] Exploring resource sharing.
INFO: [BIND 205-101] Binding ...
INFO: [BIND 205-100] Finished micro-architecture generation.
INFO: [HLS 200-111] Finished Binding: CPU user time: 0 seconds. CPU system time: 0 seconds. Elapsed time: 0.148 seconds; current allocated memory: 236.934 MB.
INFO: [HLS 200-10] ----------------------------------------------------------------
INFO: [HLS 200-42] -- Implementing module 'filter_kernel' 
INFO: [HLS 200-10] ----------------------------------------------------------------
INFO: [SCHED 204-11] Starting scheduling ...
INFO: [SCHED 204-11] Finished scheduling.
INFO: [HLS 200-111] Finished Scheduling: CPU user time: 0 seconds. CPU system time: 0 seconds. Elapsed time: 0.193 seconds; current allocated memory: 237.645 MB.
INFO: [BIND 205-100] Starting micro-architecture generation ...
INFO: [BIND 205-101] Performing variable lifetime analysis.
INFO: [BIND 205-101] Exploring resource sharing.
INFO: [BIND 205-101] Binding ...
INFO: [BIND 205-100] Finished micro-architecture generation.
INFO: [HLS 200-111] Finished Binding: CPU user time: 0 seconds. CPU system time: 0 seconds. Elapsed time: 0.084 seconds; current allocated memory: 237.992 MB.
INFO: [HLS 200-10] ----------------------------------------------------------------
INFO: [HLS 200-10] -- Generating RTL for module 'filter_kernel_Pipeline_VITIS_LOOP_117_2' 
INFO: [HLS 200-10] ----------------------------------------------------------------
INFO: [RTGEN 206-100] Finished creating RTL model for 'filter_kernel_Pipeline_VITIS_LOOP_117_2'.
INFO: [HLS 200-111] Finished Creating RTL model: CPU user time: 0 seconds. CPU system time: 0 seconds. Elapsed time: 0.096 seconds; current allocated memory: 239.547 MB.
INFO: [HLS 200-10] ----------------------------------------------------------------
INFO: [HLS 200-10] -- Generating RTL for module 'filter_kernel_Pipeline_VITIS_LOOP_117_21' 
INFO: [HLS 200-10] ----------------------------------------------------------------
INFO: [RTGEN 206-100] Finished creating RTL model for 'filter_kernel_Pipeline_VITIS_LOOP_117_21'.
INFO: [HLS 200-111] Finished Creating RTL model: CPU user time: 0 seconds. CPU system time: 0 seconds. Elapsed time: 0.112 seconds; current allocated memory: 240.844 MB.
INFO: [HLS 200-10] ----------------------------------------------------------------
INFO: [HLS 200-10] -- Generating RTL for module 'filter_kernel_Pipeline_VITIS_LOOP_117_22' 
INFO: [HLS 200-10] ----------------------------------------------------------------
INFO: [RTGEN 206-100] Finished creating RTL model for 'filter_kernel_Pipeline_VITIS_LOOP_117_22'.
INFO: [HLS 200-111] Finished Creating RTL model: CPU user time: 0 seconds. CPU system time: 0 seconds. Elapsed time: 0.102 seconds; current allocated memory: 241.582 MB.
INFO: [HLS 200-10] ----------------------------------------------------------------
INFO: [HLS 200-10] -- Generating RTL for module 'filter_kernel_Pipeline_VITIS_LOOP_137_8' 
INFO: [HLS 200-10] ----------------------------------------------------------------
INFO: [HLS 200-1030] Apply Unified Pipeline Control on module 'filter_kernel_Pipeline_VITIS_LOOP_137_8' pipeline 'VITIS_LOOP_137_8' pipeline type 'loop pipeline'
INFO: [RTGEN 206-104] Estimated max fanout for 'filter_kernel_Pipeline_VITIS_LOOP_137_8' is 7557 from HDL expression: (1'b0 == ap_block_pp0_stage0_11001_grp1)
INFO: [RTGEN 206-100] Generating core module 'fadd_32ns_32ns_32_5_full_dsp_1': 27 instance(s).
INFO: [RTGEN 206-100] Generating core module 'fcmp_32ns_32ns_1_2_no_dsp_1': 6 instance(s).
INFO: [RTGEN 206-100] Generating core module 'fmul_32ns_32ns_32_4_max_dsp_1': 27 instance(s).
INFO: [RTGEN 206-100] Generating core module 'sparsemux_7_2_8_1_1': 24 instance(s).
INFO: [RTGEN 206-100] Generating core module 'sparsemux_9_3_8_1_1': 3 instance(s).
INFO: [RTGEN 206-100] Generating core module 'uitofp_32ns_32_6_no_dsp_1': 27 instance(s).
INFO: [RTGEN 206-100] Finished creating RTL model for 'filter_kernel_Pipeline_VITIS_LOOP_137_8'.
INFO: [HLS 200-111] Finished Creating RTL model: CPU user time: 1 seconds. CPU system time: 0 seconds. Elapsed time: 1.353 seconds; current allocated memory: 252.938 MB.
INFO: [HLS 200-10] ----------------------------------------------------------------
INFO: [HLS 200-10] -- Generating RTL for module 'filter_kernel' 
INFO: [HLS 200-10] ----------------------------------------------------------------
WARNING: [RTGEN 206-101] Design contains AXI ports. Reset is fixed to synchronous and active low.
INFO: [RTGEN 206-500] Setting interface mode on port 'filter_kernel/width' to 's_axilite & ap_none' (register).
INFO: [RTGEN 206-500] Setting interface mode on port 'filter_kernel/height' to 's_axilite & ap_none' (register).
INFO: [RTGEN 206-500] Setting interface mode on port 'filter_kernel/kernel' to 's_axilite & ap_memory'.
INFO: [RTGEN 206-500] Setting interface mode on port 'filter_kernel/input_stream_V_data_V' to 'axis' (register, both mode).
INFO: [RTGEN 206-500] Setting interface mode on port 'filter_kernel/input_stream_V_keep_V' to 'axis' (register, both mode).
INFO: [RTGEN 206-500] Setting interface mode on port 'filter_kernel/input_stream_V_strb_V' to 'axis' (register, both mode).
INFO: [RTGEN 206-500] Setting interface mode on port 'filter_kernel/input_stream_V_last_V' to 'axis' (register, both mode).
INFO: [RTGEN 206-500] Setting interface mode on port 'filter_kernel/output_stream_V_data_V' to 'axis' (register, both mode).
INFO: [RTGEN 206-500] Setting interface mode on port 'filter_kernel/output_stream_V_keep_V' to 'axis' (register, both mode).
INFO: [RTGEN 206-500] Setting interface mode on port 'filter_kernel/output_stream_V_strb_V' to 'axis' (register, both mode).
INFO: [RTGEN 206-500] Setting interface mode on port 'filter_kernel/output_stream_V_last_V' to 'axis' (register, both mode).
INFO: [RTGEN 206-500] Setting interface mode on function 'filter_kernel' to 's_axilite & ap_ctrl_hs'.
INFO: [RTGEN 206-100] Bundling port 'width', 'height', 'kernel' and 'return' to AXI-Lite port control.
INFO: [RTGEN 206-100] Generating core module 'urem_31ns_3ns_2_35_seq_1': 1 instance(s).
INFO: [RTGEN 206-100] Generating core module 'urem_32ns_3ns_2_36_seq_1': 1 instance(s).
INFO: [RTGEN 206-100] Finished creating RTL model for 'filter_kernel'.
INFO: [HLS 200-2167] Implementing memory 'filter_kernel_line_buffer_RAM_1WNR_AUTO_1R1W' using auto RAMs with 3 copies to ensure enough ports to satisfy II or latency constraints.
INFO: [HLS 200-111] Finished Creating RTL model: CPU user time: 0 seconds. CPU system time: 0 seconds. Elapsed time: 0.861 seconds; current allocated memory: 262.391 MB.
INFO: [HLS 200-111] Finished Generating all RTL models: CPU user time: 0 seconds. CPU system time: 0 seconds. Elapsed time: 0.851 seconds; current allocated memory: 267.332 MB.
INFO: [HLS 200-111] Finished Updating report files: CPU user time: 0 seconds. CPU system time: 0 seconds. Elapsed time: 0.844 seconds; current allocated memory: 275.391 MB.
INFO: [VHDL 208-304] Generating VHDL RTL for filter_kernel.
INFO: [VLOG 209-307] Generating Verilog RTL for filter_kernel.
INFO: [HLS 200-790] **** Loop Constraint Status: All loop constraints were satisfied.
INFO: [HLS 200-789] **** Estimated Fmax: 137.82 MHz
INFO: [HLS 200-112] Total CPU user time: 2 seconds. Total CPU system time: 1 seconds. Total elapsed time: 27.914 seconds; peak allocated memory: 275.633 MB.
INFO: [v++ 60-791] Total elapsed time: 0h 0m 32s
